MPLINK 4.33, Linker
Linker Map File - Created Mon Sep 07 09:09:11 2009

                                 Section Info
                  Section       Type    Address   Location Size(Bytes)
                ---------  ---------  ---------  ---------  ---------
               _entry_scn       code   0x000000    program   0x000006
                   .cinit    romdata   0x000006    program   0x000002
             .code_main.o       code   0x000008    program   0x0004a2
               _cinit_scn       code   0x0004aa    program   0x00009e
         .code_i2c_writ.o       code   0x000548    program   0x000072
                     PROG       code   0x0005ba    program   0x00005a
         .code_i2c_open.o       code   0x000614    program   0x000036
             D10KTCYXCODE       code   0x00064a    program   0x00002e
             _startup_scn       code   0x000678    program   0x00001c
         .code_i2c_read.o       code   0x000694    program   0x00001a
         .code_i2c_idle.o       code   0x0006ae    program   0x00000e
                    .code       code   0x0006bc    program   0x00000e
           .code___init.o       code   0x0006ca    program   0x000002
         .idata_c018i.o_i    romdata   0x0006cc    program   0x000000
        .romdata___init.o    romdata   0x0006cc    program   0x000000
        .idata___init.o_i    romdata   0x0006cc    program   0x000000
         .romdata_c018i.o    romdata   0x0006cc    program   0x000000
      .romdata_i2c_writ.o    romdata   0x0006cc    program   0x000000
      .idata_i2c_writ.o_i    romdata   0x0006cc    program   0x000000
            .code_c018i.o       code   0x0006cc    program   0x000000
      .romdata_i2c_read.o    romdata   0x0006cc    program   0x000000
      .idata_i2c_read.o_i    romdata   0x0006cc    program   0x000000
          .idata_main.o_i    romdata   0x0006cc    program   0x000000
      .romdata_i2c_open.o    romdata   0x0006cc    program   0x000000
      .idata_i2c_open.o_i    romdata   0x0006cc    program   0x000000
          .romdata_main.o    romdata   0x0006cc    program   0x000000
      .romdata_i2c_idle.o    romdata   0x0006cc    program   0x000000
      .idata_i2c_idle.o_i    romdata   0x0006cc    program   0x000000
                MATH_DATA      udata   0x000000       data   0x000014
                 .tmpdata      udata   0x000014       data   0x000004
                DELAYDAT2      udata   0x000018       data   0x000001
                DELAYDAT1      udata   0x000019       data   0x000001
           .udata_c018i.o      udata   0x000060       data   0x00000a
        .udata_i2c_idle.o      udata   0x00006a       data   0x000000
        .idata_i2c_idle.o      idata   0x00006a       data   0x000000
        .udata_i2c_open.o      udata   0x00006a       data   0x000000
        .idata_i2c_open.o      idata   0x00006a       data   0x000000
        .udata_i2c_read.o      udata   0x00006a       data   0x000000
        .idata_i2c_read.o      idata   0x00006a       data   0x000000
        .udata_i2c_writ.o      udata   0x00006a       data   0x000000
        .idata_i2c_writ.o      idata   0x00006a       data   0x000000
          .udata___init.o      udata   0x00006a       data   0x000000
          .idata___init.o      idata   0x00006a       data   0x000000
            .idata_main.o      idata   0x00006a       data   0x000000
            .udata_main.o      udata   0x00006a       data   0x000000
           .idata_c018i.o      idata   0x00006a       data   0x000000
                   .stack      udata   0x000c00       data   0x000100
              SFR_BANKED0      udata   0x000d60       data   0x00000c
              SFR_BANKED1      udata   0x000d70       data   0x00000c
              SFR_BANKED2      udata   0x000d80       data   0x00000c
              SFR_BANKED3      udata   0x000d90       data   0x000004
              SFR_BANKED4      udata   0x000dd4       data   0x000002
              SFR_BANKED5      udata   0x000dd8       data   0x000001
              SFR_BANKED6      udata   0x000de0       data   0x000008
              SFR_BANKED7      udata   0x000df0       data   0x000004
              SFR_BANKED8      udata   0x000df8       data   0x000001
              SFR_BANKED9      udata   0x000dfa       data   0x000001
             SFR_BANKED10      udata   0x000dfc       data   0x000001
             SFR_BANKED11      udata   0x000e20       data   0x000060
             SFR_BANKED12      udata   0x000f00       data   0x000060
            SFR_UNBANKED0      udata   0x000f60       data   0x000018
            SFR_UNBANKED1      udata   0x000f80       data   0x000080



                              Program Memory Usage 
                               Start         End      
                           ---------   ---------      
                            0x000000    0x0006cb      
            1740 out of 66584 program addresses used, program memory utilization is 2%



                              Symbols - Sorted by Name
                     Name    Address   Location    Storage File                     
                ---------  ---------  ---------  --------- ---------                
                   D10K_1   0x000656    program     static C:\MCC18\src\traditional\delays\d10ktcyx.asm
                    D10Kl   0x000662    program     static C:\MCC18\src\traditional\delays\d10ktcyx.asm
                    D10Kx   0x000654    program     static C:\MCC18\src\traditional\delays\d10ktcyx.asm
             Delay10KTCYx   0x00064a    program     extern C:\MCC18\src\traditional\delays\d10ktcyx.asm
                 FXM1616S   0x0005ba    program     extern C:\MCC18\src\traditional\math\fxm1616s.asm
                  IdleI2C   0x0006ae    program     extern C:\MCC18\src\pmc_common\i2c\i2c_idle.c
                  OpenI2C   0x000614    program     extern C:\MCC18\src\pmc_common\i2c\i2c_open.c
                  ReadI2C   0x000694    program     extern C:\MCC18\src\pmc_common\i2c\i2c_read.c
               TSIGN1616A   0x000606    program     static C:\MCC18\src\traditional\math\fxm1616s.asm
                 WriteI2C   0x000548    program     extern C:\MCC18\src\pmc_common\i2c\i2c_writ.c
       _D10KTCYXCODE_0010   0x00065a    program     static C:\MCC18\src\traditional\delays\d10ktcyx.asm
       _D10KTCYXCODE_001C   0x000666    program     static C:\MCC18\src\traditional\delays\d10ktcyx.asm
       ___return_lbl00000   0x000004    program     static                          
       ___return_lbl00001   0x000692    program     static                          
       ___return_lbl00002   0x000546    program     static                          
                   __init   0x0006ca    program     extern C:\MCC18\src\traditional\stdclib\__init.c
            __zero_memory   0x0006bc    program     extern C:\MCC18\src\traditional\proc\p18F2680.asm
                _do_cinit   0x0004aa    program     extern C:\MCC18\src\traditional\startup\c018i.c
                   _entry   0x000000    program     extern C:\MCC18\src\traditional\startup\c018i.c
                 _startup   0x000678    program     extern C:\MCC18\src\traditional\startup\c018i.c
               clear_loop   0x0006c2    program     static C:\MCC18\src\traditional\proc\p18F2680.asm
    configStartTempSensor   0x000018    program     extern C:\ECE_Xilinx_Files\Fall_2009\PIC_stuff\Board_Test_I2CTemp\main.c
                copy_loop   0x00051c    program     static                          
            copy_one_byte   0x000522    program     static                          
                     done   0x000546    program     static                          
             done_copying   0x000530    program     static                          
                     loop   0x000688    program     static                          
                     main   0x00025c    program     extern C:\ECE_Xilinx_Files\Fall_2009\PIC_stuff\Board_Test_I2CTemp\main.c
           readTempSensor   0x0000c2    program     extern C:\ECE_Xilinx_Files\Fall_2009\PIC_stuff\Board_Test_I2CTemp\main.c
     setTempSensorAddress   0x000008    program     extern C:\ECE_Xilinx_Files\Fall_2009\PIC_stuff\Board_Test_I2CTemp\main.c
           stopTempSensor   0x00008a    program     extern C:\ECE_Xilinx_Files\Fall_2009\PIC_stuff\Board_Test_I2CTemp\main.c
                     test   0x0004c4    program     static                          
                   ADCON0   0x000fc2       data     extern C:\MCC18\src\traditional\proc\p18F2680.asm
               ADCON0bits   0x000fc2       data     extern C:\MCC18\src\traditional\proc\p18F2680.asm
                   ADCON1   0x000fc1       data     extern C:\MCC18\src\traditional\proc\p18F2680.asm
               ADCON1bits   0x000fc1       data     extern C:\MCC18\src\traditional\proc\p18F2680.asm
                   ADCON2   0x000fc0       data     extern C:\MCC18\src\traditional\proc\p18F2680.asm
               ADCON2bits   0x000fc0       data     extern C:\MCC18\src\traditional\proc\p18F2680.asm
                    ADRES   0x000fc3       data     extern C:\MCC18\src\traditional\proc\p18F2680.asm
                   ADRESH   0x000fc4       data     extern C:\MCC18\src\traditional\proc\p18F2680.asm
                   ADRESL   0x000fc3       data     extern C:\MCC18\src\traditional\proc\p18F2680.asm
                    B0CON   0x000e20       data     extern C:\MCC18\src\traditional\proc\p18F2680.asm
                B0CONbits   0x000e20       data     extern C:\MCC18\src\traditional\proc\p18F2680.asm
                     B0D0   0x000e26       data     extern C:\MCC18\src\traditional\proc\p18F2680.asm
                 B0D0bits   0x000e26       data     extern C:\MCC18\src\traditional\proc\p18F2680.asm
                     B0D1   0x000e27       data     extern C:\MCC18\src\traditional\proc\p18F2680.asm
                 B0D1bits   0x000e27       data     extern C:\MCC18\src\traditional\proc\p18F2680.asm
                     B0D2   0x000e28       data     extern C:\MCC18\src\traditional\proc\p18F2680.asm
                 B0D2bits   0x000e28       data     extern C:\MCC18\src\traditional\proc\p18F2680.asm
                     B0D3   0x000e29       data     extern C:\MCC18\src\traditional\proc\p18F2680.asm
                 B0D3bits   0x000e29       data     extern C:\MCC18\src\traditional\proc\p18F2680.asm
                     B0D4   0x000e2a       data     extern C:\MCC18\src\traditional\proc\p18F2680.asm
                 B0D4bits   0x000e2a       data     extern C:\MCC18\src\traditional\proc\p18F2680.asm
                     B0D5   0x000e2b       data     extern C:\MCC18\src\traditional\proc\p18F2680.asm
                 B0D5bits   0x000e2b       data     extern C:\MCC18\src\traditional\proc\p18F2680.asm
                     B0D6   0x000e2c       data     extern C:\MCC18\src\traditional\proc\p18F2680.asm
                 B0D6bits   0x000e2c       data     extern C:\MCC18\src\traditional\proc\p18F2680.asm
                     B0D7   0x000e2d       data     extern C:\MCC18\src\traditional\proc\p18F2680.asm
                 B0D7bits   0x000e2d       data     extern C:\MCC18\src\traditional\proc\p18F2680.asm
                    B0DLC   0x000e25       data     extern C:\MCC18\src\traditional\proc\p18F2680.asm
                B0DLCbits   0x000e25       data     extern C:\MCC18\src\traditional\proc\p18F2680.asm
                   B0EIDH   0x000e23       data     extern C:\MCC18\src\traditional\proc\p18F2680.asm
               B0EIDHbits   0x000e23       data     extern C:\MCC18\src\traditional\proc\p18F2680.asm
                   B0EIDL   0x000e24       data     extern C:\MCC18\src\traditional\proc\p18F2680.asm
               B0EIDLbits   0x000e24       data     extern C:\MCC18\src\traditional\proc\p18F2680.asm
                   B0SIDH   0x000e21       data     extern C:\MCC18\src\traditional\proc\p18F2680.asm
               B0SIDHbits   0x000e21       data     extern C:\MCC18\src\traditional\proc\p18F2680.asm
                   B0SIDL   0x000e22       data     extern C:\MCC18\src\traditional\proc\p18F2680.asm
               B0SIDLbits   0x000e22       data     extern C:\MCC18\src\traditional\proc\p18F2680.asm
                    B1CON   0x000e30       data     extern C:\MCC18\src\traditional\proc\p18F2680.asm
                B1CONbits   0x000e30       data     extern C:\MCC18\src\traditional\proc\p18F2680.asm
                     B1D0   0x000e36       data     extern C:\MCC18\src\traditional\proc\p18F2680.asm
                 B1D0bits   0x000e36       data     extern C:\MCC18\src\traditional\proc\p18F2680.asm
                     B1D1   0x000e37       data     extern C:\MCC18\src\traditional\proc\p18F2680.asm
                 B1D1bits   0x000e37       data     extern C:\MCC18\src\traditional\proc\p18F2680.asm
                     B1D2   0x000e38       data     extern C:\MCC18\src\traditional\proc\p18F2680.asm
                 B1D2bits   0x000e38       data     extern C:\MCC18\src\traditional\proc\p18F2680.asm
                     B1D3   0x000e39       data     extern C:\MCC18\src\traditional\proc\p18F2680.asm
                 B1D3bits   0x000e39       data     extern C:\MCC18\src\traditional\proc\p18F2680.asm
                     B1D4   0x000e3a       data     extern C:\MCC18\src\traditional\proc\p18F2680.asm
                 B1D4bits   0x000e3a       data     extern C:\MCC18\src\traditional\proc\p18F2680.asm
                     B1D5   0x000e3b       data     extern C:\MCC18\src\traditional\proc\p18F2680.asm
                 B1D5bits   0x000e3b       data     extern C:\MCC18\src\traditional\proc\p18F2680.asm
                     B1D6   0x000e3c       data     extern C:\MCC18\src\traditional\proc\p18F2680.asm
                 B1D6bits   0x000e3c       data     extern C:\MCC18\src\traditional\proc\p18F2680.asm
                     B1D7   0x000e3d       data     extern C:\MCC18\src\traditional\proc\p18F2680.asm
                 B1D7bits   0x000e3d       data     extern C:\MCC18\src\traditional\proc\p18F2680.asm
                    B1DLC   0x000e35       data     extern C:\MCC18\src\traditional\proc\p18F2680.asm
                B1DLCbits   0x000e35       data     extern C:\MCC18\src\traditional\proc\p18F2680.asm
                   B1EIDH   0x000e33       data     extern C:\MCC18\src\traditional\proc\p18F2680.asm
               B1EIDHbits   0x000e33       data     extern C:\MCC18\src\traditional\proc\p18F2680.asm
                   B1EIDL   0x000e34       data     extern C:\MCC18\src\traditional\proc\p18F2680.asm
               B1EIDLbits   0x000e34       data     extern C:\MCC18\src\traditional\proc\p18F2680.asm
                   B1SIDH   0x000e31       data     extern C:\MCC18\src\traditional\proc\p18F2680.asm
               B1SIDHbits   0x000e31       data     extern C:\MCC18\src\traditional\proc\p18F2680.asm
                   B1SIDL   0x000e32       data     extern C:\MCC18\src\traditional\proc\p18F2680.asm
               B1SIDLbits   0x000e32       data     extern C:\MCC18\src\traditional\proc\p18F2680.asm
                    B2CON   0x000e40       data     extern C:\MCC18\src\traditional\proc\p18F2680.asm
                B2CONbits   0x000e40       data     extern C:\MCC18\src\traditional\proc\p18F2680.asm
                     B2D0   0x000e46       data     extern C:\MCC18\src\traditional\proc\p18F2680.asm
                 B2D0bits   0x000e46       data     extern C:\MCC18\src\traditional\proc\p18F2680.asm
                     B2D1   0x000e47       data     extern C:\MCC18\src\traditional\proc\p18F2680.asm
                 B2D1bits   0x000e47       data     extern C:\MCC18\src\traditional\proc\p18F2680.asm
                     B2D2   0x000e48       data     extern C:\MCC18\src\traditional\proc\p18F2680.asm
                 B2D2bits   0x000e48       data     extern C:\MCC18\src\traditional\proc\p18F2680.asm
                     B2D3   0x000e49       data     extern C:\MCC18\src\traditional\proc\p18F2680.asm
                 B2D3bits   0x000e49       data     extern C:\MCC18\src\traditional\proc\p18F2680.asm
                     B2D4   0x000e4a       data     extern C:\MCC18\src\traditional\proc\p18F2680.asm
                 B2D4bits   0x000e4a       data     extern C:\MCC18\src\traditional\proc\p18F2680.asm
                     B2D5   0x000e4b       data     extern C:\MCC18\src\traditional\proc\p18F2680.asm
                 B2D5bits   0x000e4b       data     extern C:\MCC18\src\traditional\proc\p18F2680.asm
                     B2D6   0x000e4c       data     extern C:\MCC18\src\traditional\proc\p18F2680.asm
                 B2D6bits   0x000e4c       data     extern C:\MCC18\src\traditional\proc\p18F2680.asm
                     B2D7   0x000e4d       data     extern C:\MCC18\src\traditional\proc\p18F2680.asm
                 B2D7bits   0x000e4d       data     extern C:\MCC18\src\traditional\proc\p18F2680.asm
                    B2DLC   0x000e45       data     extern C:\MCC18\src\traditional\proc\p18F2680.asm
                B2DLCbits   0x000e45       data     extern C:\MCC18\src\traditional\proc\p18F2680.asm
                   B2EIDH   0x000e43       data     extern C:\MCC18\src\traditional\proc\p18F2680.asm
               B2EIDHbits   0x000e43       data     extern C:\MCC18\src\traditional\proc\p18F2680.asm
                   B2EIDL   0x000e44       data     extern C:\MCC18\src\traditional\proc\p18F2680.asm
               B2EIDLbits   0x000e44       data     extern C:\MCC18\src\traditional\proc\p18F2680.asm
                   B2SIDH   0x000e41       data     extern C:\MCC18\src\traditional\proc\p18F2680.asm
               B2SIDHbits   0x000e41       data     extern C:\MCC18\src\traditional\proc\p18F2680.asm
                   B2SIDL   0x000e42       data     extern C:\MCC18\src\traditional\proc\p18F2680.asm
               B2SIDLbits   0x000e42       data     extern C:\MCC18\src\traditional\proc\p18F2680.asm
                    B3CON   0x000e50       data     extern C:\MCC18\src\traditional\proc\p18F2680.asm
                B3CONbits   0x000e50       data     extern C:\MCC18\src\traditional\proc\p18F2680.asm
                     B3D0   0x000e56       data     extern C:\MCC18\src\traditional\proc\p18F2680.asm
                 B3D0bits   0x000e56       data     extern C:\MCC18\src\traditional\proc\p18F2680.asm
                     B3D1   0x000e57       data     extern C:\MCC18\src\traditional\proc\p18F2680.asm
                 B3D1bits   0x000e57       data     extern C:\MCC18\src\traditional\proc\p18F2680.asm
                     B3D2   0x000e58       data     extern C:\MCC18\src\traditional\proc\p18F2680.asm
                 B3D2bits   0x000e58       data     extern C:\MCC18\src\traditional\proc\p18F2680.asm
                     B3D3   0x000e59       data     extern C:\MCC18\src\traditional\proc\p18F2680.asm
                 B3D3bits   0x000e59       data     extern C:\MCC18\src\traditional\proc\p18F2680.asm
                     B3D4   0x000e5a       data     extern C:\MCC18\src\traditional\proc\p18F2680.asm
                 B3D4bits   0x000e5a       data     extern C:\MCC18\src\traditional\proc\p18F2680.asm
                     B3D5   0x000e5b       data     extern C:\MCC18\src\traditional\proc\p18F2680.asm
                 B3D5bits   0x000e5b       data     extern C:\MCC18\src\traditional\proc\p18F2680.asm
                     B3D6   0x000e5c       data     extern C:\MCC18\src\traditional\proc\p18F2680.asm
                 B3D6bits   0x000e5c       data     extern C:\MCC18\src\traditional\proc\p18F2680.asm
                     B3D7   0x000e5d       data     extern C:\MCC18\src\traditional\proc\p18F2680.asm
                 B3D7bits   0x000e5d       data     extern C:\MCC18\src\traditional\proc\p18F2680.asm
                    B3DLC   0x000e55       data     extern C:\MCC18\src\traditional\proc\p18F2680.asm
                B3DLCbits   0x000e55       data     extern C:\MCC18\src\traditional\proc\p18F2680.asm
                   B3EIDH   0x000e53       data     extern C:\MCC18\src\traditional\proc\p18F2680.asm
               B3EIDHbits   0x000e53       data     extern C:\MCC18\src\traditional\proc\p18F2680.asm
                   B3EIDL   0x000e54       data     extern C:\MCC18\src\traditional\proc\p18F2680.asm
               B3EIDLbits   0x000e54       data     extern C:\MCC18\src\traditional\proc\p18F2680.asm
                   B3SIDH   0x000e51       data     extern C:\MCC18\src\traditional\proc\p18F2680.asm
               B3SIDHbits   0x000e51       data     extern C:\MCC18\src\traditional\proc\p18F2680.asm
                   B3SIDL   0x000e52       data     extern C:\MCC18\src\traditional\proc\p18F2680.asm
               B3SIDLbits   0x000e52       data     extern C:\MCC18\src\traditional\proc\p18F2680.asm
                    B4CON   0x000e60       data     extern C:\MCC18\src\traditional\proc\p18F2680.asm
                B4CONbits   0x000e60       data     extern C:\MCC18\src\traditional\proc\p18F2680.asm
                     B4D0   0x000e66       data     extern C:\MCC18\src\traditional\proc\p18F2680.asm
                 B4D0bits   0x000e66       data     extern C:\MCC18\src\traditional\proc\p18F2680.asm
                     B4D1   0x000e67       data     extern C:\MCC18\src\traditional\proc\p18F2680.asm
                 B4D1bits   0x000e67       data     extern C:\MCC18\src\traditional\proc\p18F2680.asm
                     B4D2   0x000e68       data     extern C:\MCC18\src\traditional\proc\p18F2680.asm
                 B4D2bits   0x000e68       data     extern C:\MCC18\src\traditional\proc\p18F2680.asm
                     B4D3   0x000e69       data     extern C:\MCC18\src\traditional\proc\p18F2680.asm
                 B4D3bits   0x000e69       data     extern C:\MCC18\src\traditional\proc\p18F2680.asm
                     B4D4   0x000e6a       data     extern C:\MCC18\src\traditional\proc\p18F2680.asm
                 B4D4bits   0x000e6a       data     extern C:\MCC18\src\traditional\proc\p18F2680.asm
                     B4D5   0x000e6b       data     extern C:\MCC18\src\traditional\proc\p18F2680.asm
                 B4D5bits   0x000e6b       data     extern C:\MCC18\src\traditional\proc\p18F2680.asm
                     B4D6   0x000e6c       data     extern C:\MCC18\src\traditional\proc\p18F2680.asm
                 B4D6bits   0x000e6c       data     extern C:\MCC18\src\traditional\proc\p18F2680.asm
                     B4D7   0x000e6d       data     extern C:\MCC18\src\traditional\proc\p18F2680.asm
                 B4D7bits   0x000e6d       data     extern C:\MCC18\src\traditional\proc\p18F2680.asm
                    B4DLC   0x000e65       data     extern C:\MCC18\src\traditional\proc\p18F2680.asm
                B4DLCbits   0x000e65       data     extern C:\MCC18\src\traditional\proc\p18F2680.asm
                   B4EIDH   0x000e63       data     extern C:\MCC18\src\traditional\proc\p18F2680.asm
               B4EIDHbits   0x000e63       data     extern C:\MCC18\src\traditional\proc\p18F2680.asm
                   B4EIDL   0x000e64       data     extern C:\MCC18\src\traditional\proc\p18F2680.asm
               B4EIDLbits   0x000e64       data     extern C:\MCC18\src\traditional\proc\p18F2680.asm
                   B4SIDH   0x000e61       data     extern C:\MCC18\src\traditional\proc\p18F2680.asm
               B4SIDHbits   0x000e61       data     extern C:\MCC18\src\traditional\proc\p18F2680.asm
                   B4SIDL   0x000e62       data     extern C:\MCC18\src\traditional\proc\p18F2680.asm
               B4SIDLbits   0x000e62       data     extern C:\MCC18\src\traditional\proc\p18F2680.asm
                    B5CON   0x000e70       data     extern C:\MCC18\src\traditional\proc\p18F2680.asm
                B5CONbits   0x000e70       data     extern C:\MCC18\src\traditional\proc\p18F2680.asm
                     B5D0   0x000e76       data     extern C:\MCC18\src\traditional\proc\p18F2680.asm
                 B5D0bits   0x000e76       data     extern C:\MCC18\src\traditional\proc\p18F2680.asm
                     B5D1   0x000e77       data     extern C:\MCC18\src\traditional\proc\p18F2680.asm
                 B5D1bits   0x000e77       data     extern C:\MCC18\src\traditional\proc\p18F2680.asm
                     B5D2   0x000e78       data     extern C:\MCC18\src\traditional\proc\p18F2680.asm
                 B5D2bits   0x000e78       data     extern C:\MCC18\src\traditional\proc\p18F2680.asm
                     B5D3   0x000e79       data     extern C:\MCC18\src\traditional\proc\p18F2680.asm
                 B5D3bits   0x000e79       data     extern C:\MCC18\src\traditional\proc\p18F2680.asm
                     B5D4   0x000e7a       data     extern C:\MCC18\src\traditional\proc\p18F2680.asm
                 B5D4bits   0x000e7a       data     extern C:\MCC18\src\traditional\proc\p18F2680.asm
                     B5D5   0x000e7b       data     extern C:\MCC18\src\traditional\proc\p18F2680.asm
                 B5D5bits   0x000e7b       data     extern C:\MCC18\src\traditional\proc\p18F2680.asm
                     B5D6   0x000e7c       data     extern C:\MCC18\src\traditional\proc\p18F2680.asm
                 B5D6bits   0x000e7c       data     extern C:\MCC18\src\traditional\proc\p18F2680.asm
                     B5D7   0x000e7d       data     extern C:\MCC18\src\traditional\proc\p18F2680.asm
                 B5D7bits   0x000e7d       data     extern C:\MCC18\src\traditional\proc\p18F2680.asm
                    B5DLC   0x000e75       data     extern C:\MCC18\src\traditional\proc\p18F2680.asm
                B5DLCbits   0x000e75       data     extern C:\MCC18\src\traditional\proc\p18F2680.asm
                   B5EIDH   0x000e73       data     extern C:\MCC18\src\traditional\proc\p18F2680.asm
               B5EIDHbits   0x000e73       data     extern C:\MCC18\src\traditional\proc\p18F2680.asm
                   B5EIDL   0x000e74       data     extern C:\MCC18\src\traditional\proc\p18F2680.asm
               B5EIDLbits   0x000e74       data     extern C:\MCC18\src\traditional\proc\p18F2680.asm
                   B5SIDH   0x000e71       data     extern C:\MCC18\src\traditional\proc\p18F2680.asm
               B5SIDHbits   0x000e71       data     extern C:\MCC18\src\traditional\proc\p18F2680.asm
                   B5SIDL   0x000e72       data     extern C:\MCC18\src\traditional\proc\p18F2680.asm
               B5SIDLbits   0x000e72       data     extern C:\MCC18\src\traditional\proc\p18F2680.asm
                  BAUDCON   0x000fb8       data     extern C:\MCC18\src\traditional\proc\p18F2680.asm
              BAUDCONbits   0x000fb8       data     extern C:\MCC18\src\traditional\proc\p18F2680.asm
                     BIE0   0x000dfa       data     extern C:\MCC18\src\traditional\proc\p18F2680.asm
                 BIE0bits   0x000dfa       data     extern C:\MCC18\src\traditional\proc\p18F2680.asm
                  BRGCON1   0x000f70       data     extern C:\MCC18\src\traditional\proc\p18F2680.asm
              BRGCON1bits   0x000f70       data     extern C:\MCC18\src\traditional\proc\p18F2680.asm
                  BRGCON2   0x000f71       data     extern C:\MCC18\src\traditional\proc\p18F2680.asm
              BRGCON2bits   0x000f71       data     extern C:\MCC18\src\traditional\proc\p18F2680.asm
                  BRGCON3   0x000f72       data     extern C:\MCC18\src\traditional\proc\p18F2680.asm
              BRGCON3bits   0x000f72       data     extern C:\MCC18\src\traditional\proc\p18F2680.asm
                    BSEL0   0x000df8       data     extern C:\MCC18\src\traditional\proc\p18F2680.asm
                BSEL0bits   0x000df8       data     extern C:\MCC18\src\traditional\proc\p18F2680.asm
                      BSR   0x000fe0       data     extern C:\MCC18\src\traditional\proc\p18F2680.asm
                   CANCON   0x000f6f       data     extern C:\MCC18\src\traditional\proc\p18F2680.asm
               CANCON_RO0   0x000f5f       data     extern C:\MCC18\src\traditional\proc\p18F2680.asm
           CANCON_RO0bits   0x000f5f       data     extern C:\MCC18\src\traditional\proc\p18F2680.asm
               CANCON_RO1   0x000f4f       data     extern C:\MCC18\src\traditional\proc\p18F2680.asm
           CANCON_RO1bits   0x000f4f       data     extern C:\MCC18\src\traditional\proc\p18F2680.asm
               CANCON_RO2   0x000f3f       data     extern C:\MCC18\src\traditional\proc\p18F2680.asm
           CANCON_RO2bits   0x000f3f       data     extern C:\MCC18\src\traditional\proc\p18F2680.asm
               CANCON_RO3   0x000f2f       data     extern C:\MCC18\src\traditional\proc\p18F2680.asm
           CANCON_RO3bits   0x000f2f       data     extern C:\MCC18\src\traditional\proc\p18F2680.asm
               CANCON_RO4   0x000e7f       data     extern C:\MCC18\src\traditional\proc\p18F2680.asm
           CANCON_RO4bits   0x000e7f       data     extern C:\MCC18\src\traditional\proc\p18F2680.asm
               CANCON_RO5   0x000e6f       data     extern C:\MCC18\src\traditional\proc\p18F2680.asm
           CANCON_RO5bits   0x000e6f       data     extern C:\MCC18\src\traditional\proc\p18F2680.asm
               CANCON_RO6   0x000e5f       data     extern C:\MCC18\src\traditional\proc\p18F2680.asm
           CANCON_RO6bits   0x000e5f       data     extern C:\MCC18\src\traditional\proc\p18F2680.asm
               CANCON_RO7   0x000e4f       data     extern C:\MCC18\src\traditional\proc\p18F2680.asm
           CANCON_RO7bits   0x000e4f       data     extern C:\MCC18\src\traditional\proc\p18F2680.asm
               CANCON_RO8   0x000e3f       data     extern C:\MCC18\src\traditional\proc\p18F2680.asm
           CANCON_RO8bits   0x000e3f       data     extern C:\MCC18\src\traditional\proc\p18F2680.asm
               CANCON_RO9   0x000e2f       data     extern C:\MCC18\src\traditional\proc\p18F2680.asm
           CANCON_RO9bits   0x000e2f       data     extern C:\MCC18\src\traditional\proc\p18F2680.asm
               CANCONbits   0x000f6f       data     extern C:\MCC18\src\traditional\proc\p18F2680.asm
                  CANSTAT   0x000f6e       data     extern C:\MCC18\src\traditional\proc\p18F2680.asm
              CANSTAT_RO0   0x000f5e       data     extern C:\MCC18\src\traditional\proc\p18F2680.asm
          CANSTAT_RO0bits   0x000f5e       data     extern C:\MCC18\src\traditional\proc\p18F2680.asm
              CANSTAT_RO1   0x000f4e       data     extern C:\MCC18\src\traditional\proc\p18F2680.asm
          CANSTAT_RO1bits   0x000f4e       data     extern C:\MCC18\src\traditional\proc\p18F2680.asm
              CANSTAT_RO2   0x000f3e       data     extern C:\MCC18\src\traditional\proc\p18F2680.asm
          CANSTAT_RO2bits   0x000f3e       data     extern C:\MCC18\src\traditional\proc\p18F2680.asm
              CANSTAT_RO3   0x000f2e       data     extern C:\MCC18\src\traditional\proc\p18F2680.asm
          CANSTAT_RO3bits   0x000f2e       data     extern C:\MCC18\src\traditional\proc\p18F2680.asm
              CANSTAT_RO4   0x000e7e       data     extern C:\MCC18\src\traditional\proc\p18F2680.asm
          CANSTAT_RO4bits   0x000e7e       data     extern C:\MCC18\src\traditional\proc\p18F2680.asm
              CANSTAT_RO5   0x000e6e       data     extern C:\MCC18\src\traditional\proc\p18F2680.asm
          CANSTAT_RO5bits   0x000e6e       data     extern C:\MCC18\src\traditional\proc\p18F2680.asm
              CANSTAT_RO6   0x000e5e       data     extern C:\MCC18\src\traditional\proc\p18F2680.asm
          CANSTAT_RO6bits   0x000e5e       data     extern C:\MCC18\src\traditional\proc\p18F2680.asm
              CANSTAT_RO7   0x000e4e       data     extern C:\MCC18\src\traditional\proc\p18F2680.asm
          CANSTAT_RO7bits   0x000e4e       data     extern C:\MCC18\src\traditional\proc\p18F2680.asm
              CANSTAT_RO8   0x000e3e       data     extern C:\MCC18\src\traditional\proc\p18F2680.asm
          CANSTAT_RO8bits   0x000e3e       data     extern C:\MCC18\src\traditional\proc\p18F2680.asm
              CANSTAT_RO9   0x000e2e       data     extern C:\MCC18\src\traditional\proc\p18F2680.asm
          CANSTAT_RO9bits   0x000e2e       data     extern C:\MCC18\src\traditional\proc\p18F2680.asm
              CANSTATbits   0x000f6e       data     extern C:\MCC18\src\traditional\proc\p18F2680.asm
                  CCP1CON   0x000fbd       data     extern C:\MCC18\src\traditional\proc\p18F2680.asm
              CCP1CONbits   0x000fbd       data     extern C:\MCC18\src\traditional\proc\p18F2680.asm
                    CCPR1   0x000fbe       data     extern C:\MCC18\src\traditional\proc\p18F2680.asm
                   CCPR1H   0x000fbf       data     extern C:\MCC18\src\traditional\proc\p18F2680.asm
                   CCPR1L   0x000fbe       data     extern C:\MCC18\src\traditional\proc\p18F2680.asm
                   CIOCON   0x000f73       data     extern C:\MCC18\src\traditional\proc\p18F2680.asm
               CIOCONbits   0x000f73       data     extern C:\MCC18\src\traditional\proc\p18F2680.asm
                  COMSTAT   0x000f74       data     extern C:\MCC18\src\traditional\proc\p18F2680.asm
              COMSTATbits   0x000f74       data     extern C:\MCC18\src\traditional\proc\p18F2680.asm
                     DDRA   0x000f92       data     extern C:\MCC18\src\traditional\proc\p18F2680.asm
                 DDRAbits   0x000f92       data     extern C:\MCC18\src\traditional\proc\p18F2680.asm
                     DDRB   0x000f93       data     extern C:\MCC18\src\traditional\proc\p18F2680.asm
                 DDRBbits   0x000f93       data     extern C:\MCC18\src\traditional\proc\p18F2680.asm
                     DDRC   0x000f94       data     extern C:\MCC18\src\traditional\proc\p18F2680.asm
                 DDRCbits   0x000f94       data     extern C:\MCC18\src\traditional\proc\p18F2680.asm
            DelayCounter1   0x000019       data     extern C:\MCC18\src\traditional\delays\delayd1.asm
            DelayCounter2   0x000018       data     extern C:\MCC18\src\traditional\delays\delayd2.asm
                  ECANCON   0x000f77       data     extern C:\MCC18\src\traditional\proc\p18F2680.asm
              ECANCONbits   0x000f77       data     extern C:\MCC18\src\traditional\proc\p18F2680.asm
                    EEADR   0x000fa9       data     extern C:\MCC18\src\traditional\proc\p18F2680.asm
                   EEADRH   0x000faa       data     extern C:\MCC18\src\traditional\proc\p18F2680.asm
                   EECON1   0x000fa6       data     extern C:\MCC18\src\traditional\proc\p18F2680.asm
               EECON1bits   0x000fa6       data     extern C:\MCC18\src\traditional\proc\p18F2680.asm
                   EECON2   0x000fa7       data     extern C:\MCC18\src\traditional\proc\p18F2680.asm
                   EEDATA   0x000fa8       data     extern C:\MCC18\src\traditional\proc\p18F2680.asm
                     FSR0   0x000fe9       data     extern C:\MCC18\src\traditional\proc\p18F2680.asm
                    FSR0H   0x000fea       data     extern C:\MCC18\src\traditional\proc\p18F2680.asm
                    FSR0L   0x000fe9       data     extern C:\MCC18\src\traditional\proc\p18F2680.asm
                     FSR1   0x000fe1       data     extern C:\MCC18\src\traditional\proc\p18F2680.asm
                    FSR1H   0x000fe2       data     extern C:\MCC18\src\traditional\proc\p18F2680.asm
                    FSR1L   0x000fe1       data     extern C:\MCC18\src\traditional\proc\p18F2680.asm
                     FSR2   0x000fd9       data     extern C:\MCC18\src\traditional\proc\p18F2680.asm
                    FSR2H   0x000fda       data     extern C:\MCC18\src\traditional\proc\p18F2680.asm
                    FSR2L   0x000fd9       data     extern C:\MCC18\src\traditional\proc\p18F2680.asm
                  HLVDCON   0x000fd2       data     extern C:\MCC18\src\traditional\proc\p18F2680.asm
              HLVDCONbits   0x000fd2       data     extern C:\MCC18\src\traditional\proc\p18F2680.asm
                    INDF0   0x000fef       data     extern C:\MCC18\src\traditional\proc\p18F2680.asm
                    INDF1   0x000fe7       data     extern C:\MCC18\src\traditional\proc\p18F2680.asm
                    INDF2   0x000fdf       data     extern C:\MCC18\src\traditional\proc\p18F2680.asm
                   INTCON   0x000ff2       data     extern C:\MCC18\src\traditional\proc\p18F2680.asm
                  INTCON2   0x000ff1       data     extern C:\MCC18\src\traditional\proc\p18F2680.asm
              INTCON2bits   0x000ff1       data     extern C:\MCC18\src\traditional\proc\p18F2680.asm
                  INTCON3   0x000ff0       data     extern C:\MCC18\src\traditional\proc\p18F2680.asm
              INTCON3bits   0x000ff0       data     extern C:\MCC18\src\traditional\proc\p18F2680.asm
               INTCONbits   0x000ff2       data     extern C:\MCC18\src\traditional\proc\p18F2680.asm
                     IPR1   0x000f9f       data     extern C:\MCC18\src\traditional\proc\p18F2680.asm
                 IPR1bits   0x000f9f       data     extern C:\MCC18\src\traditional\proc\p18F2680.asm
                     IPR2   0x000fa2       data     extern C:\MCC18\src\traditional\proc\p18F2680.asm
                 IPR2bits   0x000fa2       data     extern C:\MCC18\src\traditional\proc\p18F2680.asm
                     IPR3   0x000fa5       data     extern C:\MCC18\src\traditional\proc\p18F2680.asm
                 IPR3bits   0x000fa5       data     extern C:\MCC18\src\traditional\proc\p18F2680.asm
                     LATA   0x000f89       data     extern C:\MCC18\src\traditional\proc\p18F2680.asm
                 LATAbits   0x000f89       data     extern C:\MCC18\src\traditional\proc\p18F2680.asm
                     LATB   0x000f8a       data     extern C:\MCC18\src\traditional\proc\p18F2680.asm
                 LATBbits   0x000f8a       data     extern C:\MCC18\src\traditional\proc\p18F2680.asm
                     LATC   0x000f8b       data     extern C:\MCC18\src\traditional\proc\p18F2680.asm
                 LATCbits   0x000f8b       data     extern C:\MCC18\src\traditional\proc\p18F2680.asm
                   LVDCON   0x000fd2       data     extern C:\MCC18\src\traditional\proc\p18F2680.asm
               LVDCONbits   0x000fd2       data     extern C:\MCC18\src\traditional\proc\p18F2680.asm
                    MSEL0   0x000df0       data     extern C:\MCC18\src\traditional\proc\p18F2680.asm
                MSEL0bits   0x000df0       data     extern C:\MCC18\src\traditional\proc\p18F2680.asm
                    MSEL1   0x000df1       data     extern C:\MCC18\src\traditional\proc\p18F2680.asm
                MSEL1bits   0x000df1       data     extern C:\MCC18\src\traditional\proc\p18F2680.asm
                    MSEL2   0x000df2       data     extern C:\MCC18\src\traditional\proc\p18F2680.asm
                MSEL2bits   0x000df2       data     extern C:\MCC18\src\traditional\proc\p18F2680.asm
                    MSEL3   0x000df3       data     extern C:\MCC18\src\traditional\proc\p18F2680.asm
                MSEL3bits   0x000df3       data     extern C:\MCC18\src\traditional\proc\p18F2680.asm
                   OSCCON   0x000fd3       data     extern C:\MCC18\src\traditional\proc\p18F2680.asm
               OSCCONbits   0x000fd3       data     extern C:\MCC18\src\traditional\proc\p18F2680.asm
                  OSCTUNE   0x000f9b       data     extern C:\MCC18\src\traditional\proc\p18F2680.asm
              OSCTUNEbits   0x000f9b       data     extern C:\MCC18\src\traditional\proc\p18F2680.asm
                       PC   0x000ff9       data     extern C:\MCC18\src\traditional\proc\p18F2680.asm
                      PCL   0x000ff9       data     extern C:\MCC18\src\traditional\proc\p18F2680.asm
                   PCLATH   0x000ffa       data     extern C:\MCC18\src\traditional\proc\p18F2680.asm
                   PCLATU   0x000ffb       data     extern C:\MCC18\src\traditional\proc\p18F2680.asm
                     PIE1   0x000f9d       data     extern C:\MCC18\src\traditional\proc\p18F2680.asm
                 PIE1bits   0x000f9d       data     extern C:\MCC18\src\traditional\proc\p18F2680.asm
                     PIE2   0x000fa0       data     extern C:\MCC18\src\traditional\proc\p18F2680.asm
                 PIE2bits   0x000fa0       data     extern C:\MCC18\src\traditional\proc\p18F2680.asm
                     PIE3   0x000fa3       data     extern C:\MCC18\src\traditional\proc\p18F2680.asm
                 PIE3bits   0x000fa3       data     extern C:\MCC18\src\traditional\proc\p18F2680.asm
                     PIR1   0x000f9e       data     extern C:\MCC18\src\traditional\proc\p18F2680.asm
                 PIR1bits   0x000f9e       data     extern C:\MCC18\src\traditional\proc\p18F2680.asm
                     PIR2   0x000fa1       data     extern C:\MCC18\src\traditional\proc\p18F2680.asm
                 PIR2bits   0x000fa1       data     extern C:\MCC18\src\traditional\proc\p18F2680.asm
                     PIR3   0x000fa4       data     extern C:\MCC18\src\traditional\proc\p18F2680.asm
                 PIR3bits   0x000fa4       data     extern C:\MCC18\src\traditional\proc\p18F2680.asm
                   PLUSW0   0x000feb       data     extern C:\MCC18\src\traditional\proc\p18F2680.asm
                   PLUSW1   0x000fe3       data     extern C:\MCC18\src\traditional\proc\p18F2680.asm
                   PLUSW2   0x000fdb       data     extern C:\MCC18\src\traditional\proc\p18F2680.asm
                    PORTA   0x000f80       data     extern C:\MCC18\src\traditional\proc\p18F2680.asm
                PORTAbits   0x000f80       data     extern C:\MCC18\src\traditional\proc\p18F2680.asm
                    PORTB   0x000f81       data     extern C:\MCC18\src\traditional\proc\p18F2680.asm
                PORTBbits   0x000f81       data     extern C:\MCC18\src\traditional\proc\p18F2680.asm
                    PORTC   0x000f82       data     extern C:\MCC18\src\traditional\proc\p18F2680.asm
                PORTCbits   0x000f82       data     extern C:\MCC18\src\traditional\proc\p18F2680.asm
                    PORTE   0x000f84       data     extern C:\MCC18\src\traditional\proc\p18F2680.asm
                PORTEbits   0x000f84       data     extern C:\MCC18\src\traditional\proc\p18F2680.asm
                 POSTDEC0   0x000fed       data     extern C:\MCC18\src\traditional\proc\p18F2680.asm
                 POSTDEC1   0x000fe5       data     extern C:\MCC18\src\traditional\proc\p18F2680.asm
                 POSTDEC2   0x000fdd       data     extern C:\MCC18\src\traditional\proc\p18F2680.asm
                 POSTINC0   0x000fee       data     extern C:\MCC18\src\traditional\proc\p18F2680.asm
                 POSTINC1   0x000fe6       data     extern C:\MCC18\src\traditional\proc\p18F2680.asm
                 POSTINC2   0x000fde       data     extern C:\MCC18\src\traditional\proc\p18F2680.asm
                      PR2   0x000fcb       data     extern C:\MCC18\src\traditional\proc\p18F2680.asm
                  PREINC0   0x000fec       data     extern C:\MCC18\src\traditional\proc\p18F2680.asm
                  PREINC1   0x000fe4       data     extern C:\MCC18\src\traditional\proc\p18F2680.asm
                  PREINC2   0x000fdc       data     extern C:\MCC18\src\traditional\proc\p18F2680.asm
                     PROD   0x000ff3       data     extern C:\MCC18\src\traditional\proc\p18F2680.asm
                    PRODH   0x000ff4       data     extern C:\MCC18\src\traditional\proc\p18F2680.asm
                    PRODL   0x000ff3       data     extern C:\MCC18\src\traditional\proc\p18F2680.asm
                     RCON   0x000fd0       data     extern C:\MCC18\src\traditional\proc\p18F2680.asm
                 RCONbits   0x000fd0       data     extern C:\MCC18\src\traditional\proc\p18F2680.asm
                    RCREG   0x000fae       data     extern C:\MCC18\src\traditional\proc\p18F2680.asm
                    RCSTA   0x000fab       data     extern C:\MCC18\src\traditional\proc\p18F2680.asm
                RCSTAbits   0x000fab       data     extern C:\MCC18\src\traditional\proc\p18F2680.asm
                  RXB0CON   0x000f60       data     extern C:\MCC18\src\traditional\proc\p18F2680.asm
              RXB0CONbits   0x000f60       data     extern C:\MCC18\src\traditional\proc\p18F2680.asm
                   RXB0D0   0x000f66       data     extern C:\MCC18\src\traditional\proc\p18F2680.asm
               RXB0D0bits   0x000f66       data     extern C:\MCC18\src\traditional\proc\p18F2680.asm
                   RXB0D1   0x000f67       data     extern C:\MCC18\src\traditional\proc\p18F2680.asm
               RXB0D1bits   0x000f67       data     extern C:\MCC18\src\traditional\proc\p18F2680.asm
                   RXB0D2   0x000f68       data     extern C:\MCC18\src\traditional\proc\p18F2680.asm
               RXB0D2bits   0x000f68       data     extern C:\MCC18\src\traditional\proc\p18F2680.asm
                   RXB0D3   0x000f69       data     extern C:\MCC18\src\traditional\proc\p18F2680.asm
               RXB0D3bits   0x000f69       data     extern C:\MCC18\src\traditional\proc\p18F2680.asm
                   RXB0D4   0x000f6a       data     extern C:\MCC18\src\traditional\proc\p18F2680.asm
               RXB0D4bits   0x000f6a       data     extern C:\MCC18\src\traditional\proc\p18F2680.asm
                   RXB0D5   0x000f6b       data     extern C:\MCC18\src\traditional\proc\p18F2680.asm
               RXB0D5bits   0x000f6b       data     extern C:\MCC18\src\traditional\proc\p18F2680.asm
                   RXB0D6   0x000f6c       data     extern C:\MCC18\src\traditional\proc\p18F2680.asm
               RXB0D6bits   0x000f6c       data     extern C:\MCC18\src\traditional\proc\p18F2680.asm
                   RXB0D7   0x000f6d       data     extern C:\MCC18\src\traditional\proc\p18F2680.asm
               RXB0D7bits   0x000f6d       data     extern C:\MCC18\src\traditional\proc\p18F2680.asm
                  RXB0DLC   0x000f65       data     extern C:\MCC18\src\traditional\proc\p18F2680.asm
              RXB0DLCbits   0x000f65       data     extern C:\MCC18\src\traditional\proc\p18F2680.asm
                 RXB0EIDH   0x000f63       data     extern C:\MCC18\src\traditional\proc\p18F2680.asm
             RXB0EIDHbits   0x000f63       data     extern C:\MCC18\src\traditional\proc\p18F2680.asm
                 RXB0EIDL   0x000f64       data     extern C:\MCC18\src\traditional\proc\p18F2680.asm
             RXB0EIDLbits   0x000f64       data     extern C:\MCC18\src\traditional\proc\p18F2680.asm
                 RXB0SIDH   0x000f61       data     extern C:\MCC18\src\traditional\proc\p18F2680.asm
             RXB0SIDHbits   0x000f61       data     extern C:\MCC18\src\traditional\proc\p18F2680.asm
                 RXB0SIDL   0x000f62       data     extern C:\MCC18\src\traditional\proc\p18F2680.asm
             RXB0SIDLbits   0x000f62       data     extern C:\MCC18\src\traditional\proc\p18F2680.asm
                  RXB1CON   0x000f50       data     extern C:\MCC18\src\traditional\proc\p18F2680.asm
              RXB1CONbits   0x000f50       data     extern C:\MCC18\src\traditional\proc\p18F2680.asm
                   RXB1D0   0x000f56       data     extern C:\MCC18\src\traditional\proc\p18F2680.asm
               RXB1D0bits   0x000f56       data     extern C:\MCC18\src\traditional\proc\p18F2680.asm
                   RXB1D1   0x000f57       data     extern C:\MCC18\src\traditional\proc\p18F2680.asm
               RXB1D1bits   0x000f57       data     extern C:\MCC18\src\traditional\proc\p18F2680.asm
                   RXB1D2   0x000f58       data     extern C:\MCC18\src\traditional\proc\p18F2680.asm
               RXB1D2bits   0x000f58       data     extern C:\MCC18\src\traditional\proc\p18F2680.asm
                   RXB1D3   0x000f59       data     extern C:\MCC18\src\traditional\proc\p18F2680.asm
               RXB1D3bits   0x000f59       data     extern C:\MCC18\src\traditional\proc\p18F2680.asm
                   RXB1D4   0x000f5a       data     extern C:\MCC18\src\traditional\proc\p18F2680.asm
               RXB1D4bits   0x000f5a       data     extern C:\MCC18\src\traditional\proc\p18F2680.asm
                   RXB1D5   0x000f5b       data     extern C:\MCC18\src\traditional\proc\p18F2680.asm
               RXB1D5bits   0x000f5b       data     extern C:\MCC18\src\traditional\proc\p18F2680.asm
                   RXB1D6   0x000f5c       data     extern C:\MCC18\src\traditional\proc\p18F2680.asm
               RXB1D6bits   0x000f5c       data     extern C:\MCC18\src\traditional\proc\p18F2680.asm
                   RXB1D7   0x000f5d       data     extern C:\MCC18\src\traditional\proc\p18F2680.asm
               RXB1D7bits   0x000f5d       data     extern C:\MCC18\src\traditional\proc\p18F2680.asm
                  RXB1DLC   0x000f55       data     extern C:\MCC18\src\traditional\proc\p18F2680.asm
              RXB1DLCbits   0x000f55       data     extern C:\MCC18\src\traditional\proc\p18F2680.asm
                 RXB1EIDH   0x000f53       data     extern C:\MCC18\src\traditional\proc\p18F2680.asm
             RXB1EIDHbits   0x000f53       data     extern C:\MCC18\src\traditional\proc\p18F2680.asm
                 RXB1EIDL   0x000f54       data     extern C:\MCC18\src\traditional\proc\p18F2680.asm
             RXB1EIDLbits   0x000f54       data     extern C:\MCC18\src\traditional\proc\p18F2680.asm
                 RXB1SIDH   0x000f51       data     extern C:\MCC18\src\traditional\proc\p18F2680.asm
             RXB1SIDHbits   0x000f51       data     extern C:\MCC18\src\traditional\proc\p18F2680.asm
                 RXB1SIDL   0x000f52       data     extern C:\MCC18\src\traditional\proc\p18F2680.asm
             RXB1SIDLbits   0x000f52       data     extern C:\MCC18\src\traditional\proc\p18F2680.asm
                 RXERRCNT   0x000f75       data     extern C:\MCC18\src\traditional\proc\p18F2680.asm
             RXERRCNTbits   0x000f75       data     extern C:\MCC18\src\traditional\proc\p18F2680.asm
                 RXF0EIDH   0x000f02       data     extern C:\MCC18\src\traditional\proc\p18F2680.asm
             RXF0EIDHbits   0x000f02       data     extern C:\MCC18\src\traditional\proc\p18F2680.asm
                 RXF0EIDL   0x000f03       data     extern C:\MCC18\src\traditional\proc\p18F2680.asm
             RXF0EIDLbits   0x000f03       data     extern C:\MCC18\src\traditional\proc\p18F2680.asm
                 RXF0SIDH   0x000f00       data     extern C:\MCC18\src\traditional\proc\p18F2680.asm
             RXF0SIDHbits   0x000f00       data     extern C:\MCC18\src\traditional\proc\p18F2680.asm
                 RXF0SIDL   0x000f01       data     extern C:\MCC18\src\traditional\proc\p18F2680.asm
             RXF0SIDLbits   0x000f01       data     extern C:\MCC18\src\traditional\proc\p18F2680.asm
                RXF10EIDH   0x000d76       data     extern C:\MCC18\src\traditional\proc\p18F2680.asm
            RXF10EIDHbits   0x000d76       data     extern C:\MCC18\src\traditional\proc\p18F2680.asm
                RXF10EIDL   0x000d77       data     extern C:\MCC18\src\traditional\proc\p18F2680.asm
            RXF10EIDLbits   0x000d77       data     extern C:\MCC18\src\traditional\proc\p18F2680.asm
                RXF10SIDH   0x000d74       data     extern C:\MCC18\src\traditional\proc\p18F2680.asm
            RXF10SIDHbits   0x000d74       data     extern C:\MCC18\src\traditional\proc\p18F2680.asm
                RXF10SIDL   0x000d75       data     extern C:\MCC18\src\traditional\proc\p18F2680.asm
            RXF10SIDLbits   0x000d75       data     extern C:\MCC18\src\traditional\proc\p18F2680.asm
                RXF11EIDH   0x000d7a       data     extern C:\MCC18\src\traditional\proc\p18F2680.asm
            RXF11EIDHbits   0x000d7a       data     extern C:\MCC18\src\traditional\proc\p18F2680.asm
                RXF11EIDL   0x000d7b       data     extern C:\MCC18\src\traditional\proc\p18F2680.asm
            RXF11EIDLbits   0x000d7b       data     extern C:\MCC18\src\traditional\proc\p18F2680.asm
                RXF11SIDH   0x000d78       data     extern C:\MCC18\src\traditional\proc\p18F2680.asm
            RXF11SIDHbits   0x000d78       data     extern C:\MCC18\src\traditional\proc\p18F2680.asm
                RXF11SIDL   0x000d79       data     extern C:\MCC18\src\traditional\proc\p18F2680.asm
            RXF11SIDLbits   0x000d79       data     extern C:\MCC18\src\traditional\proc\p18F2680.asm
                RXF12EIDH   0x000d82       data     extern C:\MCC18\src\traditional\proc\p18F2680.asm
            RXF12EIDHbits   0x000d82       data     extern C:\MCC18\src\traditional\proc\p18F2680.asm
                RXF12EIDL   0x000d83       data     extern C:\MCC18\src\traditional\proc\p18F2680.asm
            RXF12EIDLbits   0x000d83       data     extern C:\MCC18\src\traditional\proc\p18F2680.asm
                RXF12SIDH   0x000d80       data     extern C:\MCC18\src\traditional\proc\p18F2680.asm
            RXF12SIDHbits   0x000d80       data     extern C:\MCC18\src\traditional\proc\p18F2680.asm
                RXF12SIDL   0x000d81       data     extern C:\MCC18\src\traditional\proc\p18F2680.asm
            RXF12SIDLbits   0x000d81       data     extern C:\MCC18\src\traditional\proc\p18F2680.asm
                RXF13EIDH   0x000d86       data     extern C:\MCC18\src\traditional\proc\p18F2680.asm
            RXF13EIDHbits   0x000d86       data     extern C:\MCC18\src\traditional\proc\p18F2680.asm
                RXF13EIDL   0x000d87       data     extern C:\MCC18\src\traditional\proc\p18F2680.asm
            RXF13EIDLbits   0x000d87       data     extern C:\MCC18\src\traditional\proc\p18F2680.asm
                RXF13SIDH   0x000d84       data     extern C:\MCC18\src\traditional\proc\p18F2680.asm
            RXF13SIDHbits   0x000d84       data     extern C:\MCC18\src\traditional\proc\p18F2680.asm
                RXF13SIDL   0x000d85       data     extern C:\MCC18\src\traditional\proc\p18F2680.asm
            RXF13SIDLbits   0x000d85       data     extern C:\MCC18\src\traditional\proc\p18F2680.asm
                RXF14EIDH   0x000d8a       data     extern C:\MCC18\src\traditional\proc\p18F2680.asm
            RXF14EIDHbits   0x000d8a       data     extern C:\MCC18\src\traditional\proc\p18F2680.asm
                RXF14EIDL   0x000d8b       data     extern C:\MCC18\src\traditional\proc\p18F2680.asm
            RXF14EIDLbits   0x000d8b       data     extern C:\MCC18\src\traditional\proc\p18F2680.asm
                RXF14SIDH   0x000d88       data     extern C:\MCC18\src\traditional\proc\p18F2680.asm
            RXF14SIDHbits   0x000d88       data     extern C:\MCC18\src\traditional\proc\p18F2680.asm
                RXF14SIDL   0x000d89       data     extern C:\MCC18\src\traditional\proc\p18F2680.asm
            RXF14SIDLbits   0x000d89       data     extern C:\MCC18\src\traditional\proc\p18F2680.asm
                RXF15EIDH   0x000d92       data     extern C:\MCC18\src\traditional\proc\p18F2680.asm
            RXF15EIDHbits   0x000d92       data     extern C:\MCC18\src\traditional\proc\p18F2680.asm
                RXF15EIDL   0x000d93       data     extern C:\MCC18\src\traditional\proc\p18F2680.asm
            RXF15EIDLbits   0x000d93       data     extern C:\MCC18\src\traditional\proc\p18F2680.asm
                RXF15SIDH   0x000d90       data     extern C:\MCC18\src\traditional\proc\p18F2680.asm
            RXF15SIDHbits   0x000d90       data     extern C:\MCC18\src\traditional\proc\p18F2680.asm
                RXF15SIDL   0x000d91       data     extern C:\MCC18\src\traditional\proc\p18F2680.asm
            RXF15SIDLbits   0x000d91       data     extern C:\MCC18\src\traditional\proc\p18F2680.asm
                 RXF1EIDH   0x000f06       data     extern C:\MCC18\src\traditional\proc\p18F2680.asm
             RXF1EIDHbits   0x000f06       data     extern C:\MCC18\src\traditional\proc\p18F2680.asm
                 RXF1EIDL   0x000f07       data     extern C:\MCC18\src\traditional\proc\p18F2680.asm
             RXF1EIDLbits   0x000f07       data     extern C:\MCC18\src\traditional\proc\p18F2680.asm
                 RXF1SIDH   0x000f04       data     extern C:\MCC18\src\traditional\proc\p18F2680.asm
             RXF1SIDHbits   0x000f04       data     extern C:\MCC18\src\traditional\proc\p18F2680.asm
                 RXF1SIDL   0x000f05       data     extern C:\MCC18\src\traditional\proc\p18F2680.asm
             RXF1SIDLbits   0x000f05       data     extern C:\MCC18\src\traditional\proc\p18F2680.asm
                 RXF2EIDH   0x000f0a       data     extern C:\MCC18\src\traditional\proc\p18F2680.asm
             RXF2EIDHbits   0x000f0a       data     extern C:\MCC18\src\traditional\proc\p18F2680.asm
                 RXF2EIDL   0x000f0b       data     extern C:\MCC18\src\traditional\proc\p18F2680.asm
             RXF2EIDLbits   0x000f0b       data     extern C:\MCC18\src\traditional\proc\p18F2680.asm
                 RXF2SIDH   0x000f08       data     extern C:\MCC18\src\traditional\proc\p18F2680.asm
             RXF2SIDHbits   0x000f08       data     extern C:\MCC18\src\traditional\proc\p18F2680.asm
                 RXF2SIDL   0x000f09       data     extern C:\MCC18\src\traditional\proc\p18F2680.asm
             RXF2SIDLbits   0x000f09       data     extern C:\MCC18\src\traditional\proc\p18F2680.asm
                 RXF3EIDH   0x000f0e       data     extern C:\MCC18\src\traditional\proc\p18F2680.asm
             RXF3EIDHbits   0x000f0e       data     extern C:\MCC18\src\traditional\proc\p18F2680.asm
                 RXF3EIDL   0x000f0f       data     extern C:\MCC18\src\traditional\proc\p18F2680.asm
             RXF3EIDLbits   0x000f0f       data     extern C:\MCC18\src\traditional\proc\p18F2680.asm
                 RXF3SIDH   0x000f0c       data     extern C:\MCC18\src\traditional\proc\p18F2680.asm
             RXF3SIDHbits   0x000f0c       data     extern C:\MCC18\src\traditional\proc\p18F2680.asm
                 RXF3SIDL   0x000f0d       data     extern C:\MCC18\src\traditional\proc\p18F2680.asm
             RXF3SIDLbits   0x000f0d       data     extern C:\MCC18\src\traditional\proc\p18F2680.asm
                 RXF4EIDH   0x000f12       data     extern C:\MCC18\src\traditional\proc\p18F2680.asm
             RXF4EIDHbits   0x000f12       data     extern C:\MCC18\src\traditional\proc\p18F2680.asm
                 RXF4EIDL   0x000f13       data     extern C:\MCC18\src\traditional\proc\p18F2680.asm
             RXF4EIDLbits   0x000f13       data     extern C:\MCC18\src\traditional\proc\p18F2680.asm
                 RXF4SIDH   0x000f10       data     extern C:\MCC18\src\traditional\proc\p18F2680.asm
             RXF4SIDHbits   0x000f10       data     extern C:\MCC18\src\traditional\proc\p18F2680.asm
                 RXF4SIDL   0x000f11       data     extern C:\MCC18\src\traditional\proc\p18F2680.asm
             RXF4SIDLbits   0x000f11       data     extern C:\MCC18\src\traditional\proc\p18F2680.asm
                 RXF5EIDH   0x000f16       data     extern C:\MCC18\src\traditional\proc\p18F2680.asm
             RXF5EIDHbits   0x000f16       data     extern C:\MCC18\src\traditional\proc\p18F2680.asm
                 RXF5EIDL   0x000f17       data     extern C:\MCC18\src\traditional\proc\p18F2680.asm
             RXF5EIDLbits   0x000f17       data     extern C:\MCC18\src\traditional\proc\p18F2680.asm
                 RXF5SIDH   0x000f14       data     extern C:\MCC18\src\traditional\proc\p18F2680.asm
             RXF5SIDHbits   0x000f14       data     extern C:\MCC18\src\traditional\proc\p18F2680.asm
                 RXF5SIDL   0x000f15       data     extern C:\MCC18\src\traditional\proc\p18F2680.asm
             RXF5SIDLbits   0x000f15       data     extern C:\MCC18\src\traditional\proc\p18F2680.asm
                 RXF6EIDH   0x000d62       data     extern C:\MCC18\src\traditional\proc\p18F2680.asm
             RXF6EIDHbits   0x000d62       data     extern C:\MCC18\src\traditional\proc\p18F2680.asm
                 RXF6EIDL   0x000d63       data     extern C:\MCC18\src\traditional\proc\p18F2680.asm
             RXF6EIDLbits   0x000d63       data     extern C:\MCC18\src\traditional\proc\p18F2680.asm
                 RXF6SIDH   0x000d60       data     extern C:\MCC18\src\traditional\proc\p18F2680.asm
             RXF6SIDHbits   0x000d60       data     extern C:\MCC18\src\traditional\proc\p18F2680.asm
                 RXF6SIDL   0x000d61       data     extern C:\MCC18\src\traditional\proc\p18F2680.asm
             RXF6SIDLbits   0x000d61       data     extern C:\MCC18\src\traditional\proc\p18F2680.asm
                 RXF7EIDH   0x000d66       data     extern C:\MCC18\src\traditional\proc\p18F2680.asm
             RXF7EIDHbits   0x000d66       data     extern C:\MCC18\src\traditional\proc\p18F2680.asm
                 RXF7EIDL   0x000d67       data     extern C:\MCC18\src\traditional\proc\p18F2680.asm
             RXF7EIDLbits   0x000d67       data     extern C:\MCC18\src\traditional\proc\p18F2680.asm
                 RXF7SIDH   0x000d64       data     extern C:\MCC18\src\traditional\proc\p18F2680.asm
             RXF7SIDHbits   0x000d64       data     extern C:\MCC18\src\traditional\proc\p18F2680.asm
                 RXF7SIDL   0x000d65       data     extern C:\MCC18\src\traditional\proc\p18F2680.asm
             RXF7SIDLbits   0x000d65       data     extern C:\MCC18\src\traditional\proc\p18F2680.asm
                 RXF8EIDH   0x000d6a       data     extern C:\MCC18\src\traditional\proc\p18F2680.asm
             RXF8EIDHbits   0x000d6a       data     extern C:\MCC18\src\traditional\proc\p18F2680.asm
                 RXF8EIDL   0x000d6b       data     extern C:\MCC18\src\traditional\proc\p18F2680.asm
             RXF8EIDLbits   0x000d6b       data     extern C:\MCC18\src\traditional\proc\p18F2680.asm
                 RXF8SIDH   0x000d68       data     extern C:\MCC18\src\traditional\proc\p18F2680.asm
             RXF8SIDHbits   0x000d68       data     extern C:\MCC18\src\traditional\proc\p18F2680.asm
                 RXF8SIDL   0x000d69       data     extern C:\MCC18\src\traditional\proc\p18F2680.asm
             RXF8SIDLbits   0x000d69       data     extern C:\MCC18\src\traditional\proc\p18F2680.asm
                 RXF9EIDH   0x000d72       data     extern C:\MCC18\src\traditional\proc\p18F2680.asm
             RXF9EIDHbits   0x000d72       data     extern C:\MCC18\src\traditional\proc\p18F2680.asm
                 RXF9EIDL   0x000d73       data     extern C:\MCC18\src\traditional\proc\p18F2680.asm
             RXF9EIDLbits   0x000d73       data     extern C:\MCC18\src\traditional\proc\p18F2680.asm
                 RXF9SIDH   0x000d70       data     extern C:\MCC18\src\traditional\proc\p18F2680.asm
             RXF9SIDHbits   0x000d70       data     extern C:\MCC18\src\traditional\proc\p18F2680.asm
                 RXF9SIDL   0x000d71       data     extern C:\MCC18\src\traditional\proc\p18F2680.asm
             RXF9SIDLbits   0x000d71       data     extern C:\MCC18\src\traditional\proc\p18F2680.asm
                 RXFBCON0   0x000de0       data     extern C:\MCC18\src\traditional\proc\p18F2680.asm
             RXFBCON0bits   0x000de0       data     extern C:\MCC18\src\traditional\proc\p18F2680.asm
                 RXFBCON1   0x000de1       data     extern C:\MCC18\src\traditional\proc\p18F2680.asm
             RXFBCON1bits   0x000de1       data     extern C:\MCC18\src\traditional\proc\p18F2680.asm
                 RXFBCON2   0x000de2       data     extern C:\MCC18\src\traditional\proc\p18F2680.asm
             RXFBCON2bits   0x000de2       data     extern C:\MCC18\src\traditional\proc\p18F2680.asm
                 RXFBCON3   0x000de3       data     extern C:\MCC18\src\traditional\proc\p18F2680.asm
             RXFBCON3bits   0x000de3       data     extern C:\MCC18\src\traditional\proc\p18F2680.asm
                 RXFBCON4   0x000de4       data     extern C:\MCC18\src\traditional\proc\p18F2680.asm
             RXFBCON4bits   0x000de4       data     extern C:\MCC18\src\traditional\proc\p18F2680.asm
                 RXFBCON5   0x000de5       data     extern C:\MCC18\src\traditional\proc\p18F2680.asm
             RXFBCON5bits   0x000de5       data     extern C:\MCC18\src\traditional\proc\p18F2680.asm
                 RXFBCON6   0x000de6       data     extern C:\MCC18\src\traditional\proc\p18F2680.asm
             RXFBCON6bits   0x000de6       data     extern C:\MCC18\src\traditional\proc\p18F2680.asm
                 RXFBCON7   0x000de7       data     extern C:\MCC18\src\traditional\proc\p18F2680.asm
             RXFBCON7bits   0x000de7       data     extern C:\MCC18\src\traditional\proc\p18F2680.asm
                  RXFCON0   0x000dd4       data     extern C:\MCC18\src\traditional\proc\p18F2680.asm
              RXFCON0bits   0x000dd4       data     extern C:\MCC18\src\traditional\proc\p18F2680.asm
                  RXFCON1   0x000dd5       data     extern C:\MCC18\src\traditional\proc\p18F2680.asm
              RXFCON1bits   0x000dd5       data     extern C:\MCC18\src\traditional\proc\p18F2680.asm
                 RXM0EIDH   0x000f1a       data     extern C:\MCC18\src\traditional\proc\p18F2680.asm
             RXM0EIDHbits   0x000f1a       data     extern C:\MCC18\src\traditional\proc\p18F2680.asm
                 RXM0EIDL   0x000f1b       data     extern C:\MCC18\src\traditional\proc\p18F2680.asm
             RXM0EIDLbits   0x000f1b       data     extern C:\MCC18\src\traditional\proc\p18F2680.asm
                 RXM0SIDH   0x000f18       data     extern C:\MCC18\src\traditional\proc\p18F2680.asm
             RXM0SIDHbits   0x000f18       data     extern C:\MCC18\src\traditional\proc\p18F2680.asm
                 RXM0SIDL   0x000f19       data     extern C:\MCC18\src\traditional\proc\p18F2680.asm
             RXM0SIDLbits   0x000f19       data     extern C:\MCC18\src\traditional\proc\p18F2680.asm
                 RXM1EIDH   0x000f1e       data     extern C:\MCC18\src\traditional\proc\p18F2680.asm
             RXM1EIDHbits   0x000f1e       data     extern C:\MCC18\src\traditional\proc\p18F2680.asm
                 RXM1EIDL   0x000f1f       data     extern C:\MCC18\src\traditional\proc\p18F2680.asm
             RXM1EIDLbits   0x000f1f       data     extern C:\MCC18\src\traditional\proc\p18F2680.asm
                 RXM1SIDH   0x000f1c       data     extern C:\MCC18\src\traditional\proc\p18F2680.asm
             RXM1SIDHbits   0x000f1c       data     extern C:\MCC18\src\traditional\proc\p18F2680.asm
                 RXM1SIDL   0x000f1d       data     extern C:\MCC18\src\traditional\proc\p18F2680.asm
             RXM1SIDLbits   0x000f1d       data     extern C:\MCC18\src\traditional\proc\p18F2680.asm
                    SDFLC   0x000dd8       data     extern C:\MCC18\src\traditional\proc\p18F2680.asm
                SDFLCbits   0x000dd8       data     extern C:\MCC18\src\traditional\proc\p18F2680.asm
                     SIGN   0x000000       data     extern C:\MCC18\src\traditional\math\cmath18.asm
                    SPBRG   0x000faf       data     extern C:\MCC18\src\traditional\proc\p18F2680.asm
                   SPBRGH   0x000fb0       data     extern C:\MCC18\src\traditional\proc\p18F2680.asm
                   SSPADD   0x000fc8       data     extern C:\MCC18\src\traditional\proc\p18F2680.asm
                   SSPBUF   0x000fc9       data     extern C:\MCC18\src\traditional\proc\p18F2680.asm
                  SSPCON1   0x000fc6       data     extern C:\MCC18\src\traditional\proc\p18F2680.asm
              SSPCON1bits   0x000fc6       data     extern C:\MCC18\src\traditional\proc\p18F2680.asm
                  SSPCON2   0x000fc5       data     extern C:\MCC18\src\traditional\proc\p18F2680.asm
              SSPCON2bits   0x000fc5       data     extern C:\MCC18\src\traditional\proc\p18F2680.asm
                  SSPSTAT   0x000fc7       data     extern C:\MCC18\src\traditional\proc\p18F2680.asm
              SSPSTATbits   0x000fc7       data     extern C:\MCC18\src\traditional\proc\p18F2680.asm
                   STATUS   0x000fd8       data     extern C:\MCC18\src\traditional\proc\p18F2680.asm
               STATUSbits   0x000fd8       data     extern C:\MCC18\src\traditional\proc\p18F2680.asm
                   STKPTR   0x000ffc       data     extern C:\MCC18\src\traditional\proc\p18F2680.asm
               STKPTRbits   0x000ffc       data     extern C:\MCC18\src\traditional\proc\p18F2680.asm
                    T0CON   0x000fd5       data     extern C:\MCC18\src\traditional\proc\p18F2680.asm
                T0CONbits   0x000fd5       data     extern C:\MCC18\src\traditional\proc\p18F2680.asm
                    T1CON   0x000fcd       data     extern C:\MCC18\src\traditional\proc\p18F2680.asm
                T1CONbits   0x000fcd       data     extern C:\MCC18\src\traditional\proc\p18F2680.asm
                    T2CON   0x000fca       data     extern C:\MCC18\src\traditional\proc\p18F2680.asm
                T2CONbits   0x000fca       data     extern C:\MCC18\src\traditional\proc\p18F2680.asm
                    T3CON   0x000fb1       data     extern C:\MCC18\src\traditional\proc\p18F2680.asm
                T3CONbits   0x000fb1       data     extern C:\MCC18\src\traditional\proc\p18F2680.asm
                   TABLAT   0x000ff5       data     extern C:\MCC18\src\traditional\proc\p18F2680.asm
                   TBLPTR   0x000ff6       data     extern C:\MCC18\src\traditional\proc\p18F2680.asm
                  TBLPTRH   0x000ff7       data     extern C:\MCC18\src\traditional\proc\p18F2680.asm
                  TBLPTRL   0x000ff6       data     extern C:\MCC18\src\traditional\proc\p18F2680.asm
                  TBLPTRU   0x000ff8       data     extern C:\MCC18\src\traditional\proc\p18F2680.asm
                    TMR0H   0x000fd7       data     extern C:\MCC18\src\traditional\proc\p18F2680.asm
                    TMR0L   0x000fd6       data     extern C:\MCC18\src\traditional\proc\p18F2680.asm
                    TMR1H   0x000fcf       data     extern C:\MCC18\src\traditional\proc\p18F2680.asm
                    TMR1L   0x000fce       data     extern C:\MCC18\src\traditional\proc\p18F2680.asm
                     TMR2   0x000fcc       data     extern C:\MCC18\src\traditional\proc\p18F2680.asm
                    TMR3H   0x000fb3       data     extern C:\MCC18\src\traditional\proc\p18F2680.asm
                    TMR3L   0x000fb2       data     extern C:\MCC18\src\traditional\proc\p18F2680.asm
                      TOS   0x000ffd       data     extern C:\MCC18\src\traditional\proc\p18F2680.asm
                     TOSH   0x000ffe       data     extern C:\MCC18\src\traditional\proc\p18F2680.asm
                     TOSL   0x000ffd       data     extern C:\MCC18\src\traditional\proc\p18F2680.asm
                     TOSU   0x000fff       data     extern C:\MCC18\src\traditional\proc\p18F2680.asm
                    TRISA   0x000f92       data     extern C:\MCC18\src\traditional\proc\p18F2680.asm
                TRISAbits   0x000f92       data     extern C:\MCC18\src\traditional\proc\p18F2680.asm
                    TRISB   0x000f93       data     extern C:\MCC18\src\traditional\proc\p18F2680.asm
                TRISBbits   0x000f93       data     extern C:\MCC18\src\traditional\proc\p18F2680.asm
                    TRISC   0x000f94       data     extern C:\MCC18\src\traditional\proc\p18F2680.asm
                TRISCbits   0x000f94       data     extern C:\MCC18\src\traditional\proc\p18F2680.asm
                  TXB0CON   0x000f40       data     extern C:\MCC18\src\traditional\proc\p18F2680.asm
              TXB0CONbits   0x000f40       data     extern C:\MCC18\src\traditional\proc\p18F2680.asm
                   TXB0D0   0x000f46       data     extern C:\MCC18\src\traditional\proc\p18F2680.asm
               TXB0D0bits   0x000f46       data     extern C:\MCC18\src\traditional\proc\p18F2680.asm
                   TXB0D1   0x000f47       data     extern C:\MCC18\src\traditional\proc\p18F2680.asm
               TXB0D1bits   0x000f47       data     extern C:\MCC18\src\traditional\proc\p18F2680.asm
                   TXB0D2   0x000f48       data     extern C:\MCC18\src\traditional\proc\p18F2680.asm
               TXB0D2bits   0x000f48       data     extern C:\MCC18\src\traditional\proc\p18F2680.asm
                   TXB0D3   0x000f49       data     extern C:\MCC18\src\traditional\proc\p18F2680.asm
               TXB0D3bits   0x000f49       data     extern C:\MCC18\src\traditional\proc\p18F2680.asm
                   TXB0D4   0x000f4a       data     extern C:\MCC18\src\traditional\proc\p18F2680.asm
               TXB0D4bits   0x000f4a       data     extern C:\MCC18\src\traditional\proc\p18F2680.asm
                   TXB0D5   0x000f4b       data     extern C:\MCC18\src\traditional\proc\p18F2680.asm
               TXB0D5bits   0x000f4b       data     extern C:\MCC18\src\traditional\proc\p18F2680.asm
                   TXB0D6   0x000f4c       data     extern C:\MCC18\src\traditional\proc\p18F2680.asm
               TXB0D6bits   0x000f4c       data     extern C:\MCC18\src\traditional\proc\p18F2680.asm
                   TXB0D7   0x000f4d       data     extern C:\MCC18\src\traditional\proc\p18F2680.asm
               TXB0D7bits   0x000f4d       data     extern C:\MCC18\src\traditional\proc\p18F2680.asm
                  TXB0DLC   0x000f45       data     extern C:\MCC18\src\traditional\proc\p18F2680.asm
              TXB0DLCbits   0x000f45       data     extern C:\MCC18\src\traditional\proc\p18F2680.asm
                 TXB0EIDH   0x000f43       data     extern C:\MCC18\src\traditional\proc\p18F2680.asm
             TXB0EIDHbits   0x000f43       data     extern C:\MCC18\src\traditional\proc\p18F2680.asm
                 TXB0EIDL   0x000f44       data     extern C:\MCC18\src\traditional\proc\p18F2680.asm
             TXB0EIDLbits   0x000f44       data     extern C:\MCC18\src\traditional\proc\p18F2680.asm
                 TXB0SIDH   0x000f41       data     extern C:\MCC18\src\traditional\proc\p18F2680.asm
             TXB0SIDHbits   0x000f41       data     extern C:\MCC18\src\traditional\proc\p18F2680.asm
                 TXB0SIDL   0x000f42       data     extern C:\MCC18\src\traditional\proc\p18F2680.asm
             TXB0SIDLbits   0x000f42       data     extern C:\MCC18\src\traditional\proc\p18F2680.asm
                  TXB1CON   0x000f30       data     extern C:\MCC18\src\traditional\proc\p18F2680.asm
              TXB1CONbits   0x000f30       data     extern C:\MCC18\src\traditional\proc\p18F2680.asm
                   TXB1D0   0x000f36       data     extern C:\MCC18\src\traditional\proc\p18F2680.asm
               TXB1D0bits   0x000f36       data     extern C:\MCC18\src\traditional\proc\p18F2680.asm
                   TXB1D1   0x000f37       data     extern C:\MCC18\src\traditional\proc\p18F2680.asm
               TXB1D1bits   0x000f37       data     extern C:\MCC18\src\traditional\proc\p18F2680.asm
                   TXB1D2   0x000f38       data     extern C:\MCC18\src\traditional\proc\p18F2680.asm
               TXB1D2bits   0x000f38       data     extern C:\MCC18\src\traditional\proc\p18F2680.asm
                   TXB1D3   0x000f39       data     extern C:\MCC18\src\traditional\proc\p18F2680.asm
               TXB1D3bits   0x000f39       data     extern C:\MCC18\src\traditional\proc\p18F2680.asm
                   TXB1D4   0x000f3a       data     extern C:\MCC18\src\traditional\proc\p18F2680.asm
               TXB1D4bits   0x000f3a       data     extern C:\MCC18\src\traditional\proc\p18F2680.asm
                   TXB1D5   0x000f3b       data     extern C:\MCC18\src\traditional\proc\p18F2680.asm
               TXB1D5bits   0x000f3b       data     extern C:\MCC18\src\traditional\proc\p18F2680.asm
                   TXB1D6   0x000f3c       data     extern C:\MCC18\src\traditional\proc\p18F2680.asm
               TXB1D6bits   0x000f3c       data     extern C:\MCC18\src\traditional\proc\p18F2680.asm
                   TXB1D7   0x000f3d       data     extern C:\MCC18\src\traditional\proc\p18F2680.asm
               TXB1D7bits   0x000f3d       data     extern C:\MCC18\src\traditional\proc\p18F2680.asm
                  TXB1DLC   0x000f35       data     extern C:\MCC18\src\traditional\proc\p18F2680.asm
              TXB1DLCbits   0x000f35       data     extern C:\MCC18\src\traditional\proc\p18F2680.asm
                 TXB1EIDH   0x000f33       data     extern C:\MCC18\src\traditional\proc\p18F2680.asm
             TXB1EIDHbits   0x000f33       data     extern C:\MCC18\src\traditional\proc\p18F2680.asm
                 TXB1EIDL   0x000f34       data     extern C:\MCC18\src\traditional\proc\p18F2680.asm
             TXB1EIDLbits   0x000f34       data     extern C:\MCC18\src\traditional\proc\p18F2680.asm
                 TXB1SIDH   0x000f31       data     extern C:\MCC18\src\traditional\proc\p18F2680.asm
             TXB1SIDHbits   0x000f31       data     extern C:\MCC18\src\traditional\proc\p18F2680.asm
                 TXB1SIDL   0x000f32       data     extern C:\MCC18\src\traditional\proc\p18F2680.asm
             TXB1SIDLbits   0x000f32       data     extern C:\MCC18\src\traditional\proc\p18F2680.asm
                  TXB2CON   0x000f20       data     extern C:\MCC18\src\traditional\proc\p18F2680.asm
              TXB2CONbits   0x000f20       data     extern C:\MCC18\src\traditional\proc\p18F2680.asm
                   TXB2D0   0x000f26       data     extern C:\MCC18\src\traditional\proc\p18F2680.asm
               TXB2D0bits   0x000f26       data     extern C:\MCC18\src\traditional\proc\p18F2680.asm
                   TXB2D1   0x000f27       data     extern C:\MCC18\src\traditional\proc\p18F2680.asm
               TXB2D1bits   0x000f27       data     extern C:\MCC18\src\traditional\proc\p18F2680.asm
                   TXB2D2   0x000f28       data     extern C:\MCC18\src\traditional\proc\p18F2680.asm
               TXB2D2bits   0x000f28       data     extern C:\MCC18\src\traditional\proc\p18F2680.asm
                   TXB2D3   0x000f29       data     extern C:\MCC18\src\traditional\proc\p18F2680.asm
               TXB2D3bits   0x000f29       data     extern C:\MCC18\src\traditional\proc\p18F2680.asm
                   TXB2D4   0x000f2a       data     extern C:\MCC18\src\traditional\proc\p18F2680.asm
               TXB2D4bits   0x000f2a       data     extern C:\MCC18\src\traditional\proc\p18F2680.asm
                   TXB2D5   0x000f2b       data     extern C:\MCC18\src\traditional\proc\p18F2680.asm
               TXB2D5bits   0x000f2b       data     extern C:\MCC18\src\traditional\proc\p18F2680.asm
                   TXB2D6   0x000f2c       data     extern C:\MCC18\src\traditional\proc\p18F2680.asm
               TXB2D6bits   0x000f2c       data     extern C:\MCC18\src\traditional\proc\p18F2680.asm
                   TXB2D7   0x000f2d       data     extern C:\MCC18\src\traditional\proc\p18F2680.asm
               TXB2D7bits   0x000f2d       data     extern C:\MCC18\src\traditional\proc\p18F2680.asm
                  TXB2DLC   0x000f25       data     extern C:\MCC18\src\traditional\proc\p18F2680.asm
[...]
                   RXB0D2   0x000f68       data     extern C:\MCC18\src\traditional\proc\p18F2680.asm
               RXB0D2bits   0x000f68       data     extern C:\MCC18\src\traditional\proc\p18F2680.asm
                   RXB0D3   0x000f69       data     extern C:\MCC18\src\traditional\proc\p18F2680.asm
               RXB0D3bits   0x000f69       data     extern C:\MCC18\src\traditional\proc\p18F2680.asm
               RXB0D4bits   0x000f6a       data     extern C:\MCC18\src\traditional\proc\p18F2680.asm
                   RXB0D4   0x000f6a       data     extern C:\MCC18\src\traditional\proc\p18F2680.asm
                   RXB0D5   0x000f6b       data     extern C:\MCC18\src\traditional\proc\p18F2680.asm
               RXB0D5bits   0x000f6b       data     extern C:\MCC18\src\traditional\proc\p18F2680.asm
                   RXB0D6   0x000f6c       data     extern C:\MCC18\src\traditional\proc\p18F2680.asm
               RXB0D6bits   0x000f6c       data     extern C:\MCC18\src\traditional\proc\p18F2680.asm
                   RXB0D7   0x000f6d       data     extern C:\MCC18\src\traditional\proc\p18F2680.asm
               RXB0D7bits   0x000f6d       data     extern C:\MCC18\src\traditional\proc\p18F2680.asm
                  CANSTAT   0x000f6e       data     extern C:\MCC18\src\traditional\proc\p18F2680.asm
              CANSTATbits   0x000f6e       data     extern C:\MCC18\src\traditional\proc\p18F2680.asm
                   CANCON   0x000f6f       data     extern C:\MCC18\src\traditional\proc\p18F2680.asm
               CANCONbits   0x000f6f       data     extern C:\MCC18\src\traditional\proc\p18F2680.asm
                  BRGCON1   0x000f70       data     extern C:\MCC18\src\traditional\proc\p18F2680.asm
              BRGCON1bits   0x000f70       data     extern C:\MCC18\src\traditional\proc\p18F2680.asm
                  BRGCON2   0x000f71       data     extern C:\MCC18\src\traditional\proc\p18F2680.asm
              BRGCON2bits   0x000f71       data     extern C:\MCC18\src\traditional\proc\p18F2680.asm
                  BRGCON3   0x000f72       data     extern C:\MCC18\src\traditional\proc\p18F2680.asm
              BRGCON3bits   0x000f72       data     extern C:\MCC18\src\traditional\proc\p18F2680.asm
                   CIOCON   0x000f73       data     extern C:\MCC18\src\traditional\proc\p18F2680.asm
               CIOCONbits   0x000f73       data     extern C:\MCC18\src\traditional\proc\p18F2680.asm
                  COMSTAT   0x000f74       data     extern C:\MCC18\src\traditional\proc\p18F2680.asm
              COMSTATbits   0x000f74       data     extern C:\MCC18\src\traditional\proc\p18F2680.asm
                 RXERRCNT   0x000f75       data     extern C:\MCC18\src\traditional\proc\p18F2680.asm
             RXERRCNTbits   0x000f75       data     extern C:\MCC18\src\traditional\proc\p18F2680.asm
                 TXERRCNT   0x000f76       data     extern C:\MCC18\src\traditional\proc\p18F2680.asm
             TXERRCNTbits   0x000f76       data     extern C:\MCC18\src\traditional\proc\p18F2680.asm
              ECANCONbits   0x000f77       data     extern C:\MCC18\src\traditional\proc\p18F2680.asm
                  ECANCON   0x000f77       data     extern C:\MCC18\src\traditional\proc\p18F2680.asm
                    PORTA   0x000f80       data     extern C:\MCC18\src\traditional\proc\p18F2680.asm
                PORTAbits   0x000f80       data     extern C:\MCC18\src\traditional\proc\p18F2680.asm
                PORTBbits   0x000f81       data     extern C:\MCC18\src\traditional\proc\p18F2680.asm
                    PORTB   0x000f81       data     extern C:\MCC18\src\traditional\proc\p18F2680.asm
                PORTCbits   0x000f82       data     extern C:\MCC18\src\traditional\proc\p18F2680.asm
                    PORTC   0x000f82       data     extern C:\MCC18\src\traditional\proc\p18F2680.asm
                    PORTE   0x000f84       data     extern C:\MCC18\src\traditional\proc\p18F2680.asm
                PORTEbits   0x000f84       data     extern C:\MCC18\src\traditional\proc\p18F2680.asm
                     LATA   0x000f89       data     extern C:\MCC18\src\traditional\proc\p18F2680.asm
                 LATAbits   0x000f89       data     extern C:\MCC18\src\traditional\proc\p18F2680.asm
                     LATB   0x000f8a       data     extern C:\MCC18\src\traditional\proc\p18F2680.asm
                 LATBbits   0x000f8a       data     extern C:\MCC18\src\traditional\proc\p18F2680.asm
                     LATC   0x000f8b       data     extern C:\MCC18\src\traditional\proc\p18F2680.asm
                 LATCbits   0x000f8b       data     extern C:\MCC18\src\traditional\proc\p18F2680.asm
                TRISAbits   0x000f92       data     extern C:\MCC18\src\traditional\proc\p18F2680.asm
                    TRISA   0x000f92       data     extern C:\MCC18\src\traditional\proc\p18F2680.asm
                 DDRAbits   0x000f92       data     extern C:\MCC18\src\traditional\proc\p18F2680.asm
                     DDRA   0x000f92       data     extern C:\MCC18\src\traditional\proc\p18F2680.asm
                 DDRBbits   0x000f93       data     extern C:\MCC18\src\traditional\proc\p18F2680.asm
                     DDRB   0x000f93       data     extern C:\MCC18\src\traditional\proc\p18F2680.asm
                TRISBbits   0x000f93       data     extern C:\MCC18\src\traditional\proc\p18F2680.asm
                    TRISB   0x000f93       data     extern C:\MCC18\src\traditional\proc\p18F2680.asm
                 DDRCbits   0x000f94       data     extern C:\MCC18\src\traditional\proc\p18F2680.asm
                     DDRC   0x000f94       data     extern C:\MCC18\src\traditional\proc\p18F2680.asm
                TRISCbits   0x000f94       data     extern C:\MCC18\src\traditional\proc\p18F2680.asm
                    TRISC   0x000f94       data     extern C:\MCC18\src\traditional\proc\p18F2680.asm
              OSCTUNEbits   0x000f9b       data     extern C:\MCC18\src\traditional\proc\p18F2680.asm
                  OSCTUNE   0x000f9b       data     extern C:\MCC18\src\traditional\proc\p18F2680.asm
                 PIE1bits   0x000f9d       data     extern C:\MCC18\src\traditional\proc\p18F2680.asm
                     PIE1   0x000f9d       data     extern C:\MCC18\src\traditional\proc\p18F2680.asm
                     PIR1   0x000f9e       data     extern C:\MCC18\src\traditional\proc\p18F2680.asm
                 PIR1bits   0x000f9e       data     extern C:\MCC18\src\traditional\proc\p18F2680.asm
                 IPR1bits   0x000f9f       data     extern C:\MCC18\src\traditional\proc\p18F2680.asm
                     IPR1   0x000f9f       data     extern C:\MCC18\src\traditional\proc\p18F2680.asm
                     PIE2   0x000fa0       data     extern C:\MCC18\src\traditional\proc\p18F2680.asm
                 PIE2bits   0x000fa0       data     extern C:\MCC18\src\traditional\proc\p18F2680.asm
                     PIR2   0x000fa1       data     extern C:\MCC18\src\traditional\proc\p18F2680.asm
                 PIR2bits   0x000fa1       data     extern C:\MCC18\src\traditional\proc\p18F2680.asm
                 IPR2bits   0x000fa2       data     extern C:\MCC18\src\traditional\proc\p18F2680.asm
                     IPR2   0x000fa2       data     extern C:\MCC18\src\traditional\proc\p18F2680.asm
                     PIE3   0x000fa3       data     extern C:\MCC18\src\traditional\proc\p18F2680.asm
                 PIE3bits   0x000fa3       data     extern C:\MCC18\src\traditional\proc\p18F2680.asm
                 PIR3bits   0x000fa4       data     extern C:\MCC18\src\traditional\proc\p18F2680.asm
                     PIR3   0x000fa4       data     extern C:\MCC18\src\traditional\proc\p18F2680.asm
                 IPR3bits   0x000fa5       data     extern C:\MCC18\src\traditional\proc\p18F2680.asm
                     IPR3   0x000fa5       data     extern C:\MCC18\src\traditional\proc\p18F2680.asm
               EECON1bits   0x000fa6       data     extern C:\MCC18\src\traditional\proc\p18F2680.asm
                   EECON1   0x000fa6       data     extern C:\MCC18\src\traditional\proc\p18F2680.asm
                   EECON2   0x000fa7       data     extern C:\MCC18\src\traditional\proc\p18F2680.asm
                   EEDATA   0x000fa8       data     extern C:\MCC18\src\traditional\proc\p18F2680.asm
                    EEADR   0x000fa9       data     extern C:\MCC18\src\traditional\proc\p18F2680.asm
                   EEADRH   0x000faa       data     extern C:\MCC18\src\traditional\proc\p18F2680.asm
                RCSTAbits   0x000fab       data     extern C:\MCC18\src\traditional\proc\p18F2680.asm
                    RCSTA   0x000fab       data     extern C:\MCC18\src\traditional\proc\p18F2680.asm
                    TXSTA   0x000fac       data     extern C:\MCC18\src\traditional\proc\p18F2680.asm
                TXSTAbits   0x000fac       data     extern C:\MCC18\src\traditional\proc\p18F2680.asm
                    TXREG   0x000fad       data     extern C:\MCC18\src\traditional\proc\p18F2680.asm
                    RCREG   0x000fae       data     extern C:\MCC18\src\traditional\proc\p18F2680.asm
                    SPBRG   0x000faf       data     extern C:\MCC18\src\traditional\proc\p18F2680.asm
                   SPBRGH   0x000fb0       data     extern C:\MCC18\src\traditional\proc\p18F2680.asm
                    T3CON   0x000fb1       data     extern C:\MCC18\src\traditional\proc\p18F2680.asm
                T3CONbits   0x000fb1       data     extern C:\MCC18\src\traditional\proc\p18F2680.asm
                    TMR3L   0x000fb2       data     extern C:\MCC18\src\traditional\proc\p18F2680.asm
                    TMR3H   0x000fb3       data     extern C:\MCC18\src\traditional\proc\p18F2680.asm
              BAUDCONbits   0x000fb8       data     extern C:\MCC18\src\traditional\proc\p18F2680.asm
                  BAUDCON   0x000fb8       data     extern C:\MCC18\src\traditional\proc\p18F2680.asm
              CCP1CONbits   0x000fbd       data     extern C:\MCC18\src\traditional\proc\p18F2680.asm
                  CCP1CON   0x000fbd       data     extern C:\MCC18\src\traditional\proc\p18F2680.asm
                    CCPR1   0x000fbe       data     extern C:\MCC18\src\traditional\proc\p18F2680.asm
                   CCPR1L   0x000fbe       data     extern C:\MCC18\src\traditional\proc\p18F2680.asm
                   CCPR1H   0x000fbf       data     extern C:\MCC18\src\traditional\proc\p18F2680.asm
               ADCON2bits   0x000fc0       data     extern C:\MCC18\src\traditional\proc\p18F2680.asm
                   ADCON2   0x000fc0       data     extern C:\MCC18\src\traditional\proc\p18F2680.asm
                   ADCON1   0x000fc1       data     extern C:\MCC18\src\traditional\proc\p18F2680.asm
               ADCON1bits   0x000fc1       data     extern C:\MCC18\src\traditional\proc\p18F2680.asm
                   ADCON0   0x000fc2       data     extern C:\MCC18\src\traditional\proc\p18F2680.asm
               ADCON0bits   0x000fc2       data     extern C:\MCC18\src\traditional\proc\p18F2680.asm
                    ADRES   0x000fc3       data     extern C:\MCC18\src\traditional\proc\p18F2680.asm
                   ADRESL   0x000fc3       data     extern C:\MCC18\src\traditional\proc\p18F2680.asm
                   ADRESH   0x000fc4       data     extern C:\MCC18\src\traditional\proc\p18F2680.asm
                  SSPCON2   0x000fc5       data     extern C:\MCC18\src\traditional\proc\p18F2680.asm
              SSPCON2bits   0x000fc5       data     extern C:\MCC18\src\traditional\proc\p18F2680.asm
              SSPCON1bits   0x000fc6       data     extern C:\MCC18\src\traditional\proc\p18F2680.asm
                  SSPCON1   0x000fc6       data     extern C:\MCC18\src\traditional\proc\p18F2680.asm
                  SSPSTAT   0x000fc7       data     extern C:\MCC18\src\traditional\proc\p18F2680.asm
              SSPSTATbits   0x000fc7       data     extern C:\MCC18\src\traditional\proc\p18F2680.asm
                   SSPADD   0x000fc8       data     extern C:\MCC18\src\traditional\proc\p18F2680.asm
                   SSPBUF   0x000fc9       data     extern C:\MCC18\src\traditional\proc\p18F2680.asm
                T2CONbits   0x000fca       data     extern C:\MCC18\src\traditional\proc\p18F2680.asm
                    T2CON   0x000fca       data     extern C:\MCC18\src\traditional\proc\p18F2680.asm
                      PR2   0x000fcb       data     extern C:\MCC18\src\traditional\proc\p18F2680.asm
                     TMR2   0x000fcc       data     extern C:\MCC18\src\traditional\proc\p18F2680.asm
                    T1CON   0x000fcd       data     extern C:\MCC18\src\traditional\proc\p18F2680.asm
                T1CONbits   0x000fcd       data     extern C:\MCC18\src\traditional\proc\p18F2680.asm
                    TMR1L   0x000fce       data     extern C:\MCC18\src\traditional\proc\p18F2680.asm
                    TMR1H   0x000fcf       data     extern C:\MCC18\src\traditional\proc\p18F2680.asm
                     RCON   0x000fd0       data     extern C:\MCC18\src\traditional\proc\p18F2680.asm
                 RCONbits   0x000fd0       data     extern C:\MCC18\src\traditional\proc\p18F2680.asm
                   WDTCON   0x000fd1       data     extern C:\MCC18\src\traditional\proc\p18F2680.asm
               WDTCONbits   0x000fd1       data     extern C:\MCC18\src\traditional\proc\p18F2680.asm
              HLVDCONbits   0x000fd2       data     extern C:\MCC18\src\traditional\proc\p18F2680.asm
                  HLVDCON   0x000fd2       data     extern C:\MCC18\src\traditional\proc\p18F2680.asm
               LVDCONbits   0x000fd2       data     extern C:\MCC18\src\traditional\proc\p18F2680.asm
                   LVDCON   0x000fd2       data     extern C:\MCC18\src\traditional\proc\p18F2680.asm
                   OSCCON   0x000fd3       data     extern C:\MCC18\src\traditional\proc\p18F2680.asm
               OSCCONbits   0x000fd3       data     extern C:\MCC18\src\traditional\proc\p18F2680.asm
                T0CONbits   0x000fd5       data     extern C:\MCC18\src\traditional\proc\p18F2680.asm
                    T0CON   0x000fd5       data     extern C:\MCC18\src\traditional\proc\p18F2680.asm
                    TMR0L   0x000fd6       data     extern C:\MCC18\src\traditional\proc\p18F2680.asm
                    TMR0H   0x000fd7       data     extern C:\MCC18\src\traditional\proc\p18F2680.asm
               STATUSbits   0x000fd8       data     extern C:\MCC18\src\traditional\proc\p18F2680.asm
                   STATUS   0x000fd8       data     extern C:\MCC18\src\traditional\proc\p18F2680.asm
                     FSR2   0x000fd9       data     extern C:\MCC18\src\traditional\proc\p18F2680.asm
                    FSR2L   0x000fd9       data     extern C:\MCC18\src\traditional\proc\p18F2680.asm
                    FSR2H   0x000fda       data     extern C:\MCC18\src\traditional\proc\p18F2680.asm
                   PLUSW2   0x000fdb       data     extern C:\MCC18\src\traditional\proc\p18F2680.asm
                  PREINC2   0x000fdc       data     extern C:\MCC18\src\traditional\proc\p18F2680.asm
                 POSTDEC2   0x000fdd       data     extern C:\MCC18\src\traditional\proc\p18F2680.asm
                 POSTINC2   0x000fde       data     extern C:\MCC18\src\traditional\proc\p18F2680.asm
                    INDF2   0x000fdf       data     extern C:\MCC18\src\traditional\proc\p18F2680.asm
                      BSR   0x000fe0       data     extern C:\MCC18\src\traditional\proc\p18F2680.asm
                     FSR1   0x000fe1       data     extern C:\MCC18\src\traditional\proc\p18F2680.asm
                    FSR1L   0x000fe1       data     extern C:\MCC18\src\traditional\proc\p18F2680.asm
                    FSR1H   0x000fe2       data     extern C:\MCC18\src\traditional\proc\p18F2680.asm
                   PLUSW1   0x000fe3       data     extern C:\MCC18\src\traditional\proc\p18F2680.asm
                  PREINC1   0x000fe4       data     extern C:\MCC18\src\traditional\proc\p18F2680.asm
                 POSTDEC1   0x000fe5       data     extern C:\MCC18\src\traditional\proc\p18F2680.asm
                 POSTINC1   0x000fe6       data     extern C:\MCC18\src\traditional\proc\p18F2680.asm
                    INDF1   0x000fe7       data     extern C:\MCC18\src\traditional\proc\p18F2680.asm
                     WREG   0x000fe8       data     extern C:\MCC18\src\traditional\proc\p18F2680.asm
                    FSR0L   0x000fe9       data     extern C:\MCC18\src\traditional\proc\p18F2680.asm
                     FSR0   0x000fe9       data     extern C:\MCC18\src\traditional\proc\p18F2680.asm
                    FSR0H   0x000fea       data     extern C:\MCC18\src\traditional\proc\p18F2680.asm
                   PLUSW0   0x000feb       data     extern C:\MCC18\src\traditional\proc\p18F2680.asm
                  PREINC0   0x000fec       data     extern C:\MCC18\src\traditional\proc\p18F2680.asm
                 POSTDEC0   0x000fed       data     extern C:\MCC18\src\traditional\proc\p18F2680.asm
                 POSTINC0   0x000fee       data     extern C:\MCC18\src\traditional\proc\p18F2680.asm
                    INDF0   0x000fef       data     extern C:\MCC18\src\traditional\proc\p18F2680.asm
                  INTCON3   0x000ff0       data     extern C:\MCC18\src\traditional\proc\p18F2680.asm
              INTCON3bits   0x000ff0       data     extern C:\MCC18\src\traditional\proc\p18F2680.asm
                  INTCON2   0x000ff1       data     extern C:\MCC18\src\traditional\proc\p18F2680.asm
              INTCON2bits   0x000ff1       data     extern C:\MCC18\src\traditional\proc\p18F2680.asm
                   INTCON   0x000ff2       data     extern C:\MCC18\src\traditional\proc\p18F2680.asm
               INTCONbits   0x000ff2       data     extern C:\MCC18\src\traditional\proc\p18F2680.asm
                     PROD   0x000ff3       data     extern C:\MCC18\src\traditional\proc\p18F2680.asm
                    PRODL   0x000ff3       data     extern C:\MCC18\src\traditional\proc\p18F2680.asm
                    PRODH   0x000ff4       data     extern C:\MCC18\src\traditional\proc\p18F2680.asm
                   TABLAT   0x000ff5       data     extern C:\MCC18\src\traditional\proc\p18F2680.asm
                  TBLPTRL   0x000ff6       data     extern C:\MCC18\src\traditional\proc\p18F2680.asm
                   TBLPTR   0x000ff6       data     extern C:\MCC18\src\traditional\proc\p18F2680.asm
                  TBLPTRH   0x000ff7       data     extern C:\MCC18\src\traditional\proc\p18F2680.asm
                  TBLPTRU   0x000ff8       data     extern C:\MCC18\src\traditional\proc\p18F2680.asm
                      PCL   0x000ff9       data     extern C:\MCC18\src\traditional\proc\p18F2680.asm
                       PC   0x000ff9       data     extern C:\MCC18\src\traditional\proc\p18F2680.asm
                   PCLATH   0x000ffa       data     extern C:\MCC18\src\traditional\proc\p18F2680.asm
                   PCLATU   0x000ffb       data     extern C:\MCC18\src\traditional\proc\p18F2680.asm
               STKPTRbits   0x000ffc       data     extern C:\MCC18\src\traditional\proc\p18F2680.asm
                   STKPTR   0x000ffc       data     extern C:\MCC18\src\traditional\proc\p18F2680.asm
                      TOS   0x000ffd       data     extern C:\MCC18\src\traditional\proc\p18F2680.asm
                     TOSL   0x000ffd       data     extern C:\MCC18\src\traditional\proc\p18F2680.asm
                     TOSH   0x000ffe       data     extern C:\MCC18\src\traditional\proc\p18F2680.asm
                     TOSU   0x000fff       data     extern C:\MCC18\src\traditional\proc\p18F2680.asm


