Microchip MPLAB XC8 Compiler V1.12 ()

Linker command line:

--edf=C:\Program Files\Microchip\xc8\v1.12\dat\en_msgs.txt -cs \
  -h+dist/UseC18/production\Framework.X.production.sym -z -Q18F26J50 \
  -ol.obj -Mdist/UseC18/production/Framework.X.production.map -E1 -ver=XC8 \
  -ACODE=00h-0FFF7h -ACONST=00h-0FFF7h \
  -ASMALLCONST=0F00h-0FFFhx240,0FF00h-0FFF7h -AMEDIUMCONST=0F00h-0FFF7h \
  -ACOMRAM=01h-05Fh -AABS1=00h-0EBFh -ABIGRAM=01h-0EBFh \
  -ARAM=060h-0FFh,0100h-01FFhx13,0E00h-0EBFh -ABANK0=060h-0FFh \
  -ABANK1=0100h-01FFh -ABANK2=0200h-02FFh -ABANK3=0300h-03FFh \
  -ABANK4=0400h-04FFh -ABANK5=0500h-05FFh -ABANK6=0600h-06FFh \
  -ABANK7=0700h-07FFh -ABANK8=0800h-08FFh -ABANK9=0900h-09FFh \
  -ABANK10=0A00h-0AFFh -ABANK11=0B00h-0BFFh -ABANK12=0C00h-0CFFh \
  -ABANK13=0D00h-0DFFh -ABANK14=0E00h-0EBFh \
  -ASFR=0EC0h-0EFFh,0F00h-0F5Fh,0F60h-0FFFh \
  -preset_vec=00h,intcode=08h,intcodelo=018h,powerup,init,end_init \
  -pramtop=0F00h -psmallconst=SMALLCONST -pmediumconst=MEDIUMCONST \
  -pconst=CONST -AFARRAM=00h-00h -ACONFIG=0FFF8h-0FFFFh -pconfig=CONFIG \
  -pjflash_buffer=0F800h \
  -prdata=COMRAM,nvrram=COMRAM,nvbit=COMRAM,rbss=COMRAM,rbit=COMRAM \
  -pfarbss=FARRAM,fardata=FARRAM \
  -pintsave_regs=BIGRAM,bigbss=BIGRAM,bigdata=BIGRAM -pbss=RAM \
  -pidata=CODE,irdata=CODE,ibigdata=CODE,ifardata=CODE \
  C:\Users\ECE4534\AppData\Local\Temp\s374.obj \
  dist/UseC18/production\Framework.X.production.obj 

Object code version is 3.10

Machine type is 18F26J50

Call graph: (short form)




                Name                               Link     Load   Length Selector   Space Scale
C:\Users\ECE4534\AppData\Local\Temp\s374.obj
                end_init                             C2       C2        4        C       0
                reset_vec                             0        0        4        0       0
                config                             FFF8     FFF8        8     FFF8       0
dist/UseC18/production\Framework.X.production.obj
                intcodelo                            18       18       AA        C       0
                intcode                               8        8       10        4       0
                text51                             1AEC     1AEC       56        C       0
                text50                             1C8E     1C8E       38        C       0
                text49                              D44      D44      140        C       0
                text48                             109C     109C      106        C       0
                text47                             1EB8     1EB8       14        C       0
                text46                             19E0     19E0       5E        C       0
                text45                             1F02     1F02       12        C       0
                text44                             11A2     11A2       DA        C       0
                text43                             1F26     1F26        6        C       0
                text42                             1D5C     1D5C       30        C       0
                text41                             1DB8     1DB8       2C        C       0
                text40                             15E6     15E6       9A        C       0
                text39                             149A     149A       AC        C       0
                text38                               C6       C6      7C4        C       0
                intcode_body                       1718     1718       8A        C       0
                text36                             1B90     1B90       48        C       0
                text35                             13E8     13E8       B2        C       0
                text34                             1EF0     1EF0       12        C       0
                text33                             1EDE     1EDE       12        C       0
                text32                             1C56     1C56       38        C       0
                text31                             1E32     1E32       24        C       0
                text30                             1332     1332       B6        C       0
                text29                             1CC6     1CC6       36        C       0
                text27                             1546     1546       A0        C       0
                text26                             1EA4     1EA4       14        C       0
                text25                             1C1E     1C1E       38        C       0
                text24                             1A96     1A96       56        C       0
                text23                              F96      F96      106        C       0
                text22                             1D8C     1D8C       2C        C       0
                text21                              C04      C04      140        C       0
                text20                             1828     1828       86        C       0
                text19                             1B42     1B42       4E        C       0
                text18                             17A2     17A2       86        C       0
                text17                             1D2C     1D2C       30        C       0
                text16                              E84      E84      112        C       0
                text15                             1F14     1F14        A        C       0
                text14                             1CFC     1CFC       30        C       0
                text13                             1E90     1E90       14        C       0
                text12                             1982     1982       5E        C       0
                text11                             1A3E     1A3E       58        C       0
                text10                             127C     127C       B6        C       0
                text9                              1680     1680       98        C       0
                text8                              1E0E     1E0E       24        C       0
                text7                              1BD8     1BD8       46        C       0
                text6                              1DE4     1DE4       2A        C       0
                text5                              18AE     18AE       72        C       0
                text4                              1ECC     1ECC       12        C       0
                text3                              1920     1920       62        C       0
                text2                              1E76     1E76       1A        C       0
                text1                              1F1E     1F1E        8        C       0
                text0                               88A      88A      37A        C       0
                cstackCOMRAM                          1        1       2F        1       1
                cstackBANK0                          97       97       34       60       1
                cstackBANK1                         1A2      1A2       5B      100       1
                bssBANK1                            100      100       A2      100       1
                bssBANK0                             60       60       37       60       1
                bssCOMRAM                            32       32        1        1       1
                cinit                              1E56     1E56       20        C       0
                nvBANK0                              CB       CB        2       60       1
                nvCOMRAM                             30       30        2        1       1

TOTAL           Name                               Link     Load   Length     Space
        CLASS   CODE           
                end_init                             C2       C2        4         0
                intcodelo                            18       18       AA         0
                intcode                               8        8       10         0
                reset_vec                             0        0        4         0
                text51                             1AEC     1AEC       56         0
                text50                             1C8E     1C8E       38         0
                text49                              D44      D44      140         0
                text48                             109C     109C      106         0
                text47                             1EB8     1EB8       14         0
                text46                             19E0     19E0       5E         0
                text45                             1F02     1F02       12         0
                text44                             11A2     11A2       DA         0
                text43                             1F26     1F26        6         0
                text42                             1D5C     1D5C       30         0
                text41                             1DB8     1DB8       2C         0
                text40                             15E6     15E6       9A         0
                text39                             149A     149A       AC         0
                text38                               C6       C6      7C4         0
                intcode_body                       1718     1718       8A         0
                text36                             1B90     1B90       48         0
                text35                             13E8     13E8       B2         0
                text34                             1EF0     1EF0       12         0
                text33                             1EDE     1EDE       12         0
                text32                             1C56     1C56       38         0
                text31                             1E32     1E32       24         0
                text30                             1332     1332       B6         0
                text29                             1CC6     1CC6       36         0
                text27                             1546     1546       A0         0
                text26                             1EA4     1EA4       14         0
                text25                             1C1E     1C1E       38         0
                text24                             1A96     1A96       56         0
                text23                              F96      F96      106         0
                text22                             1D8C     1D8C       2C         0
                text21                              C04      C04      140         0
                text20                             1828     1828       86         0
                text19                             1B42     1B42       4E         0
                text18                             17A2     17A2       86         0
                text17                             1D2C     1D2C       30         0
                text16                              E84      E84      112         0
                text15                             1F14     1F14        A         0
                text14                             1CFC     1CFC       30         0
                text13                             1E90     1E90       14         0
                text12                             1982     1982       5E         0
                text11                             1A3E     1A3E       58         0
                text10                             127C     127C       B6         0
                text9                              1680     1680       98         0
                text8                              1E0E     1E0E       24         0
                text7                              1BD8     1BD8       46         0
                text6                              1DE4     1DE4       2A         0
                text5                              18AE     18AE       72         0
                text4                              1ECC     1ECC       12         0
                text3                              1920     1920       62         0
                text2                              1E76     1E76       1A         0
                text1                              1F1E     1F1E        8         0
                text0                               88A      88A      37A         0
                cinit                              1E56     1E56       20         0

        CLASS   CONST          

        CLASS   SMALLCONST     

        CLASS   MEDIUMCONST    

        CLASS   COMRAM         
                cstackCOMRAM                          1        1       2F         1
                bssCOMRAM                            32       32        1         1
                nvCOMRAM                             30       30        2         1

        CLASS   ABS1           

        CLASS   BIGRAM         

        CLASS   RAM            

        CLASS   BANK0          
                cstackBANK0                          97       97       34         1
                bssBANK0                             60       60       37         1
                nvBANK0                              CB       CB        2         1

        CLASS   BANK1          
                cstackBANK1                         1A2      1A2       5B         1
                bssBANK1                            100      100       A2         1

        CLASS   BANK2          

        CLASS   BANK3          

        CLASS   BANK4          

        CLASS   BANK5          

        CLASS   BANK6          

        CLASS   BANK7          

        CLASS   BANK8          

        CLASS   BANK9          

        CLASS   BANK10         

        CLASS   BANK11         

        CLASS   BANK12         

        CLASS   BANK13         

        CLASS   BANK14         

        CLASS   SFR            

        CLASS   FARRAM         

        CLASS   CONFIG         
                config                             FFF8     FFF8        8         0

        CLASS   IDLOC          



SEGMENTS        Name                           Load    Length   Top    Selector   Space  Class

                reset_vec                      000000  000004  000004         0       0  CODE    
                cstackCOMRAM                   000001  000032  000033         1       1  COMRAM  
                intcode                        000008  000010  000018         4       0  CODE    
                intcodelo                      000018  001F14  001F2C         C       0  CODE    
                bssBANK0                       000060  00006D  0000CD        60       1  BANK0   
                bssBANK1                       000100  0000FD  0001FD       100       1  BANK1   
                config                         00FFF8  000008  010000      FFF8       0  CONFIG  


UNUSED ADDRESS RANGES

        Name                Unused          Largest block    Delta
        BANK0            000CD-000FF              33
        BANK1            001FD-001FF               3
        BANK10           00A00-00AFF             100
        BANK11           00B00-00BFF             100
        BANK12           00C00-00CFF             100
        BANK13           00D00-00DFF             100
        BANK14           00E00-00EBF              C0
        BANK2            00200-002FF             100
        BANK3            00300-003FF             100
        BANK4            00400-004FF             100
        BANK5            00500-005FF             100
        BANK6            00600-006FF             100
        BANK7            00700-007FF             100
        BANK8            00800-008FF             100
        BANK9            00900-009FF             100
        BIGRAM           00033-0005F              2D
                         000CD-000FF              33
                         001FD-00EBF             CC3
        CODE             00004-00007               4
                         01F2C-0FFF7            E0CC
        COMRAM           00033-0005F              2D
        CONST            00004-00007               4
                         01F2C-0FFF7            E0CC
        MEDIUMCONST      01F2C-0FFF7            E0CC
        RAM              000CD-000FF              33
                         001FD-00EBF             100
        SFR              00EC0-00FFF              60
        SMALLCONST       01F2C-0FFF7             100

                                  Symbol Table

?_Delay1KTCYx                   cstackBANK0   000CA
?_FromMainHigh_recvmsg          cstackBANK0   000AF
?_FromMainHigh_sendmsg          cstackBANK1   001B7
?_Open1USART                    cstackBANK1   001A2
?_OpenTimer0                    cstackBANK0   000CA
?_OpenTimer1                    cstackBANK1   001A2
?_ReadTimer1                    cstackCOMRAM  00001
?_ToMainHigh_recvmsg            cstackBANK1   001BA
?_ToMainHigh_sendmsg            cstackBANK0   000AD
?_ToMainLow_recvmsg             cstackBANK1   001BA
?_ToMainLow_sendmsg             cstackCOMRAM  00017
?_WriteTimer0                   cstackBANK0   00097
?_WriteTimer1                   cstackCOMRAM  00001
?___lwmod                       cstackBANK1   001A2
?_check_msg                     cstackBANK1   001A2
?_handle_start                  cstackBANK0   00097
?_i2c_configure_slave           cstackBANK0   000CA
?_in_high_int                   cstackBANK1   001A2
?_in_low_int                    cstackBANK1   001A4
?_in_main                       cstackBANK1   001A6
?_init_i2c                      cstackBANK1   001A2
?_init_queue                    cstackBANK1   001A2
?_init_timer1_lthread           cstackBANK1   001A2
?_init_uart_recv                cstackBANK1   001A2
?_memcpy                        cstackBANK1   001A2
?_recv_msg                      cstackBANK1   001AC
?_send_msg                      cstackBANK1   001AC
?_start_i2c_slave_reply         cstackBANK1   001A2
?_timer0_lthread                cstackBANK1   001A2
?_timer1_lthread                cstackBANK1   001BB
?_uart_lthread                  cstackBANK1   001A2
?i1_memcpy                      cstackCOMRAM  00001
?i1_send_msg                    cstackCOMRAM  0000B
?i2_check_msg                   cstackBANK0   00097
?i2_in_high_int                 cstackBANK0   00097
?i2_in_low_int                  cstackBANK0   00099
?i2_memcpy                      cstackBANK0   00097
?i2_recv_msg                    cstackBANK0   000A1
?i2_send_msg                    cstackBANK0   000A1
Delay1KTCYx@unit                cstackBANK0   000CA
FromMainHigh_recvmsg@data       cstackBANK0   000B2
FromMainHigh_recvmsg@maxlength  cstackBANK0   000AF
FromMainHigh_recvmsg@msgtype    cstackBANK0   000B0
FromMainHigh_sendmsg@data       cstackBANK1   001B9
FromMainHigh_sendmsg@length     cstackBANK1   001B7
FromMainHigh_sendmsg@msgtype    cstackBANK1   001B8
Open1USART@config               cstackBANK1   001A2
Open1USART@spbrg                cstackBANK1   001A3
OpenTimer0@config               cstackBANK0   000CA
OpenTimer1@config               cstackBANK1   001A2
OpenTimer1@config1              cstackBANK1   001A3
Read1USART@data                 cstackCOMRAM  00001
ReadTimer1@timer                cstackCOMRAM  00003
ToMainHigh_recvmsg@data         cstackBANK1   001BD
ToMainHigh_recvmsg@maxlength    cstackBANK1   001BA
ToMainHigh_recvmsg@msgtype      cstackBANK1   001BB
ToMainHigh_sendmsg@data         cstackBANK0   000AF
ToMainHigh_sendmsg@length       cstackBANK0   000AD
ToMainHigh_sendmsg@msgtype      cstackBANK0   000AE
ToMainLow_recvmsg@data          cstackBANK1   001BD
ToMainLow_recvmsg@maxlength     cstackBANK1   001BA
ToMainLow_recvmsg@msgtype       cstackBANK1   001BB
ToMainLow_sendmsg@data          cstackCOMRAM  00019
ToMainLow_sendmsg@length        cstackCOMRAM  00017
ToMainLow_sendmsg@msgtype       cstackCOMRAM  00018
WriteTimer0@timer               cstackBANK0   00099
WriteTimer0@timer0              cstackBANK0   00097
WriteTimer1@timer               cstackCOMRAM  00003
WriteTimer1@timer1              cstackCOMRAM  00001
_Delay1KTCYx                    text26        01EA4
_FromMainHigh_MQ                bssBANK1      00100
_FromMainHigh_recvmsg           text42        01D5C
_FromMainHigh_sendmsg           text22        01D8C
_FromMainLow_MQ                 bssBANK1      00136
_INTCONbits                     (abs)         00FF2
_IPR1bits                       (abs)         00F9F
_InterruptHandlerHigh           intcode       00008
_InterruptHandlerLow            intcodelo     00018
_MQ_Main_Willing_to_block       bssBANK0      00060
_OSCCON                         (abs)         00FD3
_OSCCONbits                     (abs)         00FD3
_OSCTUNEbits                    (abs)         00F9B
_Open1USART                     text9         01680
_OpenTimer0                     text6         01DE4
_OpenTimer1                     text7         01BD8
_PIE1bits                       (abs)         00F9D
_PIR1bits                       (abs)         00F9E
_PORTBbits                      (abs)         00F81
_RCONbits                       (abs)         00FD0
_RCREG1                         (abs)         00FAF
_RCSTA1                         (abs)         00FAC
_RCSTA1bits                     (abs)         00FAC
_RCSTAbits                      (abs)         00FAC
_Read1USART                     text32        01C56
_ReadTimer1                     text33        01EDE
_SPBRG1                         (abs)         00FB0
_SPBRGH1                        (abs)         00F7F
_SSPADD                         (abs)         00FC8
_SSPBUF                         (abs)         00FC9
_SSPCON1                        (abs)         00FC6
_SSPCON1bits                    (abs)         00FC6
_SSPCON2                        (abs)         00FC5
_SSPCON2bits                    (abs)         00FC5
_SSPSTAT                        (abs)         00FC7
_SSPSTATbits                    (abs)         00FC7
_SleepIfOkay                    text40        015E6
_T0CON                          (abs)         00FD5
_T0CONbits                      (abs)         00FD5
_T1CON                          (abs)         00FCD
_T1CONbits                      (abs)         00FCD
_T1GCON                         (abs)         00F9A
_T1GCONbits                     (abs)         00F9A
_TMR0H                          (abs)         00FD7
_TMR0L                          (abs)         00FD6
_TMR1H                          (abs)         00FCF
_TMR1L                          (abs)         00FCE
_TXSTA1                         (abs)         00FAD
_TXSTA1bits                     (abs)         00FAD
_ToMainHigh_MQ                  bssBANK1      0016C
_ToMainHigh_recvmsg             text14        01CFC
_ToMainHigh_sendmsg             text41        01DB8
_ToMainLow_MQ                   bssBANK0      00061
_ToMainLow_recvmsg              text17        01D2C
_ToMainLow_sendmsg              text31        01E32
_USART1_Status                  bssCOMRAM     00032
_WriteTimer0                    text45        01F02
_WriteTimer1                    text34        01EF0
__CFG_CP0$OFF                   (abs)         00000
__CFG_CPUDIV$OSC1               (abs)         00000
__CFG_DSBOREN$OFF               (abs)         00000
__CFG_DSWDTEN$OFF               (abs)         00000
__CFG_DSWDTOSC$T1OSCREF         (abs)         00000
__CFG_DSWDTPS$G2                (abs)         00000
__CFG_FCMEN$OFF                 (abs)         00000
__CFG_IESO$ON                   (abs)         00000
__CFG_IOL1WAY$ON                (abs)         00000
__CFG_LPT1OSC$OFF               (abs)         00000
__CFG_MSSP7B_EN$MSK7            (abs)         00000
__CFG_OSC$HSPLL                 (abs)         00000
__CFG_PLLDIV$3                  (abs)         00000
__CFG_RTCOSC$T1OSCREF           (abs)         00000
__CFG_STVREN$OFF                (abs)         00000
__CFG_T1DIG$OFF                 (abs)         00000
__CFG_WDTEN$OFF                 (abs)         00000
__CFG_WDTPS$32768               (abs)         00000
__CFG_WPCFG$OFF                 (abs)         00000
__CFG_WPDIS$OFF                 (abs)         00000
__CFG_WPEND$PAGE_WPFP           (abs)         00000
__CFG_WPFP$PAGE_63              (abs)         00000
__CFG_XINST$OFF                 (abs)         00000
__HRAM                          (abs)         00000
__Habs1                         abs1          00000
__Hbank0                        bank0         00000
__Hbank1                        bank1         00000
__Hbank10                       bank10        00000
__Hbank11                       bank11        00000
__Hbank12                       bank12        00000
__Hbank13                       bank13        00000
__Hbank14                       bank14        00000
__Hbank2                        bank2         00000
__Hbank3                        bank3         00000
__Hbank4                        bank4         00000
__Hbank5                        bank5         00000
__Hbank6                        bank6         00000
__Hbank7                        bank7         00000
__Hbank8                        bank8         00000
__Hbank9                        bank9         00000
__Hbigbss                       bigbss        00000
__Hbigdata                      bigdata       00000
__Hbigram                       bigram        00000
__Hbss                          bss           00000
__HbssBANK0                     bssBANK0      00000
__HbssBANK1                     bssBANK1      00000
__HbssCOMRAM                    bssCOMRAM     00000
__Hcinit                        cinit         00000
__Hclrtext                      clrtext       00000
__Hcomram                       comram        00000
__Hconfig                       config        10000
__Hconst                        const         00000
__HcstackBANK0                  cstackBANK0   00000
__HcstackBANK1                  cstackBANK1   00000
__HcstackCOMRAM                 cstackCOMRAM  00000
__Hdata                         data          00000
__Hend_init                     end_init      000C6
__Hfarbss                       farbss        00000
__Hfardata                      fardata       00000
__Hibigdata                     ibigdata      00000
__Hidata                        idata         00000
__Hidloc                        idloc         00000
__Hifardata                     ifardata      00000
__Hinit                         init          000C2
__Hintcode                      intcode       00018
__Hintcode_body                 intcode_body  00000
__Hintcodelo                    intcodelo     000C2
__Hintentry                     intentry      00000
__Hintret                       intret        00000
__Hintsave_regs                 intsave_regs  00000
__Hirdata                       irdata        00000
__Hjflash_buffer                jflash_buffer 0F800
__Hmediumconst                  mediumconst   00000
__HnvBANK0                      nvBANK0       00000
__HnvCOMRAM                     nvCOMRAM      00000
__Hnvbit                        nvbit         00000
__Hnvrram                       nvrram        00000
__Hparam                        param0        00000
__Hparam0                       param0        00000
__Hpowerup                      powerup       000C2
__Hram                          ram           00000
__Hramtop                       ramtop        00F00
__Hrbit                         rbit          00000
__Hrbss                         rbss          00000
__Hrdata                        rdata         00000
__Hreset_vec                    reset_vec     00004
__Hsfr                          sfr           00000
__Hsmallconst                   smallconst    00000
__Hstruct                       struct        00000
__Htemp                         temp          00000
__Htext                         text          00000
__Htext0                        text0         00000
__Htext1                        text1         00000
__Htext10                       text10        00000
__Htext11                       text11        00000
__Htext12                       text12        00000
__Htext13                       text13        00000
__Htext14                       text14        00000
__Htext15                       text15        00000
__Htext16                       text16        00000
__Htext17                       text17        00000
__Htext18                       text18        00000
__Htext19                       text19        00000
__Htext2                        text2         00000
__Htext20                       text20        00000
__Htext21                       text21        00000
__Htext22                       text22        00000
__Htext23                       text23        00000
__Htext24                       text24        00000
__Htext25                       text25        00000
__Htext26                       text26        00000
__Htext27                       text27        00000
__Htext29                       text29        00000
__Htext3                        text3         00000
__Htext30                       text30        00000
__Htext31                       text31        00000
__Htext32                       text32        00000
__Htext33                       text33        00000
__Htext34                       text34        00000
__Htext35                       text35        00000
__Htext36                       text36        00000
__Htext38                       text38        00000
__Htext39                       text39        00000
__Htext4                        text4         00000
__Htext40                       text40        00000
__Htext41                       text41        00000
__Htext42                       text42        00000
__Htext43                       text43        00000
__Htext44                       text44        00000
__Htext45                       text45        00000
__Htext46                       text46        00000
__Htext47                       text47        00000
__Htext48                       text48        00000
__Htext49                       text49        00000
__Htext5                        text5         00000
__Htext50                       text50        00000
__Htext51                       text51        00000
__Htext52                       text52        00000
__Htext6                        text6         00000
__Htext7                        text7         00000
__Htext8                        text8         00000
__Htext9                        text9         00000
__LRAM                          (abs)         00001
__Labs1                         abs1          00000
__Lbank0                        bank0         00000
__Lbank1                        bank1         00000
__Lbank10                       bank10        00000
__Lbank11                       bank11        00000
__Lbank12                       bank12        00000
__Lbank13                       bank13        00000
__Lbank14                       bank14        00000
__Lbank2                        bank2         00000
__Lbank3                        bank3         00000
__Lbank4                        bank4         00000
__Lbank5                        bank5         00000
__Lbank6                        bank6         00000
__Lbank7                        bank7         00000
__Lbank8                        bank8         00000
__Lbank9                        bank9         00000
__Lbigbss                       bigbss        00000
__Lbigdata                      bigdata       00000
__Lbigram                       bigram        00000
__Lbss                          bss           00000
__LbssBANK0                     bssBANK0      00000
__LbssBANK1                     bssBANK1      00000
__LbssCOMRAM                    bssCOMRAM     00000
__Lcinit                        cinit         00000
__Lclrtext                      clrtext       00000
__Lcomram                       comram        00000
__Lconfig                       config        0FFF8
__Lconst                        const         00000
__LcstackBANK0                  cstackBANK0   00000
__LcstackBANK1                  cstackBANK1   00000
__LcstackCOMRAM                 cstackCOMRAM  00000
__Ldata                         data          00000
__Lend_init                     end_init      000C2
__Lfarbss                       farbss        00000
__Lfardata                      fardata       00000
__Libigdata                     ibigdata      00000
__Lidata                        idata         00000
__Lidloc                        idloc         00000
__Lifardata                     ifardata      00000
__Linit                         init          000C2
__Lintcode                      intcode       00008
__Lintcode_body                 intcode_body  00000
__Lintcodelo                    intcodelo     00018
__Lintentry                     intentry      00000
__Lintret                       intret        00000
__Lintsave_regs                 intsave_regs  00000
__Lirdata                       irdata        00000
__Ljflash_buffer                jflash_buffer 0F800
__Lmediumconst                  mediumconst   00000
__LnvBANK0                      nvBANK0       00000
__LnvCOMRAM                     nvCOMRAM      00000
__Lnvbit                        nvbit         00000
__Lnvrram                       nvrram        00000
__Lparam                        param0        00000
__Lparam0                       param0        00000
__Lpowerup                      powerup       000C2
__Lram                          ram           00000
__Lramtop                       ramtop        00F00
__Lrbit                         rbit          00000
__Lrbss                         rbss          00000
__Lrdata                        rdata         00000
__Lreset_vec                    reset_vec     00000
__Lsfr                          sfr           00000
__Lsmallconst                   smallconst    00000
__Lstruct                       struct        00000
__Ltemp                         temp          00000
__Ltext                         text          00000
__Ltext0                        text0         00000
__Ltext1                        text1         00000
__Ltext10                       text10        00000
__Ltext11                       text11        00000
__Ltext12                       text12        00000
__Ltext13                       text13        00000
__Ltext14                       text14        00000
__Ltext15                       text15        00000
__Ltext16                       text16        00000
__Ltext17                       text17        00000
__Ltext18                       text18        00000
__Ltext19                       text19        00000
__Ltext2                        text2         00000
__Ltext20                       text20        00000
__Ltext21                       text21        00000
__Ltext22                       text22        00000
__Ltext23                       text23        00000
__Ltext24                       text24        00000
__Ltext25                       text25        00000
__Ltext26                       text26        00000
__Ltext27                       text27        00000
__Ltext29                       text29        00000
__Ltext3                        text3         00000
__Ltext30                       text30        00000
__Ltext31                       text31        00000
__Ltext32                       text32        00000
__Ltext33                       text33        00000
__Ltext34                       text34        00000
__Ltext35                       text35        00000
__Ltext36                       text36        00000
__Ltext38                       text38        00000
__Ltext39                       text39        00000
__Ltext4                        text4         00000
__Ltext40                       text40        00000
__Ltext41                       text41        00000
__Ltext42                       text42        00000
__Ltext43                       text43        00000
__Ltext44                       text44        00000
__Ltext45                       text45        00000
__Ltext46                       text46        00000
__Ltext47                       text47        00000
__Ltext48                       text48        00000
__Ltext49                       text49        00000
__Ltext5                        text5         00000
__Ltext50                       text50        00000
__Ltext51                       text51        00000
__Ltext52                       text52        00000
__Ltext6                        text6         00000
__Ltext7                        text7         00000
__Ltext8                        text8         00000
__Ltext9                        text9         00000
__S0                            (abs)         10000
__S1                            (abs)         001FD
___lwmod                        text27        01546
___lwmod@counter                cstackBANK1   001A6
___lwmod@dividend               cstackBANK1   001A2
___lwmod@divisor                cstackBANK1   001A4
__accesstop                     (abs)         00060
__activetblptr                  (abs)         00000
__end_of_Delay1KTCYx            text26        01EB8
__end_of_FromMainHigh_recvmsg   text42        01D8C
__end_of_FromMainHigh_sendmsg   text22        01DB8
__end_of_InterruptHandlerHigh   intcode_body  017A2
__end_of_InterruptHandlerLow    intcodelo     000C2
__end_of_Open1USART             text9         01718
__end_of_OpenTimer0             text6         01E0E
__end_of_OpenTimer1             text7         01C1E
__end_of_Read1USART             text32        01C8E
__end_of_ReadTimer1             text33        01EF0
__end_of_SleepIfOkay            text40        01680
__end_of_ToMainHigh_recvmsg     text14        01D2C
__end_of_ToMainHigh_sendmsg     text41        01DE4
__end_of_ToMainLow_recvmsg      text17        01D5C
__end_of_ToMainLow_sendmsg      text31        01E56
__end_of_WriteTimer0            text45        01F14
__end_of_WriteTimer1            text34        01F02
__end_of___lwmod                text27        015E6
__end_of__initialization        cinit         01E70
__end_of_block_on_To_msgqueues  text10        01332
__end_of_check_msg              text25        01C56
__end_of_enable_interrupts      text1         01F26
__end_of_enter_sleep_mode       text43        01F2C
__end_of_handle_start           text44        0127C
__end_of_i2c_configure_slave    text8         01E32
__end_of_i2c_int_handler        text38        0088A
__end_of_in_high_int            text13        01EA4
__end_of_in_low_int             text12        019E0
__end_of_in_main                text11        01A96
__end_of_init_i2c               text3         01982
__end_of_init_queue             text20        018AE
__end_of_init_queues            text5         01920
__end_of_init_timer1_lthread    text4         01EDE
__end_of_init_uart_recv         text2         01E90
__end_of_main                   text0         00C04
__end_of_memcpy                 text24        01AEC
__end_of_recv_msg               text21        00D44
__end_of_send_msg               text23        0109C
__end_of_start_i2c_slave_reply  text16        00F96
__end_of_timer0_int_handler     text39        01546
__end_of_timer0_lthread         text15        01F1E
__end_of_timer1_int_handler     text29        01CFC
__end_of_timer1_lthread         text18        01828
__end_of_uart_lthread           text19        01B90
__end_of_uart_recv_int_handler  text30        013E8
__end_ofi1_memcpy               text36        01BD8
__end_ofi1_send_msg             text35        0149A
__end_ofi2_check_msg            text50        01CC6
__end_ofi2_in_high_int          text47        01ECC
__end_ofi2_in_low_int           text46        01A3E
__end_ofi2_memcpy               text51        01B42
__end_ofi2_recv_msg             text49        00E84
__end_ofi2_send_msg             text48        011A2
__initialization                cinit         01E56
__mediumconst                   mediumconst   00000
__pbssBANK0                     bssBANK0      00060
__pbssBANK1                     bssBANK1      00100
__pbssCOMRAM                    bssCOMRAM     00032
__pcinit                        cinit         01E56
__pcstackBANK0                  cstackBANK0   00097
__pcstackBANK1                  cstackBANK1   001A2
__pcstackCOMRAM                 cstackCOMRAM  00001
__pintcode                      intcode       00008
__pintcode_body                 intcode_body  01718
__pintcodelo                    intcodelo     00018
__pnvBANK0                      nvBANK0       000CB
__pnvCOMRAM                     nvCOMRAM      00030
__ptext0                        text0         0088A
__ptext1                        text1         01F1E
__ptext10                       text10        0127C
__ptext11                       text11        01A3E
__ptext12                       text12        01982
__ptext13                       text13        01E90
__ptext14                       text14        01CFC
__ptext15                       text15        01F14
__ptext16                       text16        00E84
__ptext17                       text17        01D2C
__ptext18                       text18        017A2
__ptext19                       text19        01B42
__ptext2                        text2         01E76
__ptext20                       text20        01828
__ptext21                       text21        00C04
__ptext22                       text22        01D8C
__ptext23                       text23        00F96
__ptext24                       text24        01A96
__ptext25                       text25        01C1E
__ptext26                       text26        01EA4
__ptext27                       text27        01546
__ptext29                       text29        01CC6
__ptext3                        text3         01920
__ptext30                       text30        01332
__ptext31                       text31        01E32
__ptext32                       text32        01C56
__ptext33                       text33        01EDE
__ptext34                       text34        01EF0
__ptext35                       text35        013E8
__ptext36                       text36        01B90
__ptext38                       text38        000C6
__ptext39                       text39        0149A
__ptext4                        text4         01ECC
__ptext40                       text40        015E6
__ptext41                       text41        01DB8
__ptext42                       text42        01D5C
__ptext43                       text43        01F26
__ptext44                       text44        011A2
__ptext45                       text45        01F02
__ptext46                       text46        019E0
__ptext47                       text47        01EB8
__ptext48                       text48        0109C
__ptext49                       text49        00D44
__ptext5                        text5         018AE
__ptext50                       text50        01C8E
__ptext51                       text51        01AEC
__ptext52                       text52        00000
__ptext6                        text6         01DE4
__ptext7                        text7         01BD8
__ptext8                        text8         01E0E
__ptext9                        text9         01680
__ramtop                        ramtop        00F00
__size_of_Delay1KTCYx           (abs)         00000
__size_of_FromMainHigh_recvmsg  (abs)         00000
__size_of_FromMainHigh_sendmsg  (abs)         00000
__size_of_InterruptHandlerHigh  (abs)         00000
__size_of_InterruptHandlerLow   (abs)         00000
__size_of_Open1USART            (abs)         00000
__size_of_OpenTimer0            (abs)         00000
__size_of_OpenTimer1            (abs)         00000
__size_of_Read1USART            (abs)         00000
__size_of_ReadTimer1            (abs)         00000
__size_of_SleepIfOkay           (abs)         00000
__size_of_ToMainHigh_recvmsg    (abs)         00000
__size_of_ToMainHigh_sendmsg    (abs)         00000
__size_of_ToMainLow_recvmsg     (abs)         00000
__size_of_ToMainLow_sendmsg     (abs)         00000
__size_of_WriteTimer0           (abs)         00000
__size_of_WriteTimer1           (abs)         00000
__size_of___lwmod               (abs)         00000
__size_of_block_on_To_msgqueues (abs)         00000
__size_of_check_msg             (abs)         00000
__size_of_enable_interrupts     (abs)         00000
__size_of_enter_sleep_mode      (abs)         00000
__size_of_handle_start          (abs)         00000
__size_of_i2c_configure_slave   (abs)         00000
__size_of_i2c_int_handler       (abs)         00000
__size_of_in_high_int           (abs)         00000
__size_of_in_low_int            (abs)         00000
__size_of_in_main               (abs)         00000
__size_of_init_i2c              (abs)         00000
__size_of_init_queue            (abs)         00000
__size_of_init_queues           (abs)         00000
__size_of_init_timer1_lthread   (abs)         00000
__size_of_init_uart_recv        (abs)         00000
__size_of_main                  (abs)         00000
__size_of_memcpy                (abs)         00000
__size_of_recv_msg              (abs)         00000
__size_of_send_msg              (abs)         00000
__size_of_start_i2c_slave_reply (abs)         00000
__size_of_timer0_int_handler    (abs)         00000
__size_of_timer0_lthread        (abs)         00000
__size_of_timer1_int_handler    (abs)         00000
__size_of_timer1_lthread        (abs)         00000
__size_of_uart_lthread          (abs)         00000
__size_of_uart_recv_int_handler (abs)         00000
__size_ofi1_memcpy              (abs)         00000
__size_ofi1_send_msg            (abs)         00000
__size_ofi2_check_msg           (abs)         00000
__size_ofi2_in_high_int         (abs)         00000
__size_ofi2_in_low_int          (abs)         00000
__size_ofi2_memcpy              (abs)         00000
__size_ofi2_recv_msg            (abs)         00000
__size_ofi2_send_msg            (abs)         00000
__smallconst                    smallconst    00000
_block_on_To_msgqueues          text10        0127C
_check_msg                      text25        01C1E
_enable_interrupts              text1         01F1E
_enter_sleep_mode               text43        01F26
_handle_start                   text44        011A2
_i2c_configure_slave            text8         01E0E
_i2c_int_handler                text38        000C6
_ic_ptr                         nvBANK0       000CB
_in_high_int                    text13        01E90
_in_low_int                     text12        01982
_in_main                        text11        01A3E
_init_i2c                       text3         01920
_init_queue                     text20        01828
_init_queues                    text5         018AE
_init_timer1_lthread            text4         01ECC
_init_uart_recv                 text2         01E76
_main                           text0         0088A
_memcpy                         text24        01A96
_recv_msg                       text21        00C04
_send_msg                       text23        00F96
_start_i2c_slave_reply          text16        00E84
_timer0_int_handler             text39        0149A
_timer0_lthread                 text15        01F14
_timer1_int_handler             text29        01CC6
_timer1_lthread                 text18        017A2
_uart_lthread                   text19        01B42
_uart_recv_int_handler          text30        01332
_uc_ptr                         nvCOMRAM      00030
check_msg@qptr                  cstackBANK1   001A2
end_of_initialization           cinit         01E70
handle_start@data_read          cstackBANK0   00097
i1_memcpy                       text36        01B90
i1_send_msg                     text35        013E8
i1memcpy@d                      cstackCOMRAM  00007
i1memcpy@d1                     cstackCOMRAM  00001
i1memcpy@n                      cstackCOMRAM  00005
i1memcpy@s                      cstackCOMRAM  00009
i1memcpy@s1                     cstackCOMRAM  00003
i1send_msg@data                 cstackCOMRAM  0000F
i1send_msg@length               cstackCOMRAM  0000D
i1send_msg@msgtype              cstackCOMRAM  0000E
i1send_msg@qmsg                 cstackCOMRAM  00015
i1send_msg@qptr                 cstackCOMRAM  0000B
i1send_msg@slot                 cstackCOMRAM  00014
i1send_msg@tlength              cstackCOMRAM  00012
i2_check_msg                    text50        01C8E
i2_in_high_int                  text47        01EB8
i2_in_low_int                   text46        019E0
i2_memcpy                       text51        01AEC
i2_recv_msg                     text49        00D44
i2_send_msg                     text48        0109C
i2c_configure_slave@addr        cstackBANK0   000CA
i2c_int_handler@data_read       cstackBANK0   000BB
i2c_int_handler@data_written    cstackBANK0   000B6
i2c_int_handler@error_buf       cstackBANK0   000B3
i2c_int_handler@i2c_data        cstackBANK0   000B8
i2c_int_handler@msg_ready       cstackBANK0   000BA
i2c_int_handler@msg_to_send     cstackBANK0   000B9
i2c_int_handler@overrun_error   cstackBANK0   000B7
i2check_msg@qptr                cstackBANK0   00097
i2memcpy@d                      cstackBANK0   0009D
i2memcpy@d1                     cstackBANK0   00097
i2memcpy@n                      cstackBANK0   0009B
i2memcpy@s                      cstackBANK0   0009F
i2memcpy@s1                     cstackBANK0   00099
i2recv_msg@data                 cstackBANK0   000A6
i2recv_msg@maxlength            cstackBANK0   000A3
i2recv_msg@msgtype              cstackBANK0   000A4
i2recv_msg@qmsg                 cstackBANK0   000AD
i2recv_msg@qptr                 cstackBANK0   000A1
i2recv_msg@slot                 cstackBANK0   000AA
i2recv_msg@tlength              cstackBANK0   000AB
i2send_msg@data                 cstackBANK0   000A5
i2send_msg@length               cstackBANK0   000A3
i2send_msg@msgtype              cstackBANK0   000A4
i2send_msg@qmsg                 cstackBANK0   000AB
i2send_msg@qptr                 cstackBANK0   000A1
i2send_msg@slot                 cstackBANK0   000AA
i2send_msg@tlength              cstackBANK0   000A8
init_i2c@ic                     cstackBANK1   001A2
init_queue@i                    cstackBANK1   001A4
init_queue@qptr                 cstackBANK1   001A2
init_timer1_lthread@tptr        cstackBANK1   001A2
init_uart_recv@uc               cstackBANK1   001A2
int_func                        intcode_body  01718
intlevel0                       text          00000
intlevel1                       text          00000
intlevel2                       text          00000
intlevel3                       text          00000
main@ic                         cstackBANK1   001E1
main@last_reg_recvd             cstackBANK1   001D7
main@length                     cstackBANK1   001E0
main@msgbuffer                  cstackBANK1   001C8
main@msgtype                    cstackBANK1   001DF
main@t0thread_data              cstackBANK1   001D5
main@t1thread_data              cstackBANK1   001DD
main@uc                         cstackBANK1   001D8
main@uthread_data               cstackBANK1   001D3
memcpy@d                        cstackBANK1   001A8
memcpy@d1                       cstackBANK1   001A2
memcpy@n                        cstackBANK1   001A6
memcpy@s                        cstackBANK1   001AA
memcpy@s1                       cstackBANK1   001A4
recv_msg@data                   cstackBANK1   001B1
recv_msg@maxlength              cstackBANK1   001AE
recv_msg@msgtype                cstackBANK1   001AF
recv_msg@qmsg                   cstackBANK1   001B8
recv_msg@qptr                   cstackBANK1   001AC
recv_msg@slot                   cstackBANK1   001B5
recv_msg@tlength                cstackBANK1   001B6
send_msg@data                   cstackBANK1   001B0
send_msg@length                 cstackBANK1   001AE
send_msg@msgtype                cstackBANK1   001AF
send_msg@qmsg                   cstackBANK1   001B5
send_msg@qptr                   cstackBANK1   001AC
send_msg@slot                   cstackBANK1   001B4
send_msg@tlength                cstackBANK1   001B2
start                           init          000C2
start_i2c_slave_reply@length    cstackBANK1   001A2
start_i2c_slave_reply@msg       cstackBANK1   001A3
start_initialization            cinit         01E56
timer0_int_handler@length       cstackBANK0   000B6
timer0_int_handler@msgtype      cstackBANK0   000B8
timer0_int_handler@val          cstackBANK0   000BA
timer0_lthread@msgbuffer        cstackBANK1   001A8
timer0_lthread@msgval           cstackBANK1   001AA
timer1_int_handler@result       cstackCOMRAM  0001D
timer1_lthread@retval           cstackBANK1   001C5
timer1_lthread@tptr             cstackBANK1   001BB
uart_lthread@length             cstackBANK1   001A6
uart_lthread@msgbuffer          cstackBANK1   001A8
uart_lthread@msgtype            cstackBANK1   001A4


FUNCTION INFORMATION:

 *************** function _main *****************
 Defined at:
		line 123 in file "../src/main.c"
 Parameters:    Size  Location     Type
		None
 Auto vars:     Size  Location     Type
  ic             28   63[BANK1 ] struct __i2c_comm
  msgbuffer      11   38[BANK1 ] unsigned char [11]
  uc              5   54[BANK1 ] struct __uart_comm
  t1thread_dat    2   59[BANK1 ] struct __timer1_thread_s
  t0thread_dat    2   51[BANK1 ] struct __timer0_thread_s
  uthread_data    2   49[BANK1 ] struct __uart_thread_str
  length          1   62[BANK1 ] char 
  msgtype         1   61[BANK1 ] unsigned char 
  last_reg_rec    1   53[BANK1 ] unsigned char 
  i               1    0        unsigned char 
  c               1    0        unsigned char 
 Return value:  Size  Location     Type
		None               void
 Registers used:
		wreg, fsr0l, fsr0h, fsr1l, fsr1h, fsr2l, fsr2h, status,2, status,0, pclat, tosl, structret, tblptrl, tblptrh, tblptru, prodl, prodh, bsr, cstack
 Tracked objects:
		On entry : 
		On exit  : 
		Unchanged: 
 Data sizes:     COMRAM   BANK0   BANK1   BANK2   BANK3   BANK4   BANK5   BANK6   BANK7   BANK8   BANK9  BANK10  BANK11  BANK12  BANK13  BANK14
      Params:         0       0       0       0       0       0       0       0       0       0       0       0       0       0       0       0
      Locals:         0       0      53       0       0       0       0       0       0       0       0       0       0       0       0       0
      Temps:          0       0       2       0       0       0       0       0       0       0       0       0       0       0       0       0
      Totals:         0       0      55       0       0       0       0       0       0       0       0       0       0       0       0       0
Total ram usage:       55 bytes
 Hardware stack levels required when called:   14
 This function calls:
		_init_uart_recv
		_init_i2c
		_init_timer1_lthread
		_init_queues
		_OpenTimer0
		_OpenTimer1
		_i2c_configure_slave
		_Open1USART
		_enable_interrupts
		_block_on_To_msgqueues
		_ToMainHigh_recvmsg
		_timer0_lthread
		_start_i2c_slave_reply
		_ToMainLow_recvmsg
		_timer1_lthread
		_uart_lthread
 This function is called by:
		Startup code after reset
 This function uses a non-reentrant model


 *************** function _enable_interrupts *****************
 Defined at:
		line 14 in file "../src/interrupts.c"
 Parameters:    Size  Location     Type
		None
 Auto vars:     Size  Location     Type
		None
 Return value:  Size  Location     Type
		None               void
 Registers used:
		None
 Tracked objects:
		On entry : 
		On exit  : 
		Unchanged: 
 Data sizes:     COMRAM   BANK0   BANK1   BANK2   BANK3   BANK4   BANK5   BANK6   BANK7   BANK8   BANK9  BANK10  BANK11  BANK12  BANK13  BANK14
      Params:         0       0       0       0       0       0       0       0       0       0       0       0       0       0       0       0
      Locals:         0       0       0       0       0       0       0       0       0       0       0       0       0       0       0       0
      Temps:          0       0       0       0       0       0       0       0       0       0       0       0       0       0       0       0
      Totals:         0       0       0       0       0       0       0       0       0       0       0       0       0       0       0       0
Total ram usage:        0 bytes
 Hardware stack levels used:    1
 Hardware stack levels required when called:   10
 This function calls:
		Nothing
 This function is called by:
		_main
 This function uses a non-reentrant model


 *************** function _init_uart_recv *****************
 Defined at:
		line 40 in file "../src/my_uart.c"
 Parameters:    Size  Location     Type
  uc              2    0[BANK1 ] PTR struct __uart_comm
		 -> main@uc(5), 
 Auto vars:     Size  Location     Type
		None
 Return value:  Size  Location     Type
		None               void
 Registers used:
		wreg, fsr2l, fsr2h, status,2, status,0
 Tracked objects:
		On entry : 
		On exit  : 
		Unchanged: 
 Data sizes:     COMRAM   BANK0   BANK1   BANK2   BANK3   BANK4   BANK5   BANK6   BANK7   BANK8   BANK9  BANK10  BANK11  BANK12  BANK13  BANK14
      Params:         0       0       2       0       0       0       0       0       0       0       0       0       0       0       0       0
      Locals:         0       0       0       0       0       0       0       0       0       0       0       0       0       0       0       0
      Temps:          0       0       0       0       0       0       0       0       0       0       0       0       0       0       0       0
      Totals:         0       0       2       0       0       0       0       0       0       0       0       0       0       0       0       0
Total ram usage:        2 bytes
 Hardware stack levels used:    1
 Hardware stack levels required when called:   10
 This function calls:
		Nothing
 This function is called by:
		_main
 This function uses a non-reentrant model


 *************** function _init_i2c *****************
 Defined at:
		line 268 in file "../src/my_i2c.c"
 Parameters:    Size  Location     Type
  ic              2    0[BANK1 ] PTR struct __i2c_comm
		 -> main@ic(28), 
 Auto vars:     Size  Location     Type
		None
 Return value:  Size  Location     Type
		None               void
 Registers used:
		wreg, fsr2l, fsr2h, status,2, status,0
 Tracked objects:
		On entry : 
		On exit  : 
		Unchanged: 
 Data sizes:     COMRAM   BANK0   BANK1   BANK2   BANK3   BANK4   BANK5   BANK6   BANK7   BANK8   BANK9  BANK10  BANK11  BANK12  BANK13  BANK14
      Params:         0       0       2       0       0       0       0       0       0       0       0       0       0       0       0       0
      Locals:         0       0       0       0       0       0       0       0       0       0       0       0       0       0       0       0
      Temps:          0       0       0       0       0       0       0       0       0       0       0       0       0       0       0       0
      Totals:         0       0       2       0       0       0       0       0       0       0       0       0       0       0       0       0
Total ram usage:        2 bytes
 Hardware stack levels used:    1
 Hardware stack levels required when called:   10
 This function calls:
		Nothing
 This function is called by:
		_main
 This function uses a non-reentrant model


 *************** function _init_timer1_lthread *****************
 Defined at:
		line 6 in file "../src/timer1_thread.c"
 Parameters:    Size  Location     Type
  tptr            2    0[BANK1 ] PTR struct __timer1_thre
		 -> main@t1thread_data(2), 
 Auto vars:     Size  Location     Type
		None
 Return value:  Size  Location     Type
		None               void
 Registers used:
		wreg, fsr2l, fsr2h
 Tracked objects:
		On entry : 
		On exit  : 
		Unchanged: 
 Data sizes:     COMRAM   BANK0   BANK1   BANK2   BANK3   BANK4   BANK5   BANK6   BANK7   BANK8   BANK9  BANK10  BANK11  BANK12  BANK13  BANK14
      Params:         0       0       2       0       0       0       0       0       0       0       0       0       0       0       0       0
      Locals:         0       0       0       0       0       0       0       0       0       0       0       0       0       0       0       0
      Temps:          0       0       0       0       0       0       0       0       0       0       0       0       0       0       0       0
      Totals:         0       0       2       0       0       0       0       0       0       0       0       0       0       0       0       0
Total ram usage:        2 bytes
 Hardware stack levels used:    1
 Hardware stack levels required when called:   10
 This function calls:
		Nothing
 This function is called by:
		_main
 This function uses a non-reentrant model


 *************** function _init_queues *****************
 Defined at:
		line 194 in file "../src/messages.c"
 Parameters:    Size  Location     Type
		None
 Auto vars:     Size  Location     Type
		None
 Return value:  Size  Location     Type
		None               void
 Registers used:
		wreg, fsr2l, fsr2h, status,2, status,0, prodl, prodh, cstack
 Tracked objects:
		On entry : 
		On exit  : 
		Unchanged: 
 Data sizes:     COMRAM   BANK0   BANK1   BANK2   BANK3   BANK4   BANK5   BANK6   BANK7   BANK8   BANK9  BANK10  BANK11  BANK12  BANK13  BANK14
      Params:         0       0       0       0       0       0       0       0       0       0       0       0       0       0       0       0
      Locals:         0       0       0       0       0       0       0       0       0       0       0       0       0       0       0       0
      Temps:          0       0       1       0       0       0       0       0       0       0       0       0       0       0       0       0
      Totals:         0       0       1       0       0       0       0       0       0       0       0       0       0       0       0       0
Total ram usage:        1 bytes
 Hardware stack levels used:    1
 Hardware stack levels required when called:   11
 This function calls:
		_init_queue
 This function is called by:
		_main
 This function uses a non-reentrant model


 *************** function _OpenTimer0 *****************
 Defined at:
		line 19 in file "plib/Timers/t0open.c"
 Parameters:    Size  Location     Type
  config          1   51[BANK0 ] unsigned char 
 Auto vars:     Size  Location     Type
		None
 Return value:  Size  Location     Type
		None               void
 Registers used:
		wreg, status,2, status,0
 Tracked objects:
		On entry : 
		On exit  : 
		Unchanged: 
 Data sizes:     COMRAM   BANK0   BANK1   BANK2   BANK3   BANK4   BANK5   BANK6   BANK7   BANK8   BANK9  BANK10  BANK11  BANK12  BANK13  BANK14
      Params:         0       1       0       0       0       0       0       0       0       0       0       0       0       0       0       0
      Locals:         0       0       0       0       0       0       0       0       0       0       0       0       0       0       0       0
      Temps:          0       0       0       0       0       0       0       0       0       0       0       0       0       0       0       0
      Totals:         0       1       0       0       0       0       0       0       0       0       0       0       0       0       0       0
Total ram usage:        1 bytes
 Hardware stack levels used:    1
 Hardware stack levels required when called:   10
 This function calls:
		Nothing
 This function is called by:
		_main
 This function uses a non-reentrant model


 *************** function _OpenTimer1 *****************
 Defined at:
		line 44 in file "plib/Timers/t1open.c"
 Parameters:    Size  Location     Type
  config          1    0[BANK1 ] unsigned char 
  config1         1    1[BANK1 ] unsigned char 
 Auto vars:     Size  Location     Type
		None
 Return value:  Size  Location     Type
		None               void
 Registers used:
		wreg, status,2, status,0
 Tracked objects:
		On entry : 
		On exit  : 
		Unchanged: 
 Data sizes:     COMRAM   BANK0   BANK1   BANK2   BANK3   BANK4   BANK5   BANK6   BANK7   BANK8   BANK9  BANK10  BANK11  BANK12  BANK13  BANK14
      Params:         0       0       2       0       0       0       0       0       0       0       0       0       0       0       0       0
      Locals:         0       0       0       0       0       0       0       0       0       0       0       0       0       0       0       0
      Temps:          0       1       0       0       0       0       0       0       0       0       0       0       0       0       0       0
      Totals:         0       1       2       0       0       0       0       0       0       0       0       0       0       0       0       0
Total ram usage:        3 bytes
 Hardware stack levels used:    1
 Hardware stack levels required when called:   10
 This function calls:
		Nothing
 This function is called by:
		_main
 This function uses a non-reentrant model


 *************** function _i2c_configure_slave *****************
 Defined at:
		line 279 in file "../src/my_i2c.c"
 Parameters:    Size  Location     Type
  addr            1   51[BANK0 ] unsigned char 
 Auto vars:     Size  Location     Type
		None
 Return value:  Size  Location     Type
		None               void
 Registers used:
		wreg, status,2, status,0
 Tracked objects:
		On entry : 
		On exit  : 
		Unchanged: 
 Data sizes:     COMRAM   BANK0   BANK1   BANK2   BANK3   BANK4   BANK5   BANK6   BANK7   BANK8   BANK9  BANK10  BANK11  BANK12  BANK13  BANK14
      Params:         0       1       0       0       0       0       0       0       0       0       0       0       0       0       0       0
      Locals:         0       0       0       0       0       0       0       0       0       0       0       0       0       0       0       0
      Temps:          0       0       0       0       0       0       0       0       0       0       0       0       0       0       0       0
      Totals:         0       1       0       0       0       0       0       0       0       0       0       0       0       0       0       0
Total ram usage:        1 bytes
 Hardware stack levels used:    1
 Hardware stack levels required when called:   10
 This function calls:
		Nothing
 This function is called by:
		_main
 This function uses a non-reentrant model


 *************** function _Open1USART *****************
 Defined at:
		line 125 in file "plib/USART/u1open.c"
 Parameters:    Size  Location     Type
  config          1    0[BANK1 ] unsigned char 
  spbrg           2    1[BANK1 ] unsigned int 
 Auto vars:     Size  Location     Type
		None
 Return value:  Size  Location     Type
		None               void
 Registers used:
		wreg, status,2
 Tracked objects:
		On entry : 
		On exit  : 
		Unchanged: 
 Data sizes:     COMRAM   BANK0   BANK1   BANK2   BANK3   BANK4   BANK5   BANK6   BANK7   BANK8   BANK9  BANK10  BANK11  BANK12  BANK13  BANK14
      Params:         0       0       3       0       0       0       0       0       0       0       0       0       0       0       0       0
      Locals:         0       0       0       0       0       0       0       0       0       0       0       0       0       0       0       0
      Temps:          0       0       0       0       0       0       0       0       0       0       0       0       0       0       0       0
      Totals:         0       0       3       0       0       0       0       0       0       0       0       0       0       0       0       0
Total ram usage:        3 bytes
 Hardware stack levels used:    1
 Hardware stack levels required when called:   10
 This function calls:
		Nothing
 This function is called by:
		_main
 This function uses a non-reentrant model


 *************** function _block_on_To_msgqueues *****************
 Defined at:
		line 258 in file "../src/messages.c"
 Parameters:    Size  Location     Type
		None
 Auto vars:     Size  Location     Type
		None
 Return value:  Size  Location     Type
		None               void
 Registers used:
		wreg, fsr2l, fsr2h, status,2, status,0, prodl, prodh, cstack
 Tracked objects:
		On entry : 
		On exit  : 
		Unchanged: 
 Data sizes:     COMRAM   BANK0   BANK1   BANK2   BANK3   BANK4   BANK5   BANK6   BANK7   BANK8   BANK9  BANK10  BANK11  BANK12  BANK13  BANK14
      Params:         0       0       0       0       0       0       0       0       0       0       0       0       0       0       0       0
      Locals:         0       0       0       0       0       0       0       0       0       0       0       0       0       0       0       0
      Temps:          0       0       1       0       0       0       0       0       0       0       0       0       0       0       0       0
      Totals:         0       0       1       0       0       0       0       0       0       0       0       0       0       0       0       0
Total ram usage:        1 bytes
 Hardware stack levels used:    1
 Hardware stack levels required when called:   13
 This function calls:
		_in_main
		_check_msg
		_Delay1KTCYx
 This function is called by:
		_main
 This function uses a non-reentrant model


 *************** function _in_main *****************
 Defined at:
		line 40 in file "../src/interrupts.c"
 Parameters:    Size  Location     Type
		None
 Auto vars:     Size  Location     Type
		None
 Return value:  Size  Location     Type
                  2    4[BANK1 ] int 
 Registers used:
		wreg, status,2, status,0, cstack
 Tracked objects:
		On entry : 
		On exit  : 
		Unchanged: 
 Data sizes:     COMRAM   BANK0   BANK1   BANK2   BANK3   BANK4   BANK5   BANK6   BANK7   BANK8   BANK9  BANK10  BANK11  BANK12  BANK13  BANK14
      Params:         0       0       2       0       0       0       0       0       0       0       0       0       0       0       0       0
      Locals:         0       0       0       0       0       0       0       0       0       0       0       0       0       0       0       0
      Temps:          0       0       0       0       0       0       0       0       0       0       0       0       0       0       0       0
      Totals:         0       0       2       0       0       0       0       0       0       0       0       0       0       0       0       0
Total ram usage:        2 bytes
 Hardware stack levels used:    1
 Hardware stack levels required when called:   12
 This function calls:
		_in_low_int
		_in_high_int
 This function is called by:
		_block_on_To_msgqueues
 This function uses a non-reentrant model


 *************** function _in_low_int *****************
 Defined at:
		line 30 in file "../src/interrupts.c"
 Parameters:    Size  Location     Type
		None
 Auto vars:     Size  Location     Type
		None
 Return value:  Size  Location     Type
                  2    2[BANK1 ] int 
 Registers used:
		wreg, status,2, status,0, cstack
 Tracked objects:
		On entry : 
		On exit  : 
		Unchanged: 
 Data sizes:     COMRAM   BANK0   BANK1   BANK2   BANK3   BANK4   BANK5   BANK6   BANK7   BANK8   BANK9  BANK10  BANK11  BANK12  BANK13  BANK14
      Params:         0       0       2       0       0       0       0       0       0       0       0       0       0       0       0       0
      Locals:         0       0       0       0       0       0       0       0       0       0       0       0       0       0       0       0
      Temps:          0       0       0       0       0       0       0       0       0       0       0       0       0       0       0       0
      Totals:         0       0       2       0       0       0       0       0       0       0       0       0       0       0       0       0
Total ram usage:        2 bytes
 Hardware stack levels used:    1
 Hardware stack levels required when called:   11
 This function calls:
		_in_high_int
 This function is called by:
		_in_main
 This function uses a non-reentrant model


 *************** function _in_high_int *****************
 Defined at:
		line 22 in file "../src/interrupts.c"
 Parameters:    Size  Location     Type
		None
 Auto vars:     Size  Location     Type
		None
 Return value:  Size  Location     Type
                  2    0[BANK1 ] int 
 Registers used:
		wreg, status,2
 Tracked objects:
		On entry : 
		On exit  : 
		Unchanged: 
 Data sizes:     COMRAM   BANK0   BANK1   BANK2   BANK3   BANK4   BANK5   BANK6   BANK7   BANK8   BANK9  BANK10  BANK11  BANK12  BANK13  BANK14
      Params:         0       0       2       0       0       0       0       0       0       0       0       0       0       0       0       0
      Locals:         0       0       0       0       0       0       0       0       0       0       0       0       0       0       0       0
      Temps:          0       0       0       0       0       0       0       0       0       0       0       0       0       0       0       0
      Totals:         0       0       2       0       0       0       0       0       0       0       0       0       0       0       0       0
Total ram usage:        2 bytes
 Hardware stack levels used:    1
 Hardware stack levels required when called:   10
 This function calls:
		Nothing
 This function is called by:
		_in_low_int
		_in_main
 This function uses a non-reentrant model


 *************** function _ToMainHigh_recvmsg *****************
 Defined at:
		line 135 in file "../src/messages.c"
 Parameters:    Size  Location     Type
  maxlength       1   24[BANK1 ] unsigned char 
  msgtype         2   25[BANK1 ] PTR unsigned char 
		 -> main@msgtype(1), 
  data            2   27[BANK1 ] PTR void 
		 -> main@msgbuffer(11), 
 Auto vars:     Size  Location     Type
		None
 Return value:  Size  Location     Type
                  1    wreg      char 
 Registers used:
		wreg, fsr1l, fsr1h, fsr2l, fsr2h, status,2, status,0, prodl, prodh, cstack
 Tracked objects:
		On entry : 
		On exit  : 
		Unchanged: 
 Data sizes:     COMRAM   BANK0   BANK1   BANK2   BANK3   BANK4   BANK5   BANK6   BANK7   BANK8   BANK9  BANK10  BANK11  BANK12  BANK13  BANK14
      Params:         0       0       5       0       0       0       0       0       0       0       0       0       0       0       0       0
      Locals:         0       0       0       0       0       0       0       0       0       0       0       0       0       0       0       0
      Temps:          0       0       0       0       0       0       0       0       0       0       0       0       0       0       0       0
      Totals:         0       0       5       0       0       0       0       0       0       0       0       0       0       0       0       0
Total ram usage:        5 bytes
 Hardware stack levels used:    1
 Hardware stack levels required when called:   12
 This function calls:
		_recv_msg
 This function is called by:
		_main
 This function uses a non-reentrant model


 *************** function _timer0_lthread *****************
 Defined at:
		line 9 in file "../src/timer0_thread.c"
 Parameters:    Size  Location     Type
  tptr            2    0[BANK1 ] PTR struct __timer0_thre
		 -> main@t0thread_data(2), 
  msgtype         2    2[BANK1 ] int 
  length          2    4[BANK1 ] int 
  msgbuffer       2    6[BANK1 ] PTR unsigned char 
		 -> main@msgbuffer(11), 
 Auto vars:     Size  Location     Type
  msgval          2    8[BANK1 ] PTR unsigned int 
		 -> main@msgbuffer(11), 
 Return value:  Size  Location     Type
                  2    0[BANK1 ] int 
 Registers used:
		None
 Tracked objects:
		On entry : 
		On exit  : 
		Unchanged: 
 Data sizes:     COMRAM   BANK0   BANK1   BANK2   BANK3   BANK4   BANK5   BANK6   BANK7   BANK8   BANK9  BANK10  BANK11  BANK12  BANK13  BANK14
      Params:         0       0       8       0       0       0       0       0       0       0       0       0       0       0       0       0
      Locals:         0       0       2       0       0       0       0       0       0       0       0       0       0       0       0       0
      Temps:          0       0       0       0       0       0       0       0       0       0       0       0       0       0       0       0
      Totals:         0       0      10       0       0       0       0       0       0       0       0       0       0       0       0       0
Total ram usage:       10 bytes
 Hardware stack levels used:    1
 Hardware stack levels required when called:   10
 This function calls:
		Nothing
 This function is called by:
		_main
 This function uses a non-reentrant model


 *************** function _start_i2c_slave_reply *****************
 Defined at:
		line 53 in file "../src/my_i2c.c"
 Parameters:    Size  Location     Type
  length          1    0[BANK1 ] unsigned char 
  msg             2    1[BANK1 ] PTR unsigned char 
		 -> main@msgbuffer(11), 
 Auto vars:     Size  Location     Type
		None
 Return value:  Size  Location     Type
		None               void
 Registers used:
		wreg, fsr1l, fsr1h, fsr2l, fsr2h, status,2, status,0, prodl, prodh
 Tracked objects:
		On entry : 
		On exit  : 
		Unchanged: 
 Data sizes:     COMRAM   BANK0   BANK1   BANK2   BANK3   BANK4   BANK5   BANK6   BANK7   BANK8   BANK9  BANK10  BANK11  BANK12  BANK13  BANK14
      Params:         0       0       3       0       0       0       0       0       0       0       0       0       0       0       0       0
      Locals:         0       0       0       0       0       0       0       0       0       0       0       0       0       0       0       0
      Temps:          0       0       2       0       0       0       0       0       0       0       0       0       0       0       0       0
      Totals:         0       0       5       0       0       0       0       0       0       0       0       0       0       0       0       0
Total ram usage:        5 bytes
 Hardware stack levels used:    1
 Hardware stack levels required when called:   10
 This function calls:
		Nothing
 This function is called by:
		_main
 This function uses a non-reentrant model


 *************** function _ToMainLow_recvmsg *****************
 Defined at:
		line 112 in file "../src/messages.c"
 Parameters:    Size  Location     Type
  maxlength       1   24[BANK1 ] unsigned char 
  msgtype         2   25[BANK1 ] PTR unsigned char 
		 -> main@msgtype(1), 
  data            2   27[BANK1 ] PTR void 
		 -> main@msgbuffer(11), 
 Auto vars:     Size  Location     Type
		None
 Return value:  Size  Location     Type
                  1    wreg      char 
 Registers used:
		wreg, fsr1l, fsr1h, fsr2l, fsr2h, status,2, status,0, prodl, prodh, cstack
 Tracked objects:
		On entry : 
		On exit  : 
		Unchanged: 
[...]
                  1    wreg      char 
 Registers used:
		wreg, fsr1l, fsr1h, fsr2l, fsr2h, status,2, status,0, prodl, prodh, cstack
 Tracked objects:
		On entry : 
		On exit  : 
		Unchanged: 
 Data sizes:     COMRAM   BANK0   BANK1   BANK2   BANK3   BANK4   BANK5   BANK6   BANK7   BANK8   BANK9  BANK10  BANK11  BANK12  BANK13  BANK14
      Params:         0       5       0       0       0       0       0       0       0       0       0       0       0       0       0       0
      Locals:         0       0       0       0       0       0       0       0       0       0       0       0       0       0       0       0
      Temps:          0       0       0       0       0       0       0       0       0       0       0       0       0       0       0       0
      Totals:         0       5       0       0       0       0       0       0       0       0       0       0       0       0       0       0
Total ram usage:        5 bytes
 Hardware stack levels used:    1
 Hardware stack levels required when called:    2
 This function calls:
		i2_recv_msg
 This function is called by:
		_timer0_int_handler
 This function uses a non-reentrant model


 *************** function _enter_sleep_mode *****************
 Defined at:
		line 202 in file "../src/messages.c"
 Parameters:    Size  Location     Type
		None
 Auto vars:     Size  Location     Type
		None
 Return value:  Size  Location     Type
		None               void
 Registers used:
		None
 Tracked objects:
		On entry : 
		On exit  : 
		Unchanged: 
 Data sizes:     COMRAM   BANK0   BANK1   BANK2   BANK3   BANK4   BANK5   BANK6   BANK7   BANK8   BANK9  BANK10  BANK11  BANK12  BANK13  BANK14
      Params:         0       0       0       0       0       0       0       0       0       0       0       0       0       0       0       0
      Locals:         0       0       0       0       0       0       0       0       0       0       0       0       0       0       0       0
      Temps:          0       0       0       0       0       0       0       0       0       0       0       0       0       0       0       0
      Totals:         0       0       0       0       0       0       0       0       0       0       0       0       0       0       0       0
Total ram usage:        0 bytes
 Hardware stack levels used:    1
 This function calls:
		Nothing
 This function is called by:
		_SleepIfOkay
 This function uses a non-reentrant model


 *************** function _handle_start *****************
 Defined at:
		line 71 in file "../src/my_i2c.c"
 Parameters:    Size  Location     Type
  data_read       1    0[BANK0 ] unsigned char 
 Auto vars:     Size  Location     Type
		None
 Return value:  Size  Location     Type
		None               void
 Registers used:
		wreg, fsr2l, fsr2h, status,2, status,0
 Tracked objects:
		On entry : 
		On exit  : 
		Unchanged: 
 Data sizes:     COMRAM   BANK0   BANK1   BANK2   BANK3   BANK4   BANK5   BANK6   BANK7   BANK8   BANK9  BANK10  BANK11  BANK12  BANK13  BANK14
      Params:         0       1       0       0       0       0       0       0       0       0       0       0       0       0       0       0
      Locals:         0       0       0       0       0       0       0       0       0       0       0       0       0       0       0       0
      Temps:          0       0       0       0       0       0       0       0       0       0       0       0       0       0       0       0
      Totals:         0       1       0       0       0       0       0       0       0       0       0       0       0       0       0       0
Total ram usage:        1 bytes
 Hardware stack levels used:    1
 This function calls:
		Nothing
 This function is called by:
		_i2c_int_handler
 This function uses a non-reentrant model


 *************** function _WriteTimer0 *****************
 Defined at:
		line 17 in file "plib/Timers/t0write.c"
 Parameters:    Size  Location     Type
  timer0          2    0[BANK0 ] unsigned int 
 Auto vars:     Size  Location     Type
  timer           2    2[BANK0 ] struct Timers
 Return value:  Size  Location     Type
		None               void
 Registers used:
		None
 Tracked objects:
		On entry : 
		On exit  : 
		Unchanged: 
 Data sizes:     COMRAM   BANK0   BANK1   BANK2   BANK3   BANK4   BANK5   BANK6   BANK7   BANK8   BANK9  BANK10  BANK11  BANK12  BANK13  BANK14
      Params:         0       2       0       0       0       0       0       0       0       0       0       0       0       0       0       0
      Locals:         0       2       0       0       0       0       0       0       0       0       0       0       0       0       0       0
      Temps:          0       0       0       0       0       0       0       0       0       0       0       0       0       0       0       0
      Totals:         0       4       0       0       0       0       0       0       0       0       0       0       0       0       0       0
Total ram usage:        4 bytes
 Hardware stack levels used:    1
 This function calls:
		Nothing
 This function is called by:
		_timer0_int_handler
 This function uses a non-reentrant model


 *************** function i2_in_low_int *****************
 Defined at:
		line 30 in file "../src/interrupts.c"
 Parameters:    Size  Location     Type
		None
 Auto vars:     Size  Location     Type
		None
 Return value:  Size  Location     Type
                  2    2[BANK0 ] int 
 Registers used:
		wreg, status,2, status,0, cstack
 Tracked objects:
		On entry : 
		On exit  : 
		Unchanged: 
 Data sizes:     COMRAM   BANK0   BANK1   BANK2   BANK3   BANK4   BANK5   BANK6   BANK7   BANK8   BANK9  BANK10  BANK11  BANK12  BANK13  BANK14
      Params:         0       2       0       0       0       0       0       0       0       0       0       0       0       0       0       0
      Locals:         0       0       0       0       0       0       0       0       0       0       0       0       0       0       0       0
      Temps:          0       0       0       0       0       0       0       0       0       0       0       0       0       0       0       0
      Totals:         0       2       0       0       0       0       0       0       0       0       0       0       0       0       0       0
Total ram usage:        2 bytes
 Hardware stack levels used:    1
 Hardware stack levels required when called:    1
 This function calls:
		i2_in_high_int
 This function is called by:
		_SleepIfOkay
 This function uses a non-reentrant model


 *************** function i2_in_high_int *****************
 Defined at:
		line 22 in file "../src/interrupts.c"
 Parameters:    Size  Location     Type
		None
 Auto vars:     Size  Location     Type
		None
 Return value:  Size  Location     Type
                  2    0[BANK0 ] int 
 Registers used:
		wreg, status,2
 Tracked objects:
		On entry : 
		On exit  : 
		Unchanged: 
 Data sizes:     COMRAM   BANK0   BANK1   BANK2   BANK3   BANK4   BANK5   BANK6   BANK7   BANK8   BANK9  BANK10  BANK11  BANK12  BANK13  BANK14
      Params:         0       2       0       0       0       0       0       0       0       0       0       0       0       0       0       0
      Locals:         0       0       0       0       0       0       0       0       0       0       0       0       0       0       0       0
      Temps:          0       0       0       0       0       0       0       0       0       0       0       0       0       0       0       0
      Totals:         0       2       0       0       0       0       0       0       0       0       0       0       0       0       0       0
Total ram usage:        2 bytes
 Hardware stack levels used:    1
 This function calls:
		Nothing
 This function is called by:
		_SleepIfOkay
		i2_in_low_int
 This function uses a non-reentrant model


 *************** function i2_send_msg *****************
 Defined at:
		line 24 in file "../src/messages.c"
 Parameters:    Size  Location     Type
  send_msg        2   10[BANK0 ] PTR struct __msg_queue
		 -> FromMainHigh_MQ(54), FromMainLow_MQ(54), ToMainHigh_MQ(54), ToMainLow_MQ(54), 
  send_msg        1   12[BANK0 ] unsigned char 
  send_msg        1   13[BANK0 ] unsigned char 
  send_msg        2   14[BANK0 ] PTR void 
		 -> timer0_int_handler@val(2), NULL(0), i2c_int_handler@error_buf(3), main@t1thread_data(2), 
		 -> main@ic(28), main@uc(5), 
 Auto vars:     Size  Location     Type
  send_msg        2   20[BANK0 ] PTR struct __msg
		 -> FromMainHigh_MQ(54), FromMainLow_MQ(54), ToMainHigh_MQ(54), ToMainLow_MQ(54), 
  send_msg        2   17[BANK0 ] unsigned int 
  send_msg        1   19[BANK0 ] unsigned char 
 Return value:  Size  Location     Type
                  1    wreg      char 
 Registers used:
		wreg, fsr1l, fsr1h, fsr2l, fsr2h, status,2, status,0, prodl, prodh, cstack
 Tracked objects:
		On entry : 
		On exit  : 
		Unchanged: 
 Data sizes:     COMRAM   BANK0   BANK1   BANK2   BANK3   BANK4   BANK5   BANK6   BANK7   BANK8   BANK9  BANK10  BANK11  BANK12  BANK13  BANK14
      Params:         0       6       0       0       0       0       0       0       0       0       0       0       0       0       0       0
      Locals:         0       5       0       0       0       0       0       0       0       0       0       0       0       0       0       0
      Temps:          0       1       0       0       0       0       0       0       0       0       0       0       0       0       0       0
      Totals:         0      12       0       0       0       0       0       0       0       0       0       0       0       0       0       0
Total ram usage:       12 bytes
 Hardware stack levels used:    1
 Hardware stack levels required when called:    1
 This function calls:
		i2_memcpy
 This function is called by:
		_ToMainHigh_sendmsg
 This function uses a non-reentrant model


 *************** function i2_recv_msg *****************
 Defined at:
		line 63 in file "../src/messages.c"
 Parameters:    Size  Location     Type
  recv_msg        2   10[BANK0 ] PTR struct __msg_queue
		 -> FromMainHigh_MQ(54), FromMainLow_MQ(54), ToMainHigh_MQ(54), ToMainLow_MQ(54), 
  recv_msg        1   12[BANK0 ] unsigned char 
  recv_msg        2   13[BANK0 ] PTR unsigned char 
		 -> timer0_int_handler@msgtype(2), main@msgtype(1), 
  recv_msg        2   15[BANK0 ] PTR void 
		 -> timer0_int_handler@val(2), main@msgbuffer(11), 
 Auto vars:     Size  Location     Type
  recv_msg        2   22[BANK0 ] PTR struct __msg
		 -> FromMainHigh_MQ(54), FromMainLow_MQ(54), ToMainHigh_MQ(54), ToMainLow_MQ(54), 
  recv_msg        2   20[BANK0 ] unsigned int 
  recv_msg        1   19[BANK0 ] unsigned char 
 Return value:  Size  Location     Type
                  1    wreg      char 
 Registers used:
		wreg, fsr1l, fsr1h, fsr2l, fsr2h, status,2, status,0, prodl, prodh, cstack
 Tracked objects:
		On entry : 
		On exit  : 
		Unchanged: 
 Data sizes:     COMRAM   BANK0   BANK1   BANK2   BANK3   BANK4   BANK5   BANK6   BANK7   BANK8   BANK9  BANK10  BANK11  BANK12  BANK13  BANK14
      Params:         0       7       0       0       0       0       0       0       0       0       0       0       0       0       0       0
      Locals:         0       5       0       0       0       0       0       0       0       0       0       0       0       0       0       0
      Temps:          0       2       0       0       0       0       0       0       0       0       0       0       0       0       0       0
      Totals:         0      14       0       0       0       0       0       0       0       0       0       0       0       0       0       0
Total ram usage:       14 bytes
 Hardware stack levels used:    1
 Hardware stack levels required when called:    1
 This function calls:
		i2_memcpy
 This function is called by:
		_FromMainHigh_recvmsg
 This function uses a non-reentrant model


 *************** function i2_check_msg *****************
 Defined at:
		line 222 in file "../src/messages.c"
 Parameters:    Size  Location     Type
  check_msg       2    0[BANK0 ] PTR struct __msg_queue
		 -> ToMainHigh_MQ(54), ToMainLow_MQ(54), 
 Auto vars:     Size  Location     Type
		None
 Return value:  Size  Location     Type
                  1    wreg      unsigned char 
 Registers used:
		wreg, fsr2l, fsr2h, status,2, status,0, prodl, prodh
 Tracked objects:
		On entry : 
		On exit  : 
		Unchanged: 
 Data sizes:     COMRAM   BANK0   BANK1   BANK2   BANK3   BANK4   BANK5   BANK6   BANK7   BANK8   BANK9  BANK10  BANK11  BANK12  BANK13  BANK14
      Params:         0       2       0       0       0       0       0       0       0       0       0       0       0       0       0       0
      Locals:         0       0       0       0       0       0       0       0       0       0       0       0       0       0       0       0
      Temps:          0       1       0       0       0       0       0       0       0       0       0       0       0       0       0       0
      Totals:         0       3       0       0       0       0       0       0       0       0       0       0       0       0       0       0
Total ram usage:        3 bytes
 Hardware stack levels used:    1
 This function calls:
		Nothing
 This function is called by:
		_SleepIfOkay
 This function uses a non-reentrant model


 *************** function i2_memcpy *****************
 Defined at:
		line 13 in file "C:\Program Files\Microchip\xc8\v1.12\sources\memcpy.c"
 Parameters:    Size  Location     Type
  memcpy          2    0[BANK0 ] PTR void 
		 -> timer0_int_handler@val(2), FromMainHigh_MQ(54), FromMainLow_MQ(54), ToMainHigh_MQ(54), 
		 -> ToMainLow_MQ(54), main@msgbuffer(11), 
  memcpy          2    2[BANK0 ] PTR const void 
		 -> timer0_int_handler@val(2), NULL(0), i2c_int_handler@error_buf(3), FromMainHigh_MQ(54), 
		 -> FromMainLow_MQ(54), ToMainHigh_MQ(54), ToMainLow_MQ(54), main@t1thread_data(2), 
		 -> main@ic(28), main@uc(5), 
  memcpy          2    4[BANK0 ] unsigned int 
 Auto vars:     Size  Location     Type
  memcpy          2    8[BANK0 ] PTR const unsigned char 
		 -> timer0_int_handler@val(2), NULL(0), i2c_int_handler@error_buf(3), FromMainHigh_MQ(54), 
		 -> FromMainLow_MQ(54), ToMainHigh_MQ(54), ToMainLow_MQ(54), main@t1thread_data(2), 
		 -> main@ic(28), main@uc(5), 
  memcpy          2    6[BANK0 ] PTR unsigned char 
		 -> timer0_int_handler@val(2), FromMainHigh_MQ(54), FromMainLow_MQ(54), ToMainHigh_MQ(54), 
		 -> ToMainLow_MQ(54), main@msgbuffer(11), 
 Return value:  Size  Location     Type
                  2    0[BANK0 ] PTR void 
 Registers used:
		wreg, fsr1l, fsr1h, fsr2l, fsr2h, status,2, status,0
 Tracked objects:
		On entry : 
		On exit  : 
		Unchanged: 
 Data sizes:     COMRAM   BANK0   BANK1   BANK2   BANK3   BANK4   BANK5   BANK6   BANK7   BANK8   BANK9  BANK10  BANK11  BANK12  BANK13  BANK14
      Params:         0       6       0       0       0       0       0       0       0       0       0       0       0       0       0       0
      Locals:         0       4       0       0       0       0       0       0       0       0       0       0       0       0       0       0
      Temps:          0       0       0       0       0       0       0       0       0       0       0       0       0       0       0       0
      Totals:         0      10       0       0       0       0       0       0       0       0       0       0       0       0       0       0
Total ram usage:       10 bytes
 Hardware stack levels used:    1
 This function calls:
		Nothing
 This function is called by:
		i2_send_msg
		i2_recv_msg
 This function uses a non-reentrant model



MODULE INFORMATION

Module		Function		Class		Link	Load	Size
plib/Timers/t0open.c
		_OpenTimer0    		CODE           	1DE4	0000	42

plib/Timers/t0open.c estimated size: 42

plib/Timers/t1open.c
		_OpenTimer1    		CODE           	1BD8	0000	70

plib/Timers/t1open.c estimated size: 70

../src/user_interrupts.c
		_timer0_int_han		CODE           	149A	0000	172
		_timer1_int_han		CODE           	1CC6	0000	54

../src/user_interrupts.c estimated size: 226

plib/USART/u1open.c
		_Open1USART    		CODE           	1680	0000	152

plib/USART/u1open.c estimated size: 152

../src/timer0_thread.c
		_timer0_lthread		CODE           	1F14	0000	10

../src/timer0_thread.c estimated size: 10

shared
		i1_send_msg    		CODE           	13E8	0000	178
		i2_send_msg    		CODE           	109C	0000	262
		i2_in_high_int 		CODE           	1EB8	0000	20
		i2_recv_msg    		CODE           	0D44	0000	320
		__initializatio		CODE           	1E56	0000	26
		i2_in_low_int  		CODE           	19E0	0000	94
		i1_memcpy      		CODE           	1B90	0000	72
		i2_memcpy      		CODE           	1AEC	0000	86
		i2_check_msg   		CODE           	1C8E	0000	56

shared estimated size: 1114

C:\Program Files\Microchip\xc8\v1.12\sources\memcpy.c
		_memcpy        		CODE           	1A96	0000	86

C:\Program Files\Microchip\xc8\v1.12\sources\memcpy.c estimated size: 86

../src/my_i2c.c
		_start_i2c_slav		CODE           	0E84	0000	274
		_handle_start  		CODE           	11A2	0000	218
		_i2c_configure_		CODE           	1E0E	0000	36
		_init_i2c      		CODE           	1920	0000	98
		_i2c_int_handle		CODE           	00C6	0000	1988

../src/my_i2c.c estimated size: 2614

../src/timer1_thread.c
		_timer1_lthread		CODE           	17A2	0000	134
		_init_timer1_lt		CODE           	1ECC	0000	18

../src/timer1_thread.c estimated size: 152

plib/Timers/t0write.c
		_WriteTimer0   		CODE           	1F02	0000	18

plib/Timers/t0write.c estimated size: 18

plib/Timers/t1write.c
		_WriteTimer1   		CODE           	1EF0	0000	18

plib/Timers/t1write.c estimated size: 18

../src/uart_thread.c
		_uart_lthread  		CODE           	1B42	0000	78

../src/uart_thread.c estimated size: 78

C:\Program Files\Microchip\xc8\v1.12\sources\lwmod.c
		___lwmod       		CODE           	1546	0000	160

C:\Program Files\Microchip\xc8\v1.12\sources\lwmod.c estimated size: 160

../common/d1ktcyx.c
		_Delay1KTCYx   		CODE           	1EA4	0000	20

../common/d1ktcyx.c estimated size: 20

../src/interrupts.c
		_enable_interru		CODE           	1F1E	0000	8
		_in_low_int    		CODE           	1982	0000	94
		_in_main       		CODE           	1A3E	0000	88
		_in_high_int   		CODE           	1E90	0000	20
		_InterruptHandl		CODE           	0018	0000	170
		_InterruptHandl		CODE           	0008	0000	6042

../src/interrupts.c estimated size: 6422

plib/Timers/t1read.c
		_ReadTimer1    		CODE           	1EDE	0000	18

plib/Timers/t1read.c estimated size: 18

../src/my_uart.c
		_init_uart_recv		CODE           	1E76	0000	26
		_uart_recv_int_		CODE           	1332	0000	182

../src/my_uart.c estimated size: 208

../src/messages.c
		_ToMainHigh_sen		CODE           	1DB8	0000	44
		_ToMainHigh_rec		CODE           	1CFC	0000	48
		_block_on_To_ms		CODE           	127C	0000	182
		_check_msg     		CODE           	1C1E	0000	56
		_ToMainLow_send		CODE           	1E32	0000	36
		_ToMainLow_recv		CODE           	1D2C	0000	48
		_FromMainHigh_s		CODE           	1D8C	0000	44
		_enter_sleep_mo		CODE           	1F26	0000	6
		_send_msg      		CODE           	0F96	0000	262
		_FromMainHigh_r		CODE           	1D5C	0000	48
		_init_queue    		CODE           	1828	0000	134
		_init_queues   		CODE           	18AE	0000	114
		_recv_msg      		CODE           	0C04	0000	320
		_SleepIfOkay   		CODE           	15E6	0000	154

../src/messages.c estimated size: 1496

plib/USART/u1read.c
		_Read1USART    		CODE           	1C56	0000	56

plib/USART/u1read.c estimated size: 56

../src/main.c
		_main          		CODE           	088A	0000	890

../src/main.c estimated size: 890

