Microchip MPLAB XC8 Compiler V1.12 ()

Linker command line:

--edf=C:\Program Files\Microchip\xc8\v1.12\dat\en_msgs.txt -cs \
  -h+dist/UseXC8/production\Framework.X.production.sym -z -Q18F2680 -ol.obj \
  -Mdist/UseXC8/production/Framework.X.production.map -E1 -ver=XC8 \
  -ACODE=00h-0FFFFh -ACONST=00h-0FFFFh -ASMALLCONST=0D00h-0DFFhx243 \
  -AMEDIUMCONST=0D00h-0FFFFh -ACOMRAM=01h-05Fh -AABS1=00h-0CFFh \
  -ABIGRAM=01h-0CFFh -ARAM=060h-0FFh,0100h-01FFhx12 -ABANK0=060h-0FFh \
  -ABANK1=0100h-01FFh -ABANK2=0200h-02FFh -ABANK3=0300h-03FFh \
  -ABANK4=0400h-04FFh -ABANK5=0500h-05FFh -ABANK6=0600h-06FFh \
  -ABANK7=0700h-07FFh -ABANK8=0800h-08FFh -ABANK9=0900h-09FFh \
  -ABANK10=0A00h-0AFFh -ABANK11=0B00h-0BFFh -ABANK12=0C00h-0CFFh \
  -ASFR=0D00h-0DFFhx2,0F00h-0F5Fh,0F60h-0FFFh \
  -preset_vec=00h,intcode=08h,intcodelo=018h,powerup,init,end_init \
  -pramtop=0D00h -psmallconst=SMALLCONST -pmediumconst=MEDIUMCONST \
  -pconst=CONST -AFARRAM=00h-00h -ACONFIG=0300000h-030000Dh -pconfig=CONFIG \
  -AIDLOC=0200000h-0200007h -pidloc=IDLOC -AEEDATA=0F00000h-0F003FFh \
  -peeprom_data=EEDATA \
  -prdata=COMRAM,nvrram=COMRAM,nvbit=COMRAM,rbss=COMRAM,rbit=COMRAM \
  -pfarbss=FARRAM,fardata=FARRAM \
  -pintsave_regs=BIGRAM,bigbss=BIGRAM,bigdata=BIGRAM -pbss=RAM \
  -pidata=CODE,irdata=CODE,ibigdata=CODE,ifardata=CODE \
  C:\Users\ECE4534\AppData\Local\Temp\s41o.obj \
  dist/UseXC8/production\Framework.X.production.obj 

Object code version is 3.10

Machine type is 18F2680

Call graph: (short form)




                Name                               Link     Load   Length Selector   Space Scale
C:\Users\ECE4534\AppData\Local\Temp\s41o.obj
                end_init                             C2       C2        4        C       0
                reset_vec                             0        0        4        0       0
                idloc                            200000   200000        8   200000       0
                config                           300000   300000        E   300000       0
dist/UseXC8/production\Framework.X.production.obj
                intcodelo                            18       18       AA        C       0
                intcode                               8        8       10        4       0
                text51                             1B48     1B48       56        C       0
                text50                             1D32     1D32       38        C       0
                text49                              D3C      D3C      140        C       0
                text48                             1094     1094      106        C       0
                text47                             1F26     1F26       14        C       0
                text46                             1A3C     1A3C       5E        C       0
                text45                             1F70     1F70       12        C       0
                text44                             127A     127A       DA        C       0
                text43                             1F94     1F94        6        C       0
                text42                             1DCA     1DCA       30        C       0
                text41                             1E26     1E26       2C        C       0
                text40                             16D8     16D8       9A        C       0
                text39                             1354     1354       C8        C       0
                text38                               C6       C6      7C4        C       0
                intcode_body                       1772     1772       8C        C       0
                text36                             1C3C     1C3C       48        C       0
                text35                             1586     1586       B2        C       0
                text34                             1F5E     1F5E       12        C       0
                text33                             1F4C     1F4C       12        C       0
                text32                             1CFA     1CFA       38        C       0
                text31                             1EA0     1EA0       24        C       0
                text30                             141C     141C       B6        C       0
                text29                             1B9E     1B9E       50        C       0
                text27                             1638     1638       A0        C       0
                text26                             1F12     1F12       14        C       0
                text25                             1CC2     1CC2       38        C       0
                text24                             1AF2     1AF2       56        C       0
                text23                              F8E      F8E      106        C       0
                text22                             1DFA     1DFA       2C        C       0
                text21                              BFC      BFC      140        C       0
                text20                             1884     1884       86        C       0
                text19                             1BEE     1BEE       4E        C       0
                text18                             17FE     17FE       86        C       0
                text17                             1D9A     1D9A       30        C       0
                text16                              E7C      E7C      112        C       0
                text15                             1F82     1F82        A        C       0
                text14                             1D6A     1D6A       30        C       0
                text13                             1EFE     1EFE       14        C       0
                text12                             19DE     19DE       5E        C       0
                text11                             1A9A     1A9A       58        C       0
                text10                             119A     119A       E0        C       0
                text9                              14D2     14D2       B4        C       0
                text8                              1E7C     1E7C       24        C       0
                text7                              1C84     1C84       3E        C       0
                text6                              1E52     1E52       2A        C       0
                text5                              190A     190A       72        C       0
                text4                              1F3A     1F3A       12        C       0
                text3                              197C     197C       62        C       0
                text2                              1EE4     1EE4       1A        C       0
                text1                              1F8C     1F8C        8        C       0
                text0                               88A      88A      372        C       0
                cstackCOMRAM                          1        1       2F        1       1
                cstackBANK0                          97       97       34       60       1
                cstackBANK1                         1A2      1A2       5A      100       1
                bssBANK1                            100      100       A2      100       1
                bssBANK0                             60       60       37       60       1
                bssCOMRAM                            32       32        1        1       1
                cinit                              1EC4     1EC4       20        C       0
                nvBANK0                              CB       CB        2       60       1
                nvCOMRAM                             30       30        2        1       1

TOTAL           Name                               Link     Load   Length     Space
        CLASS   CODE           
                end_init                             C2       C2        4         0
                intcodelo                            18       18       AA         0
                intcode                               8        8       10         0
                reset_vec                             0        0        4         0
                text51                             1B48     1B48       56         0
                text50                             1D32     1D32       38         0
                text49                              D3C      D3C      140         0
                text48                             1094     1094      106         0
                text47                             1F26     1F26       14         0
                text46                             1A3C     1A3C       5E         0
                text45                             1F70     1F70       12         0
                text44                             127A     127A       DA         0
                text43                             1F94     1F94        6         0
                text42                             1DCA     1DCA       30         0
                text41                             1E26     1E26       2C         0
                text40                             16D8     16D8       9A         0
                text39                             1354     1354       C8         0
                text38                               C6       C6      7C4         0
                intcode_body                       1772     1772       8C         0
                text36                             1C3C     1C3C       48         0
                text35                             1586     1586       B2         0
                text34                             1F5E     1F5E       12         0
                text33                             1F4C     1F4C       12         0
                text32                             1CFA     1CFA       38         0
                text31                             1EA0     1EA0       24         0
                text30                             141C     141C       B6         0
                text29                             1B9E     1B9E       50         0
                text27                             1638     1638       A0         0
                text26                             1F12     1F12       14         0
                text25                             1CC2     1CC2       38         0
                text24                             1AF2     1AF2       56         0
                text23                              F8E      F8E      106         0
                text22                             1DFA     1DFA       2C         0
                text21                              BFC      BFC      140         0
                text20                             1884     1884       86         0
                text19                             1BEE     1BEE       4E         0
                text18                             17FE     17FE       86         0
                text17                             1D9A     1D9A       30         0
                text16                              E7C      E7C      112         0
                text15                             1F82     1F82        A         0
                text14                             1D6A     1D6A       30         0
                text13                             1EFE     1EFE       14         0
                text12                             19DE     19DE       5E         0
                text11                             1A9A     1A9A       58         0
                text10                             119A     119A       E0         0
                text9                              14D2     14D2       B4         0
                text8                              1E7C     1E7C       24         0
                text7                              1C84     1C84       3E         0
                text6                              1E52     1E52       2A         0
                text5                              190A     190A       72         0
                text4                              1F3A     1F3A       12         0
                text3                              197C     197C       62         0
                text2                              1EE4     1EE4       1A         0
                text1                              1F8C     1F8C        8         0
                text0                               88A      88A      372         0
                cinit                              1EC4     1EC4       20         0

        CLASS   CONST          

        CLASS   SMALLCONST     

        CLASS   MEDIUMCONST    

        CLASS   COMRAM         
                cstackCOMRAM                          1        1       2F         1
                bssCOMRAM                            32       32        1         1
                nvCOMRAM                             30       30        2         1

        CLASS   ABS1           

        CLASS   BIGRAM         

        CLASS   RAM            

        CLASS   BANK0          
                cstackBANK0                          97       97       34         1
                bssBANK0                             60       60       37         1
                nvBANK0                              CB       CB        2         1

        CLASS   BANK1          
                cstackBANK1                         1A2      1A2       5A         1
                bssBANK1                            100      100       A2         1

        CLASS   BANK2          

        CLASS   BANK3          

        CLASS   BANK4          

        CLASS   BANK5          

        CLASS   BANK6          

        CLASS   BANK7          

        CLASS   BANK8          

        CLASS   BANK9          

        CLASS   BANK10         

        CLASS   BANK11         

        CLASS   BANK12         

        CLASS   SFR            

        CLASS   FARRAM         

        CLASS   CONFIG         
                config                           300000   300000        E         0

        CLASS   IDLOC          
                idloc                            200000   200000        8         0

        CLASS   EEDATA         



SEGMENTS        Name                           Load    Length   Top    Selector   Space  Class

                reset_vec                      000000  000004  000004         0       0  CODE    
                cstackCOMRAM                   000001  000032  000033         1       1  COMRAM  
                intcode                        000008  000010  000018         4       0  CODE    
                intcodelo                      000018  001F82  001F9A         C       0  CODE    
                bssBANK0                       000060  00006D  0000CD        60       1  BANK0   
                bssBANK1                       000100  0000FC  0001FC       100       1  BANK1   
                idloc                          200000  000008  200008    200000       0  IDLOC   
                config                         300000  00000E  30000E    300000       0  CONFIG  


UNUSED ADDRESS RANGES

        Name                Unused          Largest block    Delta
        BANK0            0000CD-0000FF               33
        BANK1            0001FC-0001FF                4
        BANK10           000A00-000AFF              100
        BANK11           000B00-000BFF              100
        BANK12           000C00-000CFF              100
        BANK2            000200-0002FF              100
        BANK3            000300-0003FF              100
        BANK4            000400-0004FF              100
        BANK5            000500-0005FF              100
        BANK6            000600-0006FF              100
        BANK7            000700-0007FF              100
        BANK8            000800-0008FF              100
        BANK9            000900-0009FF              100
        BIGRAM           000033-00005F               2D
                         0000CD-0000FF               33
                         0001FC-000CFF              B04
        CODE             000004-000007                4
                         001F9A-00FFFF             E066
        COMRAM           000033-00005F               2D
        CONST            000004-000007                4
                         001F9A-00FFFF             E066
        EEDATA           F00000-F003FF              400
        MEDIUMCONST      001F9A-00FFFF             E066
        RAM              0000CD-0000FF               33
                         0001FC-000CFF              100
        SFR              000D00-000FFF              100
        SMALLCONST       001F9A-00FFFF              100

                                  Symbol Table

?_Delay1KTCYx                   cstackBANK0  0000CA
?_FromMainHigh_recvmsg          cstackBANK0  0000AF
?_FromMainHigh_sendmsg          cstackBANK1  0001B7
?_OpenTimer0                    cstackBANK0  0000CA
?_OpenTimer1                    cstackBANK0  0000CA
?_OpenUSART                     cstackBANK1  0001A2
?_ReadTimer1                    cstackCOMRAM 000001
?_ToMainHigh_recvmsg            cstackBANK1  0001BA
?_ToMainHigh_sendmsg            cstackBANK0  0000AD
?_ToMainLow_recvmsg             cstackBANK1  0001BA
?_ToMainLow_sendmsg             cstackCOMRAM 000017
?_WriteTimer0                   cstackBANK0  000097
?_WriteTimer1                   cstackCOMRAM 000001
?___lwmod                       cstackBANK1  0001A2
?_check_msg                     cstackBANK1  0001A2
?_handle_start                  cstackBANK0  000097
?_i2c_configure_slave           cstackBANK0  0000CA
?_in_high_int                   cstackBANK1  0001A2
?_in_low_int                    cstackBANK1  0001A4
?_in_main                       cstackBANK1  0001A6
?_init_i2c                      cstackBANK1  0001A2
?_init_queue                    cstackBANK1  0001A2
?_init_timer1_lthread           cstackBANK1  0001A2
?_init_uart_recv                cstackBANK1  0001A2
?_memcpy                        cstackBANK1  0001A2
?_recv_msg                      cstackBANK1  0001AC
?_send_msg                      cstackBANK1  0001AC
?_start_i2c_slave_reply         cstackBANK1  0001A2
?_timer0_lthread                cstackBANK1  0001A2
?_timer1_lthread                cstackBANK1  0001BB
?_uart_lthread                  cstackBANK1  0001A2
?i1_memcpy                      cstackCOMRAM 000001
?i1_send_msg                    cstackCOMRAM 00000B
?i2_check_msg                   cstackBANK0  000097
?i2_in_high_int                 cstackBANK0  000097
?i2_in_low_int                  cstackBANK0  000099
?i2_memcpy                      cstackBANK0  000097
?i2_recv_msg                    cstackBANK0  0000A1
?i2_send_msg                    cstackBANK0  0000A1
Delay1KTCYx@unit                cstackBANK0  0000CA
FromMainHigh_recvmsg@data       cstackBANK0  0000B2
FromMainHigh_recvmsg@maxlength  cstackBANK0  0000AF
FromMainHigh_recvmsg@msgtype    cstackBANK0  0000B0
FromMainHigh_sendmsg@data       cstackBANK1  0001B9
FromMainHigh_sendmsg@length     cstackBANK1  0001B7
FromMainHigh_sendmsg@msgtype    cstackBANK1  0001B8
OpenTimer0@config               cstackBANK0  0000CA
OpenTimer1@config               cstackBANK0  0000CA
OpenUSART@config                cstackBANK1  0001A2
OpenUSART@spbrg                 cstackBANK1  0001A3
ReadTimer1@timer                cstackCOMRAM 000003
ReadUSART@data                  cstackCOMRAM 000001
ToMainHigh_recvmsg@data         cstackBANK1  0001BD
ToMainHigh_recvmsg@maxlength    cstackBANK1  0001BA
ToMainHigh_recvmsg@msgtype      cstackBANK1  0001BB
ToMainHigh_sendmsg@data         cstackBANK0  0000AF
ToMainHigh_sendmsg@length       cstackBANK0  0000AD
ToMainHigh_sendmsg@msgtype      cstackBANK0  0000AE
ToMainLow_recvmsg@data          cstackBANK1  0001BD
ToMainLow_recvmsg@maxlength     cstackBANK1  0001BA
ToMainLow_recvmsg@msgtype       cstackBANK1  0001BB
ToMainLow_sendmsg@data          cstackCOMRAM 000019
ToMainLow_sendmsg@length        cstackCOMRAM 000017
ToMainLow_sendmsg@msgtype       cstackCOMRAM 000018
WriteTimer0@timer               cstackBANK0  000099
WriteTimer0@timer0              cstackBANK0  000097
WriteTimer1@timer               cstackCOMRAM 000003
WriteTimer1@timer1              cstackCOMRAM 000001
_Delay1KTCYx                    text26       001F12
_FromMainHigh_MQ                bssBANK1     000100
_FromMainHigh_recvmsg           text42       001DCA
_FromMainHigh_sendmsg           text22       001DFA
_FromMainLow_MQ                 bssBANK1     000136
_INTCONbits                     (abs)        000FF2
_IPR1bits                       (abs)        000F9F
_InterruptHandlerHigh           intcode      000008
_InterruptHandlerLow            intcodelo    000018
_LATB                           (abs)        000F8A
_LATBbits                       (abs)        000F8A
_MQ_Main_Willing_to_block       bssBANK0     000060
_OSCCON                         (abs)        000FD3
_OSCCONbits                     (abs)        000FD3
_OSCTUNEbits                    (abs)        000F9B
_OpenTimer0                     text6        001E52
_OpenTimer1                     text7        001C84
_OpenUSART                      text9        0014D2
_PIE1bits                       (abs)        000F9D
_PIR1bits                       (abs)        000F9E
_RCONbits                       (abs)        000FD0
_RCREG                          (abs)        000FAE
_RCSTA                          (abs)        000FAB
_RCSTAbits                      (abs)        000FAB
_ReadTimer1                     text33       001F4C
_ReadUSART                      text32       001CFA
_SPBRG                          (abs)        000FAF
_SPBRGH                         (abs)        000FB0
_SSPADD                         (abs)        000FC8
_SSPBUF                         (abs)        000FC9
_SSPCON1                        (abs)        000FC6
_SSPCON1bits                    (abs)        000FC6
_SSPCON2                        (abs)        000FC5
_SSPCON2bits                    (abs)        000FC5
_SSPSTAT                        (abs)        000FC7
_SSPSTATbits                    (abs)        000FC7
_SleepIfOkay                    text40       0016D8
_T0CON                          (abs)        000FD5
_T0CONbits                      (abs)        000FD5
_T1CON                          (abs)        000FCD
_T1CONbits                      (abs)        000FCD
_TMR0H                          (abs)        000FD7
_TMR0L                          (abs)        000FD6
_TMR1H                          (abs)        000FCF
_TMR1L                          (abs)        000FCE
_TRISB                          (abs)        000F93
_TRISCbits                      (abs)        000F94
_TXSTA                          (abs)        000FAC
_TXSTAbits                      (abs)        000FAC
_ToMainHigh_MQ                  bssBANK1     00016C
_ToMainHigh_recvmsg             text14       001D6A
_ToMainHigh_sendmsg             text41       001E26
_ToMainLow_MQ                   bssBANK0     000061
_ToMainLow_recvmsg              text17       001D9A
_ToMainLow_sendmsg              text31       001EA0
_USART_Status                   bssCOMRAM    000032
_WriteTimer0                    text45       001F70
_WriteTimer1                    text34       001F5E
__CFG_BBSIZ$1024                (abs)        000000
__CFG_BOREN$OFF                 (abs)        000000
__CFG_BORV$3                    (abs)        000000
__CFG_FCMEN$OFF                 (abs)        000000
__CFG_IESO$OFF                  (abs)        000000
__CFG_LPT1OSC$OFF               (abs)        000000
__CFG_LVP$OFF                   (abs)        000000
__CFG_MCLRE$ON                  (abs)        000000
__CFG_OSC$IRCIO67               (abs)        000000
__CFG_PBADEN$OFF                (abs)        000000
__CFG_PWRT$OFF                  (abs)        000000
__CFG_STVREN$OFF                (abs)        000000
__CFG_WDT$OFF                   (abs)        000000
__CFG_WDTPS$32768               (abs)        000000
__HRAM                          (abs)        000000
__Habs1                         abs1         000000
__Hbank0                        bank0        000000
__Hbank1                        bank1        000000
__Hbank10                       bank10       000000
__Hbank11                       bank11       000000
__Hbank12                       bank12       000000
__Hbank2                        bank2        000000
__Hbank3                        bank3        000000
__Hbank4                        bank4        000000
__Hbank5                        bank5        000000
__Hbank6                        bank6        000000
__Hbank7                        bank7        000000
__Hbank8                        bank8        000000
__Hbank9                        bank9        000000
__Hbigbss                       bigbss       000000
__Hbigdata                      bigdata      000000
__Hbigram                       bigram       000000
__Hbss                          bss          000000
__HbssBANK0                     bssBANK0     000000
__HbssBANK1                     bssBANK1     000000
__HbssCOMRAM                    bssCOMRAM    000000
__Hcinit                        cinit        000000
__Hclrtext                      clrtext      000000
__Hcomram                       comram       000000
__Hconfig                       config       30000E
__Hconst                        const        000000
__HcstackBANK0                  cstackBANK0  000000
__HcstackBANK1                  cstackBANK1  000000
__HcstackCOMRAM                 cstackCOMRAM 000000
__Hdata                         data         000000
__Heeprom_data                  eeprom_data  000000
__Hend_init                     end_init     0000C6
__Hfarbss                       farbss       000000
__Hfardata                      fardata      000000
__Hibigdata                     ibigdata     000000
__Hidata                        idata        000000
__Hidloc                        idloc        200008
__Hifardata                     ifardata     000000
__Hinit                         init         0000C2
__Hintcode                      intcode      000018
__Hintcode_body                 intcode_body 000000
__Hintcodelo                    intcodelo    0000C2
__Hintentry                     intentry     000000
__Hintret                       intret       000000
__Hintsave_regs                 intsave_regs 000000
__Hirdata                       irdata       000000
__Hmediumconst                  mediumconst  000000
__HnvBANK0                      nvBANK0      000000
__HnvCOMRAM                     nvCOMRAM     000000
__Hnvbit                        nvbit        000000
__Hnvrram                       nvrram       000000
__Hparam                        param0       000000
__Hparam0                       param0       000000
__Hpowerup                      powerup      0000C2
__Hram                          ram          000000
__Hramtop                       ramtop       000D00
__Hrbit                         rbit         000000
__Hrbss                         rbss         000000
__Hrdata                        rdata        000000
__Hreset_vec                    reset_vec    000004
__Hsfr                          sfr          000000
__Hsmallconst                   smallconst   000000
__Hstruct                       struct       000000
__Htemp                         temp         000000
__Htext                         text         000000
__Htext0                        text0        000000
__Htext1                        text1        000000
__Htext10                       text10       000000
__Htext11                       text11       000000
__Htext12                       text12       000000
__Htext13                       text13       000000
__Htext14                       text14       000000
__Htext15                       text15       000000
__Htext16                       text16       000000
__Htext17                       text17       000000
__Htext18                       text18       000000
__Htext19                       text19       000000
__Htext2                        text2        000000
__Htext20                       text20       000000
__Htext21                       text21       000000
__Htext22                       text22       000000
__Htext23                       text23       000000
__Htext24                       text24       000000
__Htext25                       text25       000000
__Htext26                       text26       000000
__Htext27                       text27       000000
__Htext29                       text29       000000
__Htext3                        text3        000000
__Htext30                       text30       000000
__Htext31                       text31       000000
__Htext32                       text32       000000
__Htext33                       text33       000000
__Htext34                       text34       000000
__Htext35                       text35       000000
__Htext36                       text36       000000
__Htext38                       text38       000000
__Htext39                       text39       000000
__Htext4                        text4        000000
__Htext40                       text40       000000
__Htext41                       text41       000000
__Htext42                       text42       000000
__Htext43                       text43       000000
__Htext44                       text44       000000
__Htext45                       text45       000000
__Htext46                       text46       000000
__Htext47                       text47       000000
__Htext48                       text48       000000
__Htext49                       text49       000000
__Htext5                        text5        000000
__Htext50                       text50       000000
__Htext51                       text51       000000
__Htext52                       text52       000000
__Htext6                        text6        000000
__Htext7                        text7        000000
__Htext8                        text8        000000
__Htext9                        text9        000000
__LRAM                          (abs)        000001
__Labs1                         abs1         000000
__Lbank0                        bank0        000000
__Lbank1                        bank1        000000
__Lbank10                       bank10       000000
__Lbank11                       bank11       000000
__Lbank12                       bank12       000000
__Lbank2                        bank2        000000
__Lbank3                        bank3        000000
__Lbank4                        bank4        000000
__Lbank5                        bank5        000000
__Lbank6                        bank6        000000
__Lbank7                        bank7        000000
__Lbank8                        bank8        000000
__Lbank9                        bank9        000000
__Lbigbss                       bigbss       000000
__Lbigdata                      bigdata      000000
__Lbigram                       bigram       000000
__Lbss                          bss          000000
__LbssBANK0                     bssBANK0     000000
__LbssBANK1                     bssBANK1     000000
__LbssCOMRAM                    bssCOMRAM    000000
__Lcinit                        cinit        000000
__Lclrtext                      clrtext      000000
__Lcomram                       comram       000000
__Lconfig                       config       300000
__Lconst                        const        000000
__LcstackBANK0                  cstackBANK0  000000
__LcstackBANK1                  cstackBANK1  000000
__LcstackCOMRAM                 cstackCOMRAM 000000
__Ldata                         data         000000
__Leeprom_data                  eeprom_data  000000
__Lend_init                     end_init     0000C2
__Lfarbss                       farbss       000000
__Lfardata                      fardata      000000
__Libigdata                     ibigdata     000000
__Lidata                        idata        000000
__Lidloc                        idloc        200000
__Lifardata                     ifardata     000000
__Linit                         init         0000C2
__Lintcode                      intcode      000008
__Lintcode_body                 intcode_body 000000
__Lintcodelo                    intcodelo    000018
__Lintentry                     intentry     000000
__Lintret                       intret       000000
__Lintsave_regs                 intsave_regs 000000
__Lirdata                       irdata       000000
__Lmediumconst                  mediumconst  000000
__LnvBANK0                      nvBANK0      000000
__LnvCOMRAM                     nvCOMRAM     000000
__Lnvbit                        nvbit        000000
__Lnvrram                       nvrram       000000
__Lparam                        param0       000000
__Lparam0                       param0       000000
__Lpowerup                      powerup      0000C2
__Lram                          ram          000000
__Lramtop                       ramtop       000D00
__Lrbit                         rbit         000000
__Lrbss                         rbss         000000
__Lrdata                        rdata        000000
__Lreset_vec                    reset_vec    000000
__Lsfr                          sfr          000000
__Lsmallconst                   smallconst   000000
__Lstruct                       struct       000000
__Ltemp                         temp         000000
__Ltext                         text         000000
__Ltext0                        text0        000000
__Ltext1                        text1        000000
__Ltext10                       text10       000000
__Ltext11                       text11       000000
__Ltext12                       text12       000000
__Ltext13                       text13       000000
__Ltext14                       text14       000000
__Ltext15                       text15       000000
__Ltext16                       text16       000000
__Ltext17                       text17       000000
__Ltext18                       text18       000000
__Ltext19                       text19       000000
__Ltext2                        text2        000000
__Ltext20                       text20       000000
__Ltext21                       text21       000000
__Ltext22                       text22       000000
__Ltext23                       text23       000000
__Ltext24                       text24       000000
__Ltext25                       text25       000000
__Ltext26                       text26       000000
__Ltext27                       text27       000000
__Ltext29                       text29       000000
__Ltext3                        text3        000000
__Ltext30                       text30       000000
__Ltext31                       text31       000000
__Ltext32                       text32       000000
__Ltext33                       text33       000000
__Ltext34                       text34       000000
__Ltext35                       text35       000000
__Ltext36                       text36       000000
__Ltext38                       text38       000000
__Ltext39                       text39       000000
__Ltext4                        text4        000000
__Ltext40                       text40       000000
__Ltext41                       text41       000000
__Ltext42                       text42       000000
__Ltext43                       text43       000000
__Ltext44                       text44       000000
__Ltext45                       text45       000000
__Ltext46                       text46       000000
__Ltext47                       text47       000000
__Ltext48                       text48       000000
__Ltext49                       text49       000000
__Ltext5                        text5        000000
__Ltext50                       text50       000000
__Ltext51                       text51       000000
__Ltext52                       text52       000000
__Ltext6                        text6        000000
__Ltext7                        text7        000000
__Ltext8                        text8        000000
__Ltext9                        text9        000000
__S0                            (abs)        30000E
__S1                            (abs)        0001FC
___lwmod                        text27       001638
___lwmod@counter                cstackBANK1  0001A6
___lwmod@dividend               cstackBANK1  0001A2
___lwmod@divisor                cstackBANK1  0001A4
__accesstop                     (abs)        000060
__activetblptr                  (abs)        000000
__end_of_Delay1KTCYx            text26       001F26
__end_of_FromMainHigh_recvmsg   text42       001DFA
__end_of_FromMainHigh_sendmsg   text22       001E26
__end_of_InterruptHandlerHigh   intcode_body 0017FE
__end_of_InterruptHandlerLow    intcodelo    0000C2
__end_of_OpenTimer0             text6        001E7C
__end_of_OpenTimer1             text7        001CC2
__end_of_OpenUSART              text9        001586
__end_of_ReadTimer1             text33       001F5E
__end_of_ReadUSART              text32       001D32
__end_of_SleepIfOkay            text40       001772
__end_of_ToMainHigh_recvmsg     text14       001D9A
__end_of_ToMainHigh_sendmsg     text41       001E52
__end_of_ToMainLow_recvmsg      text17       001DCA
__end_of_ToMainLow_sendmsg      text31       001EC4
__end_of_WriteTimer0            text45       001F82
__end_of_WriteTimer1            text34       001F70
__end_of___lwmod                text27       0016D8
__end_of__initialization        cinit        001EDE
__end_of_block_on_To_msgqueues  text10       00127A
__end_of_check_msg              text25       001CFA
__end_of_enable_interrupts      text1        001F94
__end_of_enter_sleep_mode       text43       001F9A
__end_of_handle_start           text44       001354
__end_of_i2c_configure_slave    text8        001EA0
__end_of_i2c_int_handler        text38       00088A
__end_of_in_high_int            text13       001F12
__end_of_in_low_int             text12       001A3C
__end_of_in_main                text11       001AF2
__end_of_init_i2c               text3        0019DE
__end_of_init_queue             text20       00190A
__end_of_init_queues            text5        00197C
__end_of_init_timer1_lthread    text4        001F4C
__end_of_init_uart_recv         text2        001EFE
__end_of_main                   text0        000BFC
__end_of_memcpy                 text24       001B48
__end_of_recv_msg               text21       000D3C
__end_of_send_msg               text23       001094
__end_of_start_i2c_slave_reply  text16       000F8E
__end_of_timer0_int_handler     text39       00141C
__end_of_timer0_lthread         text15       001F8C
__end_of_timer1_int_handler     text29       001BEE
__end_of_timer1_lthread         text18       001884
__end_of_uart_lthread           text19       001C3C
__end_of_uart_recv_int_handler  text30       0014D2
__end_ofi1_memcpy               text36       001C84
__end_ofi1_send_msg             text35       001638
__end_ofi2_check_msg            text50       001D6A
__end_ofi2_in_high_int          text47       001F3A
__end_ofi2_in_low_int           text46       001A9A
__end_ofi2_memcpy               text51       001B9E
__end_ofi2_recv_msg             text49       000E7C
__end_ofi2_send_msg             text48       00119A
__initialization                cinit        001EC4
__mediumconst                   mediumconst  000000
__pbssBANK0                     bssBANK0     000060
__pbssBANK1                     bssBANK1     000100
__pbssCOMRAM                    bssCOMRAM    000032
__pcinit                        cinit        001EC4
__pcstackBANK0                  cstackBANK0  000097
__pcstackBANK1                  cstackBANK1  0001A2
__pcstackCOMRAM                 cstackCOMRAM 000001
__pintcode                      intcode      000008
__pintcode_body                 intcode_body 001772
__pintcodelo                    intcodelo    000018
__pnvBANK0                      nvBANK0      0000CB
__pnvCOMRAM                     nvCOMRAM     000030
__ptext0                        text0        00088A
__ptext1                        text1        001F8C
__ptext10                       text10       00119A
__ptext11                       text11       001A9A
__ptext12                       text12       0019DE
__ptext13                       text13       001EFE
__ptext14                       text14       001D6A
__ptext15                       text15       001F82
__ptext16                       text16       000E7C
__ptext17                       text17       001D9A
__ptext18                       text18       0017FE
__ptext19                       text19       001BEE
__ptext2                        text2        001EE4
__ptext20                       text20       001884
__ptext21                       text21       000BFC
__ptext22                       text22       001DFA
__ptext23                       text23       000F8E
__ptext24                       text24       001AF2
__ptext25                       text25       001CC2
__ptext26                       text26       001F12
__ptext27                       text27       001638
__ptext29                       text29       001B9E
__ptext3                        text3        00197C
__ptext30                       text30       00141C
__ptext31                       text31       001EA0
__ptext32                       text32       001CFA
__ptext33                       text33       001F4C
__ptext34                       text34       001F5E
__ptext35                       text35       001586
__ptext36                       text36       001C3C
__ptext38                       text38       0000C6
__ptext39                       text39       001354
__ptext4                        text4        001F3A
__ptext40                       text40       0016D8
__ptext41                       text41       001E26
__ptext42                       text42       001DCA
__ptext43                       text43       001F94
__ptext44                       text44       00127A
__ptext45                       text45       001F70
__ptext46                       text46       001A3C
__ptext47                       text47       001F26
__ptext48                       text48       001094
__ptext49                       text49       000D3C
__ptext5                        text5        00190A
__ptext50                       text50       001D32
__ptext51                       text51       001B48
__ptext52                       text52       000000
__ptext6                        text6        001E52
__ptext7                        text7        001C84
__ptext8                        text8        001E7C
__ptext9                        text9        0014D2
__ramtop                        ramtop       000D00
__size_of_Delay1KTCYx           (abs)        000000
__size_of_FromMainHigh_recvmsg  (abs)        000000
__size_of_FromMainHigh_sendmsg  (abs)        000000
__size_of_InterruptHandlerHigh  (abs)        000000
__size_of_InterruptHandlerLow   (abs)        000000
__size_of_OpenTimer0            (abs)        000000
__size_of_OpenTimer1            (abs)        000000
__size_of_OpenUSART             (abs)        000000
__size_of_ReadTimer1            (abs)        000000
__size_of_ReadUSART             (abs)        000000
__size_of_SleepIfOkay           (abs)        000000
__size_of_ToMainHigh_recvmsg    (abs)        000000
__size_of_ToMainHigh_sendmsg    (abs)        000000
__size_of_ToMainLow_recvmsg     (abs)        000000
__size_of_ToMainLow_sendmsg     (abs)        000000
__size_of_WriteTimer0           (abs)        000000
__size_of_WriteTimer1           (abs)        000000
__size_of___lwmod               (abs)        000000
__size_of_block_on_To_msgqueues (abs)        000000
__size_of_check_msg             (abs)        000000
__size_of_enable_interrupts     (abs)        000000
__size_of_enter_sleep_mode      (abs)        000000
__size_of_handle_start          (abs)        000000
__size_of_i2c_configure_slave   (abs)        000000
__size_of_i2c_int_handler       (abs)        000000
__size_of_in_high_int           (abs)        000000
__size_of_in_low_int            (abs)        000000
__size_of_in_main               (abs)        000000
__size_of_init_i2c              (abs)        000000
__size_of_init_queue            (abs)        000000
__size_of_init_queues           (abs)        000000
__size_of_init_timer1_lthread   (abs)        000000
__size_of_init_uart_recv        (abs)        000000
__size_of_main                  (abs)        000000
__size_of_memcpy                (abs)        000000
__size_of_recv_msg              (abs)        000000
__size_of_send_msg              (abs)        000000
__size_of_start_i2c_slave_reply (abs)        000000
__size_of_timer0_int_handler    (abs)        000000
__size_of_timer0_lthread        (abs)        000000
__size_of_timer1_int_handler    (abs)        000000
__size_of_timer1_lthread        (abs)        000000
__size_of_uart_lthread          (abs)        000000
__size_of_uart_recv_int_handler (abs)        000000
__size_ofi1_memcpy              (abs)        000000
__size_ofi1_send_msg            (abs)        000000
__size_ofi2_check_msg           (abs)        000000
__size_ofi2_in_high_int         (abs)        000000
__size_ofi2_in_low_int          (abs)        000000
__size_ofi2_memcpy              (abs)        000000
__size_ofi2_recv_msg            (abs)        000000
__size_ofi2_send_msg            (abs)        000000
__smallconst                    smallconst   000000
_block_on_To_msgqueues          text10       00119A
_check_msg                      text25       001CC2
_enable_interrupts              text1        001F8C
_enter_sleep_mode               text43       001F94
_handle_start                   text44       00127A
_i2c_configure_slave            text8        001E7C
_i2c_int_handler                text38       0000C6
_ic_ptr                         nvBANK0      0000CB
_in_high_int                    text13       001EFE
_in_low_int                     text12       0019DE
_in_main                        text11       001A9A
_init_i2c                       text3        00197C
_init_queue                     text20       001884
_init_queues                    text5        00190A
_init_timer1_lthread            text4        001F3A
_init_uart_recv                 text2        001EE4
_main                           text0        00088A
_memcpy                         text24       001AF2
_recv_msg                       text21       000BFC
_send_msg                       text23       000F8E
_start_i2c_slave_reply          text16       000E7C
_timer0_int_handler             text39       001354
_timer0_lthread                 text15       001F82
_timer1_int_handler             text29       001B9E
_timer1_lthread                 text18       0017FE
_uart_lthread                   text19       001BEE
_uart_recv_int_handler          text30       00141C
_uc_ptr                         nvCOMRAM     000030
check_msg@qptr                  cstackBANK1  0001A2
end_of_initialization           cinit        001EDE
handle_start@data_read          cstackBANK0  000097
i1_memcpy                       text36       001C3C
i1_send_msg                     text35       001586
i1memcpy@d                      cstackCOMRAM 000007
i1memcpy@d1                     cstackCOMRAM 000001
i1memcpy@n                      cstackCOMRAM 000005
i1memcpy@s                      cstackCOMRAM 000009
i1memcpy@s1                     cstackCOMRAM 000003
i1send_msg@data                 cstackCOMRAM 00000F
i1send_msg@length               cstackCOMRAM 00000D
i1send_msg@msgtype              cstackCOMRAM 00000E
i1send_msg@qmsg                 cstackCOMRAM 000015
i1send_msg@qptr                 cstackCOMRAM 00000B
i1send_msg@slot                 cstackCOMRAM 000014
i1send_msg@tlength              cstackCOMRAM 000012
i2_check_msg                    text50       001D32
i2_in_high_int                  text47       001F26
i2_in_low_int                   text46       001A3C
i2_memcpy                       text51       001B48
i2_recv_msg                     text49       000D3C
i2_send_msg                     text48       001094
i2c_configure_slave@addr        cstackBANK0  0000CA
i2c_int_handler@data_read       cstackBANK0  0000BB
i2c_int_handler@data_written    cstackBANK0  0000B6
i2c_int_handler@error_buf       cstackBANK0  0000B3
i2c_int_handler@i2c_data        cstackBANK0  0000B8
i2c_int_handler@msg_ready       cstackBANK0  0000BA
i2c_int_handler@msg_to_send     cstackBANK0  0000B9
i2c_int_handler@overrun_error   cstackBANK0  0000B7
i2check_msg@qptr                cstackBANK0  000097
i2memcpy@d                      cstackBANK0  00009D
i2memcpy@d1                     cstackBANK0  000097
i2memcpy@n                      cstackBANK0  00009B
i2memcpy@s                      cstackBANK0  00009F
i2memcpy@s1                     cstackBANK0  000099
i2recv_msg@data                 cstackBANK0  0000A6
i2recv_msg@maxlength            cstackBANK0  0000A3
i2recv_msg@msgtype              cstackBANK0  0000A4
i2recv_msg@qmsg                 cstackBANK0  0000AD
i2recv_msg@qptr                 cstackBANK0  0000A1
i2recv_msg@slot                 cstackBANK0  0000AA
i2recv_msg@tlength              cstackBANK0  0000AB
i2send_msg@data                 cstackBANK0  0000A5
i2send_msg@length               cstackBANK0  0000A3
i2send_msg@msgtype              cstackBANK0  0000A4
i2send_msg@qmsg                 cstackBANK0  0000AB
i2send_msg@qptr                 cstackBANK0  0000A1
i2send_msg@slot                 cstackBANK0  0000AA
i2send_msg@tlength              cstackBANK0  0000A8
init_i2c@ic                     cstackBANK1  0001A2
init_queue@i                    cstackBANK1  0001A4
init_queue@qptr                 cstackBANK1  0001A2
init_timer1_lthread@tptr        cstackBANK1  0001A2
init_uart_recv@uc               cstackBANK1  0001A2
int_func                        intcode_body 001772
intlevel0                       text         000000
intlevel1                       text         000000
intlevel2                       text         000000
intlevel3                       text         000000
main@ic                         cstackBANK1  0001E0
main@last_reg_recvd             cstackBANK1  0001D6
main@length                     cstackBANK1  0001DF
main@msgbuffer                  cstackBANK1  0001C7
main@msgtype                    cstackBANK1  0001DE
main@t0thread_data              cstackBANK1  0001D4
main@t1thread_data              cstackBANK1  0001DC
main@uc                         cstackBANK1  0001D7
main@uthread_data               cstackBANK1  0001D2
memcpy@d                        cstackBANK1  0001A8
memcpy@d1                       cstackBANK1  0001A2
memcpy@n                        cstackBANK1  0001A6
memcpy@s                        cstackBANK1  0001AA
memcpy@s1                       cstackBANK1  0001A4
recv_msg@data                   cstackBANK1  0001B1
recv_msg@maxlength              cstackBANK1  0001AE
recv_msg@msgtype                cstackBANK1  0001AF
recv_msg@qmsg                   cstackBANK1  0001B8
recv_msg@qptr                   cstackBANK1  0001AC
recv_msg@slot                   cstackBANK1  0001B5
recv_msg@tlength                cstackBANK1  0001B6
send_msg@data                   cstackBANK1  0001B0
send_msg@length                 cstackBANK1  0001AE
send_msg@msgtype                cstackBANK1  0001AF
send_msg@qmsg                   cstackBANK1  0001B5
send_msg@qptr                   cstackBANK1  0001AC
send_msg@slot                   cstackBANK1  0001B4
send_msg@tlength                cstackBANK1  0001B2
start                           init         0000C2
start_i2c_slave_reply@length    cstackBANK1  0001A2
start_i2c_slave_reply@msg       cstackBANK1  0001A3
start_initialization            cinit        001EC4
timer0_int_handler@length       cstackBANK0  0000B6
timer0_int_handler@msgtype      cstackBANK0  0000B8
timer0_int_handler@val          cstackBANK0  0000BA
timer0_lthread@msgbuffer        cstackBANK1  0001A8
timer0_lthread@msgval           cstackBANK1  0001AA
timer1_int_handler@result       cstackCOMRAM 00001D
timer1_lthread@retval           cstackBANK1  0001C5
timer1_lthread@tptr             cstackBANK1  0001BB
uart_lthread@length             cstackBANK1  0001A6
uart_lthread@msgbuffer          cstackBANK1  0001A8
uart_lthread@msgtype            cstackBANK1  0001A4


FUNCTION INFORMATION:

 *************** function _main *****************
 Defined at:
		line 123 in file "../src/main.c"
 Parameters:    Size  Location     Type
		None
 Auto vars:     Size  Location     Type
  ic             28   62[BANK1 ] struct __i2c_comm
  msgbuffer      11   37[BANK1 ] unsigned char [11]
  uc              5   53[BANK1 ] struct __uart_comm
  t1thread_dat    2   58[BANK1 ] struct __timer1_thread_s
  t0thread_dat    2   50[BANK1 ] struct __timer0_thread_s
  uthread_data    2   48[BANK1 ] struct __uart_thread_str
  length          1   61[BANK1 ] char 
  msgtype         1   60[BANK1 ] unsigned char 
  last_reg_rec    1   52[BANK1 ] unsigned char 
  i               1    0        unsigned char 
  c               1    0        unsigned char 
 Return value:  Size  Location     Type
		None               void
 Registers used:
		wreg, fsr0l, fsr0h, fsr1l, fsr1h, fsr2l, fsr2h, status,2, status,0, pclat, tosl, structret, tblptrl, tblptrh, tblptru, prodl, prodh, bsr, cstack
 Tracked objects:
		On entry : 
		On exit  : 
		Unchanged: 
 Data sizes:     COMRAM   BANK0   BANK1   BANK2   BANK3   BANK4   BANK5   BANK6   BANK7   BANK8   BANK9  BANK10  BANK11  BANK12
      Params:         0       0       0       0       0       0       0       0       0       0       0       0       0       0
      Locals:         0       0      53       0       0       0       0       0       0       0       0       0       0       0
      Temps:          0       0       1       0       0       0       0       0       0       0       0       0       0       0
      Totals:         0       0      54       0       0       0       0       0       0       0       0       0       0       0
Total ram usage:       54 bytes
 Hardware stack levels required when called:   14
 This function calls:
		_init_uart_recv
		_init_i2c
		_init_timer1_lthread
		_init_queues
		_OpenTimer0
		_OpenTimer1
		_i2c_configure_slave
		_OpenUSART
		_enable_interrupts
		_block_on_To_msgqueues
		_ToMainHigh_recvmsg
		_timer0_lthread
		_start_i2c_slave_reply
		_ToMainLow_recvmsg
		_timer1_lthread
		_uart_lthread
 This function is called by:
		Startup code after reset
 This function uses a non-reentrant model


 *************** function _enable_interrupts *****************
 Defined at:
		line 14 in file "../src/interrupts.c"
 Parameters:    Size  Location     Type
		None
 Auto vars:     Size  Location     Type
		None
 Return value:  Size  Location     Type
		None               void
 Registers used:
		None
 Tracked objects:
		On entry : 
		On exit  : 
		Unchanged: 
 Data sizes:     COMRAM   BANK0   BANK1   BANK2   BANK3   BANK4   BANK5   BANK6   BANK7   BANK8   BANK9  BANK10  BANK11  BANK12
      Params:         0       0       0       0       0       0       0       0       0       0       0       0       0       0
      Locals:         0       0       0       0       0       0       0       0       0       0       0       0       0       0
      Temps:          0       0       0       0       0       0       0       0       0       0       0       0       0       0
      Totals:         0       0       0       0       0       0       0       0       0       0       0       0       0       0
Total ram usage:        0 bytes
 Hardware stack levels used:    1
 Hardware stack levels required when called:   10
 This function calls:
		Nothing
 This function is called by:
		_main
 This function uses a non-reentrant model


 *************** function _init_uart_recv *****************
 Defined at:
		line 40 in file "../src/my_uart.c"
 Parameters:    Size  Location     Type
  uc              2    0[BANK1 ] PTR struct __uart_comm
		 -> main@uc(5), 
 Auto vars:     Size  Location     Type
		None
 Return value:  Size  Location     Type
		None               void
 Registers used:
		wreg, fsr2l, fsr2h, status,2, status,0
 Tracked objects:
		On entry : 
		On exit  : 
		Unchanged: 
 Data sizes:     COMRAM   BANK0   BANK1   BANK2   BANK3   BANK4   BANK5   BANK6   BANK7   BANK8   BANK9  BANK10  BANK11  BANK12
      Params:         0       0       2       0       0       0       0       0       0       0       0       0       0       0
      Locals:         0       0       0       0       0       0       0       0       0       0       0       0       0       0
      Temps:          0       0       0       0       0       0       0       0       0       0       0       0       0       0
      Totals:         0       0       2       0       0       0       0       0       0       0       0       0       0       0
Total ram usage:        2 bytes
 Hardware stack levels used:    1
 Hardware stack levels required when called:   10
 This function calls:
		Nothing
 This function is called by:
		_main
 This function uses a non-reentrant model


 *************** function _init_i2c *****************
 Defined at:
		line 268 in file "../src/my_i2c.c"
 Parameters:    Size  Location     Type
  ic              2    0[BANK1 ] PTR struct __i2c_comm
		 -> main@ic(28), 
 Auto vars:     Size  Location     Type
		None
 Return value:  Size  Location     Type
		None               void
 Registers used:
		wreg, fsr2l, fsr2h, status,2, status,0
 Tracked objects:
		On entry : 
		On exit  : 
		Unchanged: 
 Data sizes:     COMRAM   BANK0   BANK1   BANK2   BANK3   BANK4   BANK5   BANK6   BANK7   BANK8   BANK9  BANK10  BANK11  BANK12
      Params:         0       0       2       0       0       0       0       0       0       0       0       0       0       0
      Locals:         0       0       0       0       0       0       0       0       0       0       0       0       0       0
      Temps:          0       0       0       0       0       0       0       0       0       0       0       0       0       0
      Totals:         0       0       2       0       0       0       0       0       0       0       0       0       0       0
Total ram usage:        2 bytes
 Hardware stack levels used:    1
 Hardware stack levels required when called:   10
 This function calls:
		Nothing
 This function is called by:
		_main
 This function uses a non-reentrant model


 *************** function _init_timer1_lthread *****************
 Defined at:
		line 6 in file "../src/timer1_thread.c"
 Parameters:    Size  Location     Type
  tptr            2    0[BANK1 ] PTR struct __timer1_thre
		 -> main@t1thread_data(2), 
 Auto vars:     Size  Location     Type
		None
 Return value:  Size  Location     Type
		None               void
 Registers used:
		wreg, fsr2l, fsr2h
 Tracked objects:
		On entry : 
		On exit  : 
		Unchanged: 
 Data sizes:     COMRAM   BANK0   BANK1   BANK2   BANK3   BANK4   BANK5   BANK6   BANK7   BANK8   BANK9  BANK10  BANK11  BANK12
      Params:         0       0       2       0       0       0       0       0       0       0       0       0       0       0
      Locals:         0       0       0       0       0       0       0       0       0       0       0       0       0       0
      Temps:          0       0       0       0       0       0       0       0       0       0       0       0       0       0
      Totals:         0       0       2       0       0       0       0       0       0       0       0       0       0       0
Total ram usage:        2 bytes
 Hardware stack levels used:    1
 Hardware stack levels required when called:   10
 This function calls:
		Nothing
 This function is called by:
		_main
 This function uses a non-reentrant model


 *************** function _init_queues *****************
 Defined at:
		line 194 in file "../src/messages.c"
 Parameters:    Size  Location     Type
		None
 Auto vars:     Size  Location     Type
		None
 Return value:  Size  Location     Type
		None               void
 Registers used:
		wreg, fsr2l, fsr2h, status,2, status,0, prodl, prodh, cstack
 Tracked objects:
		On entry : 
		On exit  : 
		Unchanged: 
 Data sizes:     COMRAM   BANK0   BANK1   BANK2   BANK3   BANK4   BANK5   BANK6   BANK7   BANK8   BANK9  BANK10  BANK11  BANK12
      Params:         0       0       0       0       0       0       0       0       0       0       0       0       0       0
      Locals:         0       0       0       0       0       0       0       0       0       0       0       0       0       0
      Temps:          0       0       1       0       0       0       0       0       0       0       0       0       0       0
      Totals:         0       0       1       0       0       0       0       0       0       0       0       0       0       0
Total ram usage:        1 bytes
 Hardware stack levels used:    1
 Hardware stack levels required when called:   11
 This function calls:
		_init_queue
 This function is called by:
		_main
 This function uses a non-reentrant model


 *************** function _OpenTimer0 *****************
 Defined at:
		line 19 in file "plib/Timers/t0open.c"
 Parameters:    Size  Location     Type
  config          1   51[BANK0 ] unsigned char 
 Auto vars:     Size  Location     Type
		None
 Return value:  Size  Location     Type
		None               void
 Registers used:
		wreg, status,2, status,0
 Tracked objects:
		On entry : 
		On exit  : 
		Unchanged: 
 Data sizes:     COMRAM   BANK0   BANK1   BANK2   BANK3   BANK4   BANK5   BANK6   BANK7   BANK8   BANK9  BANK10  BANK11  BANK12
      Params:         0       1       0       0       0       0       0       0       0       0       0       0       0       0
      Locals:         0       0       0       0       0       0       0       0       0       0       0       0       0       0
      Temps:          0       0       0       0       0       0       0       0       0       0       0       0       0       0
      Totals:         0       1       0       0       0       0       0       0       0       0       0       0       0       0
Total ram usage:        1 bytes
 Hardware stack levels used:    1
 Hardware stack levels required when called:   10
 This function calls:
		Nothing
 This function is called by:
		_main
 This function uses a non-reentrant model


 *************** function _OpenTimer1 *****************
 Defined at:
		line 17 in file "plib/Timers/t1open.c"
 Parameters:    Size  Location     Type
  config          1   51[BANK0 ] unsigned char 
 Auto vars:     Size  Location     Type
		None
 Return value:  Size  Location     Type
		None               void
 Registers used:
		wreg, status,2, status,0
 Tracked objects:
		On entry : 
		On exit  : 
		Unchanged: 
 Data sizes:     COMRAM   BANK0   BANK1   BANK2   BANK3   BANK4   BANK5   BANK6   BANK7   BANK8   BANK9  BANK10  BANK11  BANK12
      Params:         0       1       0       0       0       0       0       0       0       0       0       0       0       0
      Locals:         0       0       0       0       0       0       0       0       0       0       0       0       0       0
      Temps:          0       0       0       0       0       0       0       0       0       0       0       0       0       0
      Totals:         0       1       0       0       0       0       0       0       0       0       0       0       0       0
Total ram usage:        1 bytes
 Hardware stack levels used:    1
 Hardware stack levels required when called:   10
 This function calls:
		Nothing
 This function is called by:
		_main
 This function uses a non-reentrant model


 *************** function _i2c_configure_slave *****************
 Defined at:
		line 279 in file "../src/my_i2c.c"
 Parameters:    Size  Location     Type
  addr            1   51[BANK0 ] unsigned char 
 Auto vars:     Size  Location     Type
		None
 Return value:  Size  Location     Type
		None               void
 Registers used:
		wreg, status,2, status,0
 Tracked objects:
		On entry : 
		On exit  : 
		Unchanged: 
 Data sizes:     COMRAM   BANK0   BANK1   BANK2   BANK3   BANK4   BANK5   BANK6   BANK7   BANK8   BANK9  BANK10  BANK11  BANK12
      Params:         0       1       0       0       0       0       0       0       0       0       0       0       0       0
      Locals:         0       0       0       0       0       0       0       0       0       0       0       0       0       0
      Temps:          0       0       0       0       0       0       0       0       0       0       0       0       0       0
      Totals:         0       1       0       0       0       0       0       0       0       0       0       0       0       0
Total ram usage:        1 bytes
 Hardware stack levels used:    1
 Hardware stack levels required when called:   10
 This function calls:
		Nothing
 This function is called by:
		_main
 This function uses a non-reentrant model


 *************** function _OpenUSART *****************
 Defined at:
		line 74 in file "plib/USART/uopen.c"
 Parameters:    Size  Location     Type
  config          1    0[BANK1 ] unsigned char 
  spbrg           2    1[BANK1 ] unsigned int 
 Auto vars:     Size  Location     Type
		None
 Return value:  Size  Location     Type
		None               void
 Registers used:
		wreg, status,2
 Tracked objects:
		On entry : 
		On exit  : 
		Unchanged: 
 Data sizes:     COMRAM   BANK0   BANK1   BANK2   BANK3   BANK4   BANK5   BANK6   BANK7   BANK8   BANK9  BANK10  BANK11  BANK12
      Params:         0       0       3       0       0       0       0       0       0       0       0       0       0       0
      Locals:         0       0       0       0       0       0       0       0       0       0       0       0       0       0
      Temps:          0       0       0       0       0       0       0       0       0       0       0       0       0       0
      Totals:         0       0       3       0       0       0       0       0       0       0       0       0       0       0
Total ram usage:        3 bytes
 Hardware stack levels used:    1
 Hardware stack levels required when called:   10
 This function calls:
		Nothing
 This function is called by:
		_main
 This function uses a non-reentrant model


 *************** function _block_on_To_msgqueues *****************
 Defined at:
		line 258 in file "../src/messages.c"
 Parameters:    Size  Location     Type
		None
 Auto vars:     Size  Location     Type
		None
 Return value:  Size  Location     Type
		None               void
 Registers used:
		wreg, fsr2l, fsr2h, status,2, status,0, prodl, prodh, cstack
 Tracked objects:
		On entry : 
		On exit  : 
		Unchanged: 
 Data sizes:     COMRAM   BANK0   BANK1   BANK2   BANK3   BANK4   BANK5   BANK6   BANK7   BANK8   BANK9  BANK10  BANK11  BANK12
      Params:         0       0       0       0       0       0       0       0       0       0       0       0       0       0
      Locals:         0       0       0       0       0       0       0       0       0       0       0       0       0       0
      Temps:          0       0       1       0       0       0       0       0       0       0       0       0       0       0
      Totals:         0       0       1       0       0       0       0       0       0       0       0       0       0       0
Total ram usage:        1 bytes
 Hardware stack levels used:    1
 Hardware stack levels required when called:   13
 This function calls:
		_in_main
		_check_msg
		_Delay1KTCYx
 This function is called by:
		_main
 This function uses a non-reentrant model


 *************** function _in_main *****************
 Defined at:
		line 40 in file "../src/interrupts.c"
 Parameters:    Size  Location     Type
		None
 Auto vars:     Size  Location     Type
		None
 Return value:  Size  Location     Type
                  2    4[BANK1 ] int 
 Registers used:
		wreg, status,2, status,0, cstack
 Tracked objects:
		On entry : 
		On exit  : 
		Unchanged: 
 Data sizes:     COMRAM   BANK0   BANK1   BANK2   BANK3   BANK4   BANK5   BANK6   BANK7   BANK8   BANK9  BANK10  BANK11  BANK12
      Params:         0       0       2       0       0       0       0       0       0       0       0       0       0       0
      Locals:         0       0       0       0       0       0       0       0       0       0       0       0       0       0
      Temps:          0       0       0       0       0       0       0       0       0       0       0       0       0       0
      Totals:         0       0       2       0       0       0       0       0       0       0       0       0       0       0
Total ram usage:        2 bytes
 Hardware stack levels used:    1
 Hardware stack levels required when called:   12
 This function calls:
		_in_low_int
		_in_high_int
 This function is called by:
		_block_on_To_msgqueues
 This function uses a non-reentrant model


 *************** function _in_low_int *****************
 Defined at:
		line 30 in file "../src/interrupts.c"
 Parameters:    Size  Location     Type
		None
 Auto vars:     Size  Location     Type
		None
 Return value:  Size  Location     Type
                  2    2[BANK1 ] int 
 Registers used:
		wreg, status,2, status,0, cstack
 Tracked objects:
		On entry : 
		On exit  : 
		Unchanged: 
 Data sizes:     COMRAM   BANK0   BANK1   BANK2   BANK3   BANK4   BANK5   BANK6   BANK7   BANK8   BANK9  BANK10  BANK11  BANK12
      Params:         0       0       2       0       0       0       0       0       0       0       0       0       0       0
      Locals:         0       0       0       0       0       0       0       0       0       0       0       0       0       0
      Temps:          0       0       0       0       0       0       0       0       0       0       0       0       0       0
      Totals:         0       0       2       0       0       0       0       0       0       0       0       0       0       0
Total ram usage:        2 bytes
 Hardware stack levels used:    1
 Hardware stack levels required when called:   11
 This function calls:
		_in_high_int
 This function is called by:
		_in_main
 This function uses a non-reentrant model


 *************** function _in_high_int *****************
 Defined at:
		line 22 in file "../src/interrupts.c"
 Parameters:    Size  Location     Type
		None
 Auto vars:     Size  Location     Type
		None
 Return value:  Size  Location     Type
                  2    0[BANK1 ] int 
 Registers used:
		wreg, status,2
 Tracked objects:
		On entry : 
		On exit  : 
		Unchanged: 
 Data sizes:     COMRAM   BANK0   BANK1   BANK2   BANK3   BANK4   BANK5   BANK6   BANK7   BANK8   BANK9  BANK10  BANK11  BANK12
      Params:         0       0       2       0       0       0       0       0       0       0       0       0       0       0
      Locals:         0       0       0       0       0       0       0       0       0       0       0       0       0       0
      Temps:          0       0       0       0       0       0       0       0       0       0       0       0       0       0
      Totals:         0       0       2       0       0       0       0       0       0       0       0       0       0       0
Total ram usage:        2 bytes
 Hardware stack levels used:    1
 Hardware stack levels required when called:   10
 This function calls:
		Nothing
 This function is called by:
		_in_low_int
		_in_main
 This function uses a non-reentrant model


 *************** function _ToMainHigh_recvmsg *****************
 Defined at:
		line 135 in file "../src/messages.c"
 Parameters:    Size  Location     Type
  maxlength       1   24[BANK1 ] unsigned char 
  msgtype         2   25[BANK1 ] PTR unsigned char 
		 -> main@msgtype(1), 
  data            2   27[BANK1 ] PTR void 
		 -> main@msgbuffer(11), 
 Auto vars:     Size  Location     Type
		None
 Return value:  Size  Location     Type
                  1    wreg      char 
 Registers used:
		wreg, fsr1l, fsr1h, fsr2l, fsr2h, status,2, status,0, prodl, prodh, cstack
 Tracked objects:
		On entry : 
		On exit  : 
		Unchanged: 
 Data sizes:     COMRAM   BANK0   BANK1   BANK2   BANK3   BANK4   BANK5   BANK6   BANK7   BANK8   BANK9  BANK10  BANK11  BANK12
      Params:         0       0       5       0       0       0       0       0       0       0       0       0       0       0
      Locals:         0       0       0       0       0       0       0       0       0       0       0       0       0       0
      Temps:          0       0       0       0       0       0       0       0       0       0       0       0       0       0
      Totals:         0       0       5       0       0       0       0       0       0       0       0       0       0       0
Total ram usage:        5 bytes
 Hardware stack levels used:    1
 Hardware stack levels required when called:   12
 This function calls:
		_recv_msg
 This function is called by:
		_main
 This function uses a non-reentrant model


 *************** function _timer0_lthread *****************
 Defined at:
		line 9 in file "../src/timer0_thread.c"
 Parameters:    Size  Location     Type
  tptr            2    0[BANK1 ] PTR struct __timer0_thre
		 -> main@t0thread_data(2), 
  msgtype         2    2[BANK1 ] int 
  length          2    4[BANK1 ] int 
  msgbuffer       2    6[BANK1 ] PTR unsigned char 
		 -> main@msgbuffer(11), 
 Auto vars:     Size  Location     Type
  msgval          2    8[BANK1 ] PTR unsigned int 
		 -> main@msgbuffer(11), 
 Return value:  Size  Location     Type
                  2    0[BANK1 ] int 
 Registers used:
		None
 Tracked objects:
		On entry : 
		On exit  : 
		Unchanged: 
 Data sizes:     COMRAM   BANK0   BANK1   BANK2   BANK3   BANK4   BANK5   BANK6   BANK7   BANK8   BANK9  BANK10  BANK11  BANK12
      Params:         0       0       8       0       0       0       0       0       0       0       0       0       0       0
      Locals:         0       0       2       0       0       0       0       0       0       0       0       0       0       0
      Temps:          0       0       0       0       0       0       0       0       0       0       0       0       0       0
      Totals:         0       0      10       0       0       0       0       0       0       0       0       0       0       0
Total ram usage:       10 bytes
 Hardware stack levels used:    1
 Hardware stack levels required when called:   10
 This function calls:
		Nothing
 This function is called by:
		_main
 This function uses a non-reentrant model


 *************** function _start_i2c_slave_reply *****************
 Defined at:
		line 53 in file "../src/my_i2c.c"
 Parameters:    Size  Location     Type
  length          1    0[BANK1 ] unsigned char 
  msg             2    1[BANK1 ] PTR unsigned char 
		 -> main@msgbuffer(11), 
 Auto vars:     Size  Location     Type
		None
 Return value:  Size  Location     Type
		None               void
 Registers used:
		wreg, fsr1l, fsr1h, fsr2l, fsr2h, status,2, status,0, prodl, prodh
 Tracked objects:
		On entry : 
		On exit  : 
		Unchanged: 
 Data sizes:     COMRAM   BANK0   BANK1   BANK2   BANK3   BANK4   BANK5   BANK6   BANK7   BANK8   BANK9  BANK10  BANK11  BANK12
      Params:         0       0       3       0       0       0       0       0       0       0       0       0       0       0
      Locals:         0       0       0       0       0       0       0       0       0       0       0       0       0       0
      Temps:          0       0       2       0       0       0       0       0       0       0       0       0       0       0
      Totals:         0       0       5       0       0       0       0       0       0       0       0       0       0       0
Total ram usage:        5 bytes
 Hardware stack levels used:    1
 Hardware stack levels required when called:   10
 This function calls:
		Nothing
 This function is called by:
		_main
 This function uses a non-reentrant model


 *************** function _ToMainLow_recvmsg *****************
 Defined at:
		line 112 in file "../src/messages.c"
 Parameters:    Size  Location     Type
  maxlength       1   24[BANK1 ] unsigned char 
  msgtype         2   25[BANK1 ] PTR unsigned char 
		 -> main@msgtype(1), 
  data            2   27[BANK1 ] PTR void 
		 -> main@msgbuffer(11), 
 Auto vars:     Size  Location     Type
		None
 Return value:  Size  Location     Type
                  1    wreg      char 
 Registers used:
		wreg, fsr1l, fsr1h, fsr2l, fsr2h, status,2, status,0, prodl, prodh, cstack
 Tracked objects:
		On entry : 
		On exit  : 
		Unchanged: 
 Data sizes:     COMRAM   BANK0   BANK1   BANK2   BANK3   BANK4   BANK5   BANK6   BANK7   BANK8   BANK9  BANK10  BANK11  BANK12
      Params:         0       0       5       0       0       0       0       0       0       0       0       0       0       0
      Locals:         0       0       0       0       0       0       0       0       0       0       0       0       0       0
      Temps:          0       0       0       0       0       0       0       0       0       0       0       0       0       0
      Totals:         0       0       5       0       0       0       0       0       0       0       0       0       0       0
Total ram usage:        5 bytes
 Hardware stack levels used:    1
 Hardware stack levels required when called:   12
 This function calls:
		_recv_msg
 This function is called by:
		_main
 This function uses a non-reentrant model


 *************** function _timer1_lthread *****************
 Defined at:
		line 14 in file "../src/timer1_thread.c"
 Parameters:    Size  Location     Type
  tptr            2   25[BANK1 ] PTR struct __timer1_thre
		 -> main@t1thread_data(2), 
  msgtype         2   27[BANK1 ] int 
  length          2   29[BANK1 ] int 
  msgbuffer       2   31[BANK1 ] PTR unsigned char 
		 -> main@msgbuffer(11), 
 Auto vars:     Size  Location     Type
  retval          1   35[BANK1 ] char 
 Return value:  Size  Location     Type
                  2   25[BANK1 ] int 
 Registers used:
		wreg, fsr1l, fsr1h, fsr2l, fsr2h, status,2, status,0, prodl, prodh, cstack
 Tracked objects:
		On entry : 
		On exit  : 
		Unchanged: 
 Data sizes:     COMRAM   BANK0   BANK1   BANK2   BANK3   BANK4   BANK5   BANK6   BANK7   BANK8   BANK9  BANK10  BANK11  BANK12
      Params:         0       0       8       0       0       0       0       0       0       0       0       0       0       0
[...]
Total ram usage:        4 bytes
 Hardware stack levels used:    1
 Hardware stack levels required when called:    2
 This function calls:
		i2_send_msg
 This function is called by:
		_i2c_int_handler
		_timer0_int_handler
 This function uses a non-reentrant model


 *************** function _FromMainHigh_recvmsg *****************
 Defined at:
		line 183 in file "../src/messages.c"
 Parameters:    Size  Location     Type
  maxlength       1   24[BANK0 ] unsigned char 
  msgtype         2   25[BANK0 ] PTR unsigned char 
		 -> timer0_int_handler@msgtype(2), 
  data            2   27[BANK0 ] PTR void 
		 -> timer0_int_handler@val(2), 
 Auto vars:     Size  Location     Type
		None
 Return value:  Size  Location     Type
                  1    wreg      char 
 Registers used:
		wreg, fsr1l, fsr1h, fsr2l, fsr2h, status,2, status,0, prodl, prodh, cstack
 Tracked objects:
		On entry : 
		On exit  : 
		Unchanged: 
 Data sizes:     COMRAM   BANK0   BANK1   BANK2   BANK3   BANK4   BANK5   BANK6   BANK7   BANK8   BANK9  BANK10  BANK11  BANK12
      Params:         0       5       0       0       0       0       0       0       0       0       0       0       0       0
      Locals:         0       0       0       0       0       0       0       0       0       0       0       0       0       0
      Temps:          0       0       0       0       0       0       0       0       0       0       0       0       0       0
      Totals:         0       5       0       0       0       0       0       0       0       0       0       0       0       0
Total ram usage:        5 bytes
 Hardware stack levels used:    1
 Hardware stack levels required when called:    2
 This function calls:
		i2_recv_msg
 This function is called by:
		_timer0_int_handler
 This function uses a non-reentrant model


 *************** function _enter_sleep_mode *****************
 Defined at:
		line 202 in file "../src/messages.c"
 Parameters:    Size  Location     Type
		None
 Auto vars:     Size  Location     Type
		None
 Return value:  Size  Location     Type
		None               void
 Registers used:
		None
 Tracked objects:
		On entry : 
		On exit  : 
		Unchanged: 
 Data sizes:     COMRAM   BANK0   BANK1   BANK2   BANK3   BANK4   BANK5   BANK6   BANK7   BANK8   BANK9  BANK10  BANK11  BANK12
      Params:         0       0       0       0       0       0       0       0       0       0       0       0       0       0
      Locals:         0       0       0       0       0       0       0       0       0       0       0       0       0       0
      Temps:          0       0       0       0       0       0       0       0       0       0       0       0       0       0
      Totals:         0       0       0       0       0       0       0       0       0       0       0       0       0       0
Total ram usage:        0 bytes
 Hardware stack levels used:    1
 This function calls:
		Nothing
 This function is called by:
		_SleepIfOkay
 This function uses a non-reentrant model


 *************** function _handle_start *****************
 Defined at:
		line 71 in file "../src/my_i2c.c"
 Parameters:    Size  Location     Type
  data_read       1    0[BANK0 ] unsigned char 
 Auto vars:     Size  Location     Type
		None
 Return value:  Size  Location     Type
		None               void
 Registers used:
		wreg, fsr2l, fsr2h, status,2, status,0
 Tracked objects:
		On entry : 
		On exit  : 
		Unchanged: 
 Data sizes:     COMRAM   BANK0   BANK1   BANK2   BANK3   BANK4   BANK5   BANK6   BANK7   BANK8   BANK9  BANK10  BANK11  BANK12
      Params:         0       1       0       0       0       0       0       0       0       0       0       0       0       0
      Locals:         0       0       0       0       0       0       0       0       0       0       0       0       0       0
      Temps:          0       0       0       0       0       0       0       0       0       0       0       0       0       0
      Totals:         0       1       0       0       0       0       0       0       0       0       0       0       0       0
Total ram usage:        1 bytes
 Hardware stack levels used:    1
 This function calls:
		Nothing
 This function is called by:
		_i2c_int_handler
 This function uses a non-reentrant model


 *************** function _WriteTimer0 *****************
 Defined at:
		line 17 in file "plib/Timers/t0write.c"
 Parameters:    Size  Location     Type
  timer0          2    0[BANK0 ] unsigned int 
 Auto vars:     Size  Location     Type
  timer           2    2[BANK0 ] struct Timers
 Return value:  Size  Location     Type
		None               void
 Registers used:
		None
 Tracked objects:
		On entry : 
		On exit  : 
		Unchanged: 
 Data sizes:     COMRAM   BANK0   BANK1   BANK2   BANK3   BANK4   BANK5   BANK6   BANK7   BANK8   BANK9  BANK10  BANK11  BANK12
      Params:         0       2       0       0       0       0       0       0       0       0       0       0       0       0
      Locals:         0       2       0       0       0       0       0       0       0       0       0       0       0       0
      Temps:          0       0       0       0       0       0       0       0       0       0       0       0       0       0
      Totals:         0       4       0       0       0       0       0       0       0       0       0       0       0       0
Total ram usage:        4 bytes
 Hardware stack levels used:    1
 This function calls:
		Nothing
 This function is called by:
		_timer0_int_handler
 This function uses a non-reentrant model


 *************** function i2_in_low_int *****************
 Defined at:
		line 30 in file "../src/interrupts.c"
 Parameters:    Size  Location     Type
		None
 Auto vars:     Size  Location     Type
		None
 Return value:  Size  Location     Type
                  2    2[BANK0 ] int 
 Registers used:
		wreg, status,2, status,0, cstack
 Tracked objects:
		On entry : 
		On exit  : 
		Unchanged: 
 Data sizes:     COMRAM   BANK0   BANK1   BANK2   BANK3   BANK4   BANK5   BANK6   BANK7   BANK8   BANK9  BANK10  BANK11  BANK12
      Params:         0       2       0       0       0       0       0       0       0       0       0       0       0       0
      Locals:         0       0       0       0       0       0       0       0       0       0       0       0       0       0
      Temps:          0       0       0       0       0       0       0       0       0       0       0       0       0       0
      Totals:         0       2       0       0       0       0       0       0       0       0       0       0       0       0
Total ram usage:        2 bytes
 Hardware stack levels used:    1
 Hardware stack levels required when called:    1
 This function calls:
		i2_in_high_int
 This function is called by:
		_SleepIfOkay
 This function uses a non-reentrant model


 *************** function i2_in_high_int *****************
 Defined at:
		line 22 in file "../src/interrupts.c"
 Parameters:    Size  Location     Type
		None
 Auto vars:     Size  Location     Type
		None
 Return value:  Size  Location     Type
                  2    0[BANK0 ] int 
 Registers used:
		wreg, status,2
 Tracked objects:
		On entry : 
		On exit  : 
		Unchanged: 
 Data sizes:     COMRAM   BANK0   BANK1   BANK2   BANK3   BANK4   BANK5   BANK6   BANK7   BANK8   BANK9  BANK10  BANK11  BANK12
      Params:         0       2       0       0       0       0       0       0       0       0       0       0       0       0
      Locals:         0       0       0       0       0       0       0       0       0       0       0       0       0       0
      Temps:          0       0       0       0       0       0       0       0       0       0       0       0       0       0
      Totals:         0       2       0       0       0       0       0       0       0       0       0       0       0       0
Total ram usage:        2 bytes
 Hardware stack levels used:    1
 This function calls:
		Nothing
 This function is called by:
		_SleepIfOkay
		i2_in_low_int
 This function uses a non-reentrant model


 *************** function i2_send_msg *****************
 Defined at:
		line 24 in file "../src/messages.c"
 Parameters:    Size  Location     Type
  send_msg        2   10[BANK0 ] PTR struct __msg_queue
		 -> FromMainHigh_MQ(54), FromMainLow_MQ(54), ToMainHigh_MQ(54), ToMainLow_MQ(54), 
  send_msg        1   12[BANK0 ] unsigned char 
  send_msg        1   13[BANK0 ] unsigned char 
  send_msg        2   14[BANK0 ] PTR void 
		 -> timer0_int_handler@val(2), NULL(0), i2c_int_handler@error_buf(3), main@t1thread_data(2), 
		 -> main@ic(28), main@uc(5), 
 Auto vars:     Size  Location     Type
  send_msg        2   20[BANK0 ] PTR struct __msg
		 -> FromMainHigh_MQ(54), FromMainLow_MQ(54), ToMainHigh_MQ(54), ToMainLow_MQ(54), 
  send_msg        2   17[BANK0 ] unsigned int 
  send_msg        1   19[BANK0 ] unsigned char 
 Return value:  Size  Location     Type
                  1    wreg      char 
 Registers used:
		wreg, fsr1l, fsr1h, fsr2l, fsr2h, status,2, status,0, prodl, prodh, cstack
 Tracked objects:
		On entry : 
		On exit  : 
		Unchanged: 
 Data sizes:     COMRAM   BANK0   BANK1   BANK2   BANK3   BANK4   BANK5   BANK6   BANK7   BANK8   BANK9  BANK10  BANK11  BANK12
      Params:         0       6       0       0       0       0       0       0       0       0       0       0       0       0
      Locals:         0       5       0       0       0       0       0       0       0       0       0       0       0       0
      Temps:          0       1       0       0       0       0       0       0       0       0       0       0       0       0
      Totals:         0      12       0       0       0       0       0       0       0       0       0       0       0       0
Total ram usage:       12 bytes
 Hardware stack levels used:    1
 Hardware stack levels required when called:    1
 This function calls:
		i2_memcpy
 This function is called by:
		_ToMainHigh_sendmsg
 This function uses a non-reentrant model


 *************** function i2_recv_msg *****************
 Defined at:
		line 63 in file "../src/messages.c"
 Parameters:    Size  Location     Type
  recv_msg        2   10[BANK0 ] PTR struct __msg_queue
		 -> FromMainHigh_MQ(54), FromMainLow_MQ(54), ToMainHigh_MQ(54), ToMainLow_MQ(54), 
  recv_msg        1   12[BANK0 ] unsigned char 
  recv_msg        2   13[BANK0 ] PTR unsigned char 
		 -> timer0_int_handler@msgtype(2), main@msgtype(1), 
  recv_msg        2   15[BANK0 ] PTR void 
		 -> timer0_int_handler@val(2), main@msgbuffer(11), 
 Auto vars:     Size  Location     Type
  recv_msg        2   22[BANK0 ] PTR struct __msg
		 -> FromMainHigh_MQ(54), FromMainLow_MQ(54), ToMainHigh_MQ(54), ToMainLow_MQ(54), 
  recv_msg        2   20[BANK0 ] unsigned int 
  recv_msg        1   19[BANK0 ] unsigned char 
 Return value:  Size  Location     Type
                  1    wreg      char 
 Registers used:
		wreg, fsr1l, fsr1h, fsr2l, fsr2h, status,2, status,0, prodl, prodh, cstack
 Tracked objects:
		On entry : 
		On exit  : 
		Unchanged: 
 Data sizes:     COMRAM   BANK0   BANK1   BANK2   BANK3   BANK4   BANK5   BANK6   BANK7   BANK8   BANK9  BANK10  BANK11  BANK12
      Params:         0       7       0       0       0       0       0       0       0       0       0       0       0       0
      Locals:         0       5       0       0       0       0       0       0       0       0       0       0       0       0
      Temps:          0       2       0       0       0       0       0       0       0       0       0       0       0       0
      Totals:         0      14       0       0       0       0       0       0       0       0       0       0       0       0
Total ram usage:       14 bytes
 Hardware stack levels used:    1
 Hardware stack levels required when called:    1
 This function calls:
		i2_memcpy
 This function is called by:
		_FromMainHigh_recvmsg
 This function uses a non-reentrant model


 *************** function i2_check_msg *****************
 Defined at:
		line 222 in file "../src/messages.c"
 Parameters:    Size  Location     Type
  check_msg       2    0[BANK0 ] PTR struct __msg_queue
		 -> ToMainHigh_MQ(54), ToMainLow_MQ(54), 
 Auto vars:     Size  Location     Type
		None
 Return value:  Size  Location     Type
                  1    wreg      unsigned char 
 Registers used:
		wreg, fsr2l, fsr2h, status,2, status,0, prodl, prodh
 Tracked objects:
		On entry : 
		On exit  : 
		Unchanged: 
 Data sizes:     COMRAM   BANK0   BANK1   BANK2   BANK3   BANK4   BANK5   BANK6   BANK7   BANK8   BANK9  BANK10  BANK11  BANK12
      Params:         0       2       0       0       0       0       0       0       0       0       0       0       0       0
      Locals:         0       0       0       0       0       0       0       0       0       0       0       0       0       0
      Temps:          0       1       0       0       0       0       0       0       0       0       0       0       0       0
      Totals:         0       3       0       0       0       0       0       0       0       0       0       0       0       0
Total ram usage:        3 bytes
 Hardware stack levels used:    1
 This function calls:
		Nothing
 This function is called by:
		_SleepIfOkay
 This function uses a non-reentrant model


 *************** function i2_memcpy *****************
 Defined at:
		line 13 in file "C:\Program Files\Microchip\xc8\v1.12\sources\memcpy.c"
 Parameters:    Size  Location     Type
  memcpy          2    0[BANK0 ] PTR void 
		 -> timer0_int_handler@val(2), FromMainHigh_MQ(54), FromMainLow_MQ(54), ToMainHigh_MQ(54), 
		 -> ToMainLow_MQ(54), main@msgbuffer(11), 
  memcpy          2    2[BANK0 ] PTR const void 
		 -> timer0_int_handler@val(2), NULL(0), i2c_int_handler@error_buf(3), FromMainHigh_MQ(54), 
		 -> FromMainLow_MQ(54), ToMainHigh_MQ(54), ToMainLow_MQ(54), main@t1thread_data(2), 
		 -> main@ic(28), main@uc(5), 
  memcpy          2    4[BANK0 ] unsigned int 
 Auto vars:     Size  Location     Type
  memcpy          2    8[BANK0 ] PTR const unsigned char 
		 -> timer0_int_handler@val(2), NULL(0), i2c_int_handler@error_buf(3), FromMainHigh_MQ(54), 
		 -> FromMainLow_MQ(54), ToMainHigh_MQ(54), ToMainLow_MQ(54), main@t1thread_data(2), 
		 -> main@ic(28), main@uc(5), 
  memcpy          2    6[BANK0 ] PTR unsigned char 
		 -> timer0_int_handler@val(2), FromMainHigh_MQ(54), FromMainLow_MQ(54), ToMainHigh_MQ(54), 
		 -> ToMainLow_MQ(54), main@msgbuffer(11), 
 Return value:  Size  Location     Type
                  2    0[BANK0 ] PTR void 
 Registers used:
		wreg, fsr1l, fsr1h, fsr2l, fsr2h, status,2, status,0
 Tracked objects:
		On entry : 
		On exit  : 
		Unchanged: 
 Data sizes:     COMRAM   BANK0   BANK1   BANK2   BANK3   BANK4   BANK5   BANK6   BANK7   BANK8   BANK9  BANK10  BANK11  BANK12
      Params:         0       6       0       0       0       0       0       0       0       0       0       0       0       0
      Locals:         0       4       0       0       0       0       0       0       0       0       0       0       0       0
      Temps:          0       0       0       0       0       0       0       0       0       0       0       0       0       0
      Totals:         0      10       0       0       0       0       0       0       0       0       0       0       0       0
Total ram usage:       10 bytes
 Hardware stack levels used:    1
 This function calls:
		Nothing
 This function is called by:
		i2_send_msg
		i2_recv_msg
 This function uses a non-reentrant model



MODULE INFORMATION

Module		Function		Class		Link	Load	Size
plib/Timers/t0open.c
		_OpenTimer0    		CODE           	1E52	0000	42

plib/Timers/t0open.c estimated size: 42

plib/Timers/t1open.c
		_OpenTimer1    		CODE           	1C84	0000	62

plib/Timers/t1open.c estimated size: 62

../src/user_interrupts.c
		_timer0_int_han		CODE           	1354	0000	200
		_timer1_int_han		CODE           	1B9E	0000	80

../src/user_interrupts.c estimated size: 280

../src/timer0_thread.c
		_timer0_lthread		CODE           	1F82	0000	10

../src/timer0_thread.c estimated size: 10

shared
		i1_send_msg    		CODE           	1586	0000	178
		i2_send_msg    		CODE           	1094	0000	262
		i2_in_high_int 		CODE           	1F26	0000	20
		i2_recv_msg    		CODE           	0D3C	0000	320
		__initializatio		CODE           	1EC4	0000	26
		i2_in_low_int  		CODE           	1A3C	0000	94
		i1_memcpy      		CODE           	1C3C	0000	72
		i2_memcpy      		CODE           	1B48	0000	86
		i2_check_msg   		CODE           	1D32	0000	56

shared estimated size: 1114

plib/USART/uopen.c
		_OpenUSART     		CODE           	14D2	0000	180

plib/USART/uopen.c estimated size: 180

C:\Program Files\Microchip\xc8\v1.12\sources\memcpy.c
		_memcpy        		CODE           	1AF2	0000	86

C:\Program Files\Microchip\xc8\v1.12\sources\memcpy.c estimated size: 86

../src/my_i2c.c
		_start_i2c_slav		CODE           	0E7C	0000	274
		_handle_start  		CODE           	127A	0000	218
		_i2c_configure_		CODE           	1E7C	0000	36
		_init_i2c      		CODE           	197C	0000	98
		_i2c_int_handle		CODE           	00C6	0000	1988

../src/my_i2c.c estimated size: 2614

../src/timer1_thread.c
		_timer1_lthread		CODE           	17FE	0000	134
		_init_timer1_lt		CODE           	1F3A	0000	18

../src/timer1_thread.c estimated size: 152

plib/Timers/t0write.c
		_WriteTimer0   		CODE           	1F70	0000	18

plib/Timers/t0write.c estimated size: 18

plib/Timers/t1write.c
		_WriteTimer1   		CODE           	1F5E	0000	18

plib/Timers/t1write.c estimated size: 18

../src/uart_thread.c
		_uart_lthread  		CODE           	1BEE	0000	78

../src/uart_thread.c estimated size: 78

C:\Program Files\Microchip\xc8\v1.12\sources\lwmod.c
		___lwmod       		CODE           	1638	0000	160

C:\Program Files\Microchip\xc8\v1.12\sources\lwmod.c estimated size: 160

../common/d1ktcyx.c
		_Delay1KTCYx   		CODE           	1F12	0000	20

../common/d1ktcyx.c estimated size: 20

../src/interrupts.c
		_enable_interru		CODE           	1F8C	0000	8
		_in_low_int    		CODE           	19DE	0000	94
		_in_main       		CODE           	1A9A	0000	88
		_in_high_int   		CODE           	1EFE	0000	20
		_InterruptHandl		CODE           	0018	0000	170
		_InterruptHandl		CODE           	0008	0000	6134

../src/interrupts.c estimated size: 6514

plib/Timers/t1read.c
		_ReadTimer1    		CODE           	1F4C	0000	18

plib/Timers/t1read.c estimated size: 18

../src/my_uart.c
		_init_uart_recv		CODE           	1EE4	0000	26
		_uart_recv_int_		CODE           	141C	0000	182

../src/my_uart.c estimated size: 208

../src/messages.c
		_ToMainHigh_sen		CODE           	1E26	0000	44
		_ToMainHigh_rec		CODE           	1D6A	0000	48
		_block_on_To_ms		CODE           	119A	0000	224
		_check_msg     		CODE           	1CC2	0000	56
		_ToMainLow_send		CODE           	1EA0	0000	36
		_ToMainLow_recv		CODE           	1D9A	0000	48
		_FromMainHigh_s		CODE           	1DFA	0000	44
		_enter_sleep_mo		CODE           	1F94	0000	6
		_send_msg      		CODE           	0F8E	0000	262
		_FromMainHigh_r		CODE           	1DCA	0000	48
		_init_queue    		CODE           	1884	0000	134
		_init_queues   		CODE           	190A	0000	114
		_recv_msg      		CODE           	0BFC	0000	320
		_SleepIfOkay   		CODE           	16D8	0000	154

../src/messages.c estimated size: 1538

plib/USART/uread.c
		_ReadUSART     		CODE           	1CFA	0000	56

plib/USART/uread.c estimated size: 56

../src/main.c
		_main          		CODE           	088A	0000	882

../src/main.c estimated size: 882

